Microchip MPLAB XC8 Compiler V1.21 ()

Linker command line:

-W9 --edf=C:\Program Files (x86)\Microchip\xc8\v1.21\dat\en_msgs.txt \
  --UDF=html\Frankfurt_RS-232.X.production.link.html -cs \
  -h+dist/debug/production\Frankfurt_RS-232.X.production.sym \
  --cmf=dist/debug/production\Frankfurt_RS-232.X.production.cmf -z \
  -Q18F2580 -oC:\Users\GRODAN~1\AppData\Local\Temp\s3dg.6 \
  -Mdist/debug/production/Frankfurt_RS-232.X.production.map -E1 -ver=XC8 \
  -ACODE=00h-07FFFh -ACONST=00h-07FFFh -ASMALLCONST=0600h-06FFhx122 \
  -AMEDIUMCONST=0600h-07FFFh -ACOMRAM=01h-05Fh -AABS1=00h-05FFh \
  -ABIGRAM=01h-05FFh -ARAM=060h-0FFh,0100h-01FFhx5 -ABANK0=060h-0FFh \
  -ABANK1=0100h-01FFh -ABANK2=0200h-02FFh -ABANK3=0300h-03FFh \
  -ABANK4=0400h-04FFh -ABANK5=0500h-05FFh \
  -ASFR=0D00h-0DFFhx2,0F00h-0F5Fh,0F60h-0FFFh \
  -preset_vec=00h,intcode,intcodelo=018h,powerup,init,end_init \
  -pramtop=0600h -psmallconst=SMALLCONST -pmediumconst=MEDIUMCONST \
  -pconst=CONST -AFARRAM=00h-00h -ACONFIG=0300000h-030000Dh -pconfig=CONFIG \
  -AIDLOC=0200000h-0200007h -pidloc=IDLOC -AEEDATA=0F00000h-0F000FFh \
  -peeprom_data=EEDATA \
  -prdata=COMRAM,nvrram=COMRAM,nvbit=COMRAM,rbss=COMRAM,rbit=COMRAM \
  -pfarbss=FARRAM,fardata=FARRAM,nvFARRAM=FARRAM \
  -pintsave_regs=BIGRAM,bigbss=BIGRAM,bigdata=BIGRAM -pbss=RAM \
  -pidata=CODE,irdata=CODE,ibigdata=CODE,ifardata=CODE \
  C:\Users\GRODAN~1\AppData\Local\Temp\s3dg.obj \
  dist/debug/production\Frankfurt_RS-232.X.production.obj 

Object code version is 3.11

Machine type is 18F2580

Call graph: (short form)




                Name                               Link     Load   Length Selector   Space Scale
C:\Users\GRODAN~1\AppData\Local\Temp\s3dg.obj
                end_init                            2FA      2FA        4        C       0
                reset_vec                             0        0        4        0       0
                idloc                            200000   200000        8   200000       0
                config                           300000   300000        E   300000       0
dist/debug/production\Frankfurt_RS-232.X.production.obj
                intcodelo                            18       18      2E2        C       0
                mediumconst                        6FB0     6FB0     1050     37D8       0
                text89                             5868     5868       1E        C       0
                text88                             38FC     38FC      12C        C       0
                text87                             4F82     4F82       76        C       0
                text86                             37C2     37C2      13A        C       0
                text85                             2774     2774      20C        C       0
                text84                             46FE     46FE       A8        C       0
                text83                             58EE     58EE       12        C       0
                text81                             5596     5596       40        C       0
                text80                             58DC     58DC       12        C       0
                text79                             5360     5360       50        C       0
                text78                             5908     5908        6        C       0
                text77                             573A     573A       34        C       0
                text76                             4590     4590       B8        C       0
                text75                             5900     5900        8        C       0
                text74                             58CA     58CA       12        C       0
                text73                             5254     5254       5C        C       0
                text72                             584A     584A       1E        C       0
                text71                             5886     5886       1A        C       0
                text70                             4D9E     4D9E       80        C       0
                text69                             5444     5444       48        C       0
                text68                             58B6     58B6       14        C       0
                text67                             5308     5308       58        C       0
                text66                             4F0C     4F0C       76        C       0
                text65                             53FA     53FA       4A        C       0
                text64                             5652     5652       3E        C       0
                text63                             498A     498A       A0        C       0
                text62                             5702     5702       38        C       0
                text61                             4C88     4C88       92        C       0
                text60                             582A     582A       20        C       0
                text59                             4E96     4E96       76        C       0
                text58                             5192     5192       62        C       0
                text57                             576E     576E       32        C       0
                text56                             171A     171A      740        C       0
                text55                             41AA     41AA       D2        C       0
                text54                             4A2A     4A2A       9E        C       0
                text53                             4D1A     4D1A       84        C       0
                text52                             24F2     24F2      282        C       0
                text51                             5556     5556       40        C       0
                text50                             58A0     58A0       16        C       0
                text49                             5068     5068       66        C       0
                text48                             5614     5614       3E        C       0
                text47                             4E1E     4E1E       78        C       0
                text46                             5130     5130       62        C       0
                text45                             54D0     54D0       44        C       0
                text44                             548C     548C       44        C       0
                text43                             4BF6     4BF6       92        C       0
                text42                             3B3C     3B3C      106        C       0
                text41                             2EE0     2EE0      196        C       0
                text40                             2236     2236      2BC        C       0
                text39                             2D22     2D22      1BE        C       0
                text38                             57FC     57FC       2E        C       0
                text37                             3A28     3A28      114        C       0
                text36                             3514     3514      16E        C       0
                text35                             5690     5690       3A        C       0
                text34                             44D4     44D4       BC        C       0
                text33                             47A6     47A6       A4        C       0
                text32                             52B0     52B0       58        C       0
                text31                             427C     427C       CE        C       0
                text30                             3C42     3C42      102        C       0
                text29                             4B62     4B62       94        C       0
                text28                             3D44     3D44       EE        C       0
                text27                             57CE     57CE       2E        C       0
                text26                             434A     434A       CC        C       0
                text25                             53B0     53B0       4A        C       0
                text24                             4002     4002       D6        C       0
                text23                             2980     2980      1DE        C       0
                text22                              2FE      2FE     141C        C       0
                text21                             4FF8     4FF8       70        C       0
                text20                             56CA     56CA       38        C       0
                text19                             51F4     51F4       60        C       0
                text18                             3390     3390      184        C       0
                text17                             3682     3682      140        C       0
                text16                             57A0     57A0       2E        C       0
                text15                             48EA     48EA       A0        C       0
                text14                             484A     484A       A0        C       0
                text13                             5514     5514       42        C       0
                text12                             3E32     3E32       EA        C       0
                text11                             5910     5910        2        C       0
                text10                             4648     4648       B6        C       0
                text9                              40D8     40D8       D2        C       0
                text8                              4416     4416       BE        C       0
                text7                              2B5E     2B5E      1C4        C       0
                text6                              3F1C     3F1C       E6        C       0
                text5                              3076     3076      18E        C       0
                text4                              55D6     55D6       3E        C       0
                text3                              4AC8     4AC8       9A        C       0
                text2                              1E5A     1E5A      3DC        C       0
                text1                              590E     590E        2        C       0
                text0                              3204     3204      18C        C       0
                cstackCOMRAM                          1        1       21        1       1
                cstackBANK0                          60       60       84       60       1
                cstackBANK2                         280      280       3D      200       1
                bssBIGRAM                           400      400      1EE      400       1
                bssBANK3                            300      300      100      300       1
                bssBANK2                            200      200       80      200       1
                bssBANK1                            100      100       E2      100       1
                bssBANK0                             E4       E4        9       60       1
                bssCOMRAM                            22       22       1E        1       1
                cinit                              50CE     50CE       62        C       0
                nvBANK1                             1E2      1E2        2      100       1

TOTAL           Name                               Link     Load   Length     Space
        CLASS   CODE           
                end_init                            2FA      2FA        4         0
                intcodelo                            18       18      2E2         0
                reset_vec                             0        0        4         0
                text89                             5868     5868       1E         0
                text88                             38FC     38FC      12C         0
                text87                             4F82     4F82       76         0
                text86                             37C2     37C2      13A         0
                text85                             2774     2774      20C         0
                text84                             46FE     46FE       A8         0
                text83                             58EE     58EE       12         0
                text81                             5596     5596       40         0
                text80                             58DC     58DC       12         0
                text79                             5360     5360       50         0
                text78                             5908     5908        6         0
                text77                             573A     573A       34         0
                text76                             4590     4590       B8         0
                text75                             5900     5900        8         0
                text74                             58CA     58CA       12         0
                text73                             5254     5254       5C         0
                text72                             584A     584A       1E         0
                text71                             5886     5886       1A         0
                text70                             4D9E     4D9E       80         0
                text69                             5444     5444       48         0
                text68                             58B6     58B6       14         0
                text67                             5308     5308       58         0
                text66                             4F0C     4F0C       76         0
                text65                             53FA     53FA       4A         0
                text64                             5652     5652       3E         0
                text63                             498A     498A       A0         0
                text62                             5702     5702       38         0
                text61                             4C88     4C88       92         0
                text60                             582A     582A       20         0
                text59                             4E96     4E96       76         0
                text58                             5192     5192       62         0
                text57                             576E     576E       32         0
                text56                             171A     171A      740         0
                text55                             41AA     41AA       D2         0
                text54                             4A2A     4A2A       9E         0
                text53                             4D1A     4D1A       84         0
                text52                             24F2     24F2      282         0
                text51                             5556     5556       40         0
                text50                             58A0     58A0       16         0
                text49                             5068     5068       66         0
                text48                             5614     5614       3E         0
                text47                             4E1E     4E1E       78         0
                text46                             5130     5130       62         0
                text45                             54D0     54D0       44         0
                text44                             548C     548C       44         0
                text43                             4BF6     4BF6       92         0
                text42                             3B3C     3B3C      106         0
                text41                             2EE0     2EE0      196         0
                text40                             2236     2236      2BC         0
                text39                             2D22     2D22      1BE         0
                text38                             57FC     57FC       2E         0
                text37                             3A28     3A28      114         0
                text36                             3514     3514      16E         0
                text35                             5690     5690       3A         0
                text34                             44D4     44D4       BC         0
                text33                             47A6     47A6       A4         0
                text32                             52B0     52B0       58         0
                text31                             427C     427C       CE         0
                text30                             3C42     3C42      102         0
                text29                             4B62     4B62       94         0
                text28                             3D44     3D44       EE         0
                text27                             57CE     57CE       2E         0
                text26                             434A     434A       CC         0
                text25                             53B0     53B0       4A         0
                text24                             4002     4002       D6         0
                text23                             2980     2980      1DE         0
                text22                              2FE      2FE     141C         0
                text21                             4FF8     4FF8       70         0
                text20                             56CA     56CA       38         0
                text19                             51F4     51F4       60         0
                text18                             3390     3390      184         0
                text17                             3682     3682      140         0
                text16                             57A0     57A0       2E         0
                text15                             48EA     48EA       A0         0
                text14                             484A     484A       A0         0
                text13                             5514     5514       42         0
                text12                             3E32     3E32       EA         0
                text11                             5910     5910        2         0
                text10                             4648     4648       B6         0
                text9                              40D8     40D8       D2         0
                text8                              4416     4416       BE         0
                text7                              2B5E     2B5E      1C4         0
                text6                              3F1C     3F1C       E6         0
                text5                              3076     3076      18E         0
                text4                              55D6     55D6       3E         0
                text3                              4AC8     4AC8       9A         0
                text2                              1E5A     1E5A      3DC         0
                text1                              590E     590E        2         0
                text0                              3204     3204      18C         0
                cinit                              50CE     50CE       62         0

        CLASS   CONST          

        CLASS   SMALLCONST     

        CLASS   MEDIUMCONST    
                mediumconst                        6FB0     6FB0     1050         0

        CLASS   COMRAM         
                cstackCOMRAM                          1        1       21         1
                bssCOMRAM                            22       22       1E         1

        CLASS   ABS1           

        CLASS   BIGRAM         
                bssBIGRAM                           400      400      1EE         1

        CLASS   RAM            

        CLASS   BANK0          
                cstackBANK0                          60       60       84         1
                bssBANK0                             E4       E4        9         1

        CLASS   BANK1          
                bssBANK1                            100      100       E2         1
                nvBANK1                             1E2      1E2        2         1

        CLASS   BANK2          
                cstackBANK2                         280      280       3D         1
                bssBANK2                            200      200       80         1

        CLASS   BANK3          
                bssBANK3                            300      300      100         1

        CLASS   BANK4          

        CLASS   BANK5          

        CLASS   SFR            

        CLASS   FARRAM         

        CLASS   CONFIG         
                config                           300000   300000        E         0

        CLASS   IDLOC          
                idloc                            200000   200000        8         0

        CLASS   EEDATA         



SEGMENTS        Name                           Load    Length   Top    Selector   Space  Class

                reset_vec                      000000  000004  000004         0       0  CODE    
                cstackCOMRAM                   000001  00003F  000040         1       1  COMRAM  
                intcodelo                      000018  0058FA  005912         C       0  CODE    
                cstackBANK0                    000060  00008D  0000ED        60       1  BANK0   
                bssBANK1                       000100  0000E4  0001E4       100       1  BANK1   
                bssBANK2                       000200  0000BD  0002BD       200       1  BANK2   
                bssBANK3                       000300  000100  000400       300       1  BANK3   
                bssBIGRAM                      000400  0001EE  0005EE       400       1  BIGRAM  
                mediumconst                    006FB0  001050  008000      37D8       0  MEDIUMCO
                idloc                          200000  000008  200008    200000       0  IDLOC   
                config                         300000  00000E  30000E    300000       0  CONFIG  


UNUSED ADDRESS RANGES

        Name                Unused          Largest block    Delta
        BANK0            0000ED-0000FF               13
        BANK1            0001E4-0001FF               1C
        BANK2            0002BD-0002FF               43
        BANK5            0005EE-0005FF               12
        BIGRAM           000040-00005F               20
                         0000ED-0000FF               13
                         0001E4-0001FF               1C
                         0002BD-0002FF               43
                         0005EE-0005FF               12
        CODE             000004-000017               14
                         005912-006FAF             169E
        COMRAM           000040-00005F               20
        CONST            000004-000017               14
                         005912-006FAF             169E
        EEDATA           F00000-F000FF              100
        MEDIUMCONST      005912-006FAF             169E
        RAM              0000ED-0000FF               13
                         0001E4-0001FF               1C
                         0002BD-0002FF               43
                         0005EE-0005FF               12
        SFR              000D00-000FFF              100
        SMALLCONST       005912-006FAF              100

                                  Symbol Table

?_ECANReceiveMessage                    cstackCOMRAM 00000A
?_ECANSendMessage                       cstackBANK0  00006A
?_OpenUSART                             cstackBANK0  000060
?_Read_b_eep                            cstackBANK0  000060
?_WriteTimer0                           cstackBANK0  000060
?_Write_b_eep                           cstackBANK0  000060
?__CANIDToRegs                          cstackBANK0  000060
?__ECANPointBuffer                      cstackCOMRAM 000001
?__RegsToCANID                          cstackCOMRAM 000001
?___lldiv                               cstackBANK0  000060
?___llmod                               cstackBANK0  00006D
?___lwdiv                               cstackBANK0  000060
?___lwmod                               cstackBANK0  000060
?___wmul                                cstackBANK0  000060
?_atoi                                  cstackBANK0  000066
?_calcCRC                               cstackBANK0  00006C
?_crc8                                  cstackBANK0  000067
?_fifo_getFree                          cstackCOMRAM 000001
?_fifo_init                             cstackBANK0  000060
?_fifo_read                             cstackBANK0  000060
?_fifo_write                            cstackCOMRAM 000001
?_getCANFrame                           cstackBANK0  00006E
?_getVSCPFrame                          cstackBANK0  000072
?_hexStringToBytes                      cstackBANK0  000064
?_itoa                                  cstackBANK0  000070
?_memcpy                                cstackBANK0  000060
?_memset                                cstackBANK0  000060
?_putsUSART                             cstackBANK0  000061
?_readRegister                          cstackBANK0  0000B5
?_readRegisterExtended                  cstackBANK0  0000B5
?_sendCANFrame                          cstackBANK0  00008F
?_sendEscapedUartData                   cstackBANK0  00006C
?_sendVSCPDriverCommandReply            cstackBANK0  00006F
?_sendVSCPFrame                         cstackBANK0  000096
?_setFilter                             cstackBANK0  000060
?_sprintf                               cstackBANK0  000076
?_strcat                                cstackBANK0  000060
?_strchr                                cstackBANK0  000060
?_strcpy                                cstackBANK0  000060
?_strcspn                               cstackBANK0  000066
?_strichr                               cstackBANK0  000061
?_stristr                               cstackBANK0  00006D
?_strlen                                cstackBANK0  000060
?_strnicmp                              cstackBANK0  000064
?_strspn                                cstackBANK0  000066
?_strtok                                cstackBANK0  00006C
?_ultoa                                 cstackBANK0  000076
?_utoa                                  cstackBANK0  000067
?_writeRegisterExtended                 cstackBANK0  0000B5
?i1_WriteTimer0                         cstackCOMRAM 000001
ECANReceiveMessage@data                 cstackCOMRAM 00000C
ECANReceiveMessage@dataLen              cstackCOMRAM 00000E
ECANReceiveMessage@i                    cstackCOMRAM 000012
ECANReceiveMessage@id                   cstackCOMRAM 00000A
ECANReceiveMessage@mode                 cstackCOMRAM 000013
ECANReceiveMessage@msgFlags             cstackCOMRAM 00000F
ECANReceiveMessage@ptr                  cstackCOMRAM 000015
ECANReceiveMessage@savedPtr             cstackCOMRAM 000010
ECANReceiveMessage@temp                 cstackCOMRAM 000014
ECANSendMessage@buffers                 cstackBANK0  000086
ECANSendMessage@data                    cstackBANK0  00006E
ECANSendMessage@dataLen                 cstackBANK0  000070
ECANSendMessage@i                       cstackBANK0  00008C
ECANSendMessage@id                      cstackBANK0  00006A
ECANSendMessage@j                       cstackBANK0  000087
ECANSendMessage@mode                    cstackBANK0  000085
ECANSendMessage@msgFlags                cstackBANK0  000071
ECANSendMessage@pb                      cstackBANK0  000073
ECANSendMessage@ptr                     cstackBANK0  00008D
ECANSendMessage@temp                    cstackBANK0  00008B
ECANSendMessage@tempBSEL0               cstackBANK0  000088
ECANSendMessage@tempPtr                 cstackBANK0  000089
ECANSetOperationMode@mode               cstackBANK0  000060
Interrupt@c                             cstackCOMRAM 000020
Interrupt@fail                          cstackCOMRAM 000021
OpenTimer0@config                       cstackBANK0  000060
OpenUSART@config                        cstackBANK0  000062
OpenUSART@spbrg                         cstackBANK0  000060
PL10                                    text56       001D8C
PL12                                    text88       0039FA
PL14                                    text56       001DAA
PL16                                    text42       003C34
PL18                                    text56       001DBA
PL2                                     text22       0015F4
PL20                                    text86       0038BE
PL22                                    text18       0034F6
PL24                                    text7        002D12
PL26                                    text22       001682
PL28                                    text22       001692
PL30                                    text37       003AE8
PL32                                    text22       0016A6
PL34                                    text55       004260
PL36                                    text56       001DE0
PL38                                    text22       0016B8
PL4                                     text22       001610
PL40                                    text22       0016D2
PL42                                    text15       00497C
PL44                                    text14       0048DC
PL46                                    text37       003AFC
PL48                                    text37       003B0C
PL50                                    text22       0016EC
PL52                                    text56       001DFA
PL54                                    text22       001704
PL56                                    text61       004D04
PL58                                    text56       001E10
PL6                                     text22       00161E
PL60                                    text76       00463C
PL62                                    text56       001E26
PL64                                    text86       0038D4
PL66                                    text6        003FEE
PL68                                    text30       003D30
PL70                                    text37       003B1E
PL72                                    text86       0038E8
PL74                                    text84       004794
PL76                                    text56       001E34
PL78                                    text2        00222A
PL8                                     text22       001638
PL80                                    text5        0031F6
PL82                                    text8        0044C6
PL84                                    text9        00419C
PL86                                    text56       001E46
PL88                                    text57       005790
PL90                                    text18       003506
PL92                                    text85       002972
PL94                                    text81       0055C8
PL96                                    text37       003B32
PL98                                    text56       001E50
ReadUSART@data                          cstackCOMRAM 000001
Read_b_eep@badd                         cstackBANK0  000060
WriteTimer0@timer                       cstackBANK0  000062
WriteTimer0@timer0                      cstackBANK0  000060
WriteUSART@data                         cstackBANK0  000060
Write_b_eep@GIE_BIT_VAL                 cstackBANK0  000063
Write_b_eep@badd                        cstackBANK0  000060
Write_b_eep@bdat                        cstackBANK0  000062
_B0CON                                  (abs)        000E20
_B0RXFUL                                (abs)        007107
_B0TXEN                                 (abs)        006FC2
_B1CON                                  (abs)        000E30
_B1RXFUL                                (abs)        007187
_B1TXEN                                 (abs)        006FC3
_B2CON                                  (abs)        000E40
_B2RXFUL                                (abs)        007207
_B2TXEN                                 (abs)        006FC4
_B3CON                                  (abs)        000E50
_B3RXFUL                                (abs)        007287
_B3TXEN                                 (abs)        006FC5
_B4CON                                  (abs)        000E60
_B4RXFUL                                (abs)        007307
_B4TXEN                                 (abs)        006FC6
_B5CON                                  (abs)        000E70
_B5RXFUL                                (abs)        007387
_B5TXEN                                 (abs)        006FC7
_BRGCON1                                (abs)        000F70
_BRGCON2                                (abs)        000F71
_BRGCON3                                (abs)        000F72
_BSEL0                                  (abs)        000DF8
_Busy_eep                               text78       005908
_CANCON                                 (abs)        000F6F
_CIOCON                                 (abs)        000F73
_COMSTATbits                            (abs)        000F74
_ECANCON                                (abs)        000F77
_ECANInitialize                         text70       004D9E
_ECANReceiveMessage                     text85       002774
_ECANSendMessage                        text36       003514
_ECANSetOperationMode                   text71       005886
_EEADR                                  (abs)        000FA9
_EECON1bits                             (abs)        000FA6
_EECON2                                 (abs)        000FA7
_EEDATA                                 (abs)        000FA8
_ERRIE                                  (abs)        007D1D
_FIFOEMPTY                              (abs)        007BA7
_INTCONbits                             (abs)        000FF2
_IRXIF                                  (abs)        007D27
_Interrupt                              intcodelo    000018
_LATC1                                  (abs)        007C59
_MDSEL0                                 (abs)        007BBE
_MDSEL1                                 (abs)        007BBF
_MSEL0                                  (abs)        000DF0
_MSEL1                                  (abs)        000DF1
_MSEL2                                  (abs)        000DF2
_OSCCONbits                             (abs)        000FD3
_OSCTUNEbits                            (abs)        000F9B
_OpenTimer0                             text72       00584A
_OpenUSART                              text73       005254
_PEIE                                   (abs)        007F96
_PIE1bits                               (abs)        000F9D
_PIR1bits                               (abs)        000F9E
_RCIE                                   (abs)        007CED
_RCIF                                   (abs)        007CF5
_RCIP                                   (abs)        007CFD
_RCREG                                  (abs)        000FAE
_RCSTA                                  (abs)        000FAB
_RCSTAbits                              (abs)        000FAB
_RXB0CON                                (abs)        000F60
_RXB0FILHIT0                            (abs)        007B00
_RXB0FUL                                (abs)        007B07
_RXB0IF                                 (abs)        007D20
_RXB0OVFL                               (abs)        007BA7
_RXB1CON                                (abs)        000F50
_RXB1CONbits                            (abs)        000F50
_RXB1IF                                 (abs)        007D21
_RXB1OVFL                               (abs)        007BA6
_RXBnIE                                 (abs)        007D19
_RXBnIF                                 (abs)        007D21
_RXERRCNT                               (abs)        000F75
_RXF0EIDH                               (abs)        000F02
_RXF0EIDL                               (abs)        000F03
_RXF0SIDH                               (abs)        000F00
_RXF0SIDL                               (abs)        000F01
_RXF10EIDH                              (abs)        000D76
_RXF10EIDL                              (abs)        000D77
_RXF10SIDH                              (abs)        000D74
_RXF10SIDL                              (abs)        000D75
_RXF11EIDH                              (abs)        000D7A
_RXF11EIDL                              (abs)        000D7B
_RXF11SIDH                              (abs)        000D78
_RXF11SIDL                              (abs)        000D79
_RXF12EIDH                              (abs)        000D82
_RXF12EIDL                              (abs)        000D83
_RXF12SIDH                              (abs)        000D80
_RXF12SIDL                              (abs)        000D81
_RXF13EIDH                              (abs)        000D86
_RXF13EIDL                              (abs)        000D87
_RXF13SIDH                              (abs)        000D84
_RXF13SIDL                              (abs)        000D85
_RXF14EIDH                              (abs)        000D8A
_RXF14EIDL                              (abs)        000D8B
_RXF14SIDH                              (abs)        000D88
_RXF14SIDL                              (abs)        000D89
_RXF15EIDH                              (abs)        000D92
_RXF15EIDL                              (abs)        000D93
_RXF15SIDH                              (abs)        000D90
_RXF15SIDL                              (abs)        000D91
_RXF1EIDH                               (abs)        000F06
_RXF1EIDL                               (abs)        000F07
_RXF1SIDH                               (abs)        000F04
_RXF1SIDL                               (abs)        000F05
_RXF2EIDH                               (abs)        000F0A
_RXF2EIDL                               (abs)        000F0B
_RXF2SIDH                               (abs)        000F08
_RXF2SIDL                               (abs)        000F09
_RXF3EIDH                               (abs)        000F0E
_RXF3EIDL                               (abs)        000F0F
_RXF3SIDH                               (abs)        000F0C
_RXF3SIDL                               (abs)        000F0D
_RXF4EIDH                               (abs)        000F12
_RXF4EIDL                               (abs)        000F13
_RXF4SIDH                               (abs)        000F10
_RXF4SIDL                               (abs)        000F11
_RXF5EIDH                               (abs)        000F16
_RXF5EIDL                               (abs)        000F17
_RXF5SIDH                               (abs)        000F14
_RXF5SIDL                               (abs)        000F15
_RXF6EIDH                               (abs)        000D62
_RXF6EIDL                               (abs)        000D63
_RXF6SIDH                               (abs)        000D60
_RXF6SIDL                               (abs)        000D61
_RXF7EIDH                               (abs)        000D66
_RXF7EIDL                               (abs)        000D67
_RXF7SIDH                               (abs)        000D64
_RXF7SIDL                               (abs)        000D65
_RXF8EIDH                               (abs)        000D6A
_RXF8EIDL                               (abs)        000D6B
_RXF8SIDH                               (abs)        000D68
_RXF8SIDL                               (abs)        000D69
_RXF9EIDH                               (abs)        000D72
_RXF9EIDL                               (abs)        000D73
_RXF9SIDH                               (abs)        000D70
_RXF9SIDL                               (abs)        000D71
_RXFBCON0                               (abs)        000DE0
_RXFBCON1                               (abs)        000DE1
_RXFBCON2                               (abs)        000DE2
_RXFBCON3                               (abs)        000DE3
_RXFBCON4                               (abs)        000DE4
_RXFBCON5                               (abs)        000DE5
_RXFBCON6                               (abs)        000DE6
_RXFBCON7                               (abs)        000DE7
_RXFCON0                                (abs)        000DD4
_RXFCON1                                (abs)        000DD5
_RXM0EIDH                               (abs)        000F1A
_RXM0EIDL                               (abs)        000F1B
_RXM0EXIDM                              (abs)        0078CB
_RXM0SIDH                               (abs)        000F18
_RXM0SIDL                               (abs)        000F19
_RXM1EIDH                               (abs)        000F1E
_RXM1EIDL                               (abs)        000F1F
_RXM1EXIDEN                             (abs)        0078EB
_RXM1SIDH                               (abs)        000F1C
_RXM1SIDL                               (abs)        000F1D
_ReadUSART                              text89       005868
_Read_b_eep                             text80       0058DC
_SPBRG                                  (abs)        000FAF
_SPBRGH                                 (abs)        000FB0
_T0CON                                  (abs)        000FD5
_T0CONbits                              (abs)        000FD5
_TMR0H                                  (abs)        000FD7
_TMR0L                                  (abs)        000FD6
_TRISBbits                              (abs)        000F93
_TRISCbits                              (abs)        000F94
_TXB0CON                                (abs)        000F40
_TXB1CON                                (abs)        000F30
_TXB2CON                                (abs)        000F20
_TXERRCNT                               (abs)        000F76
_TXREG                                  (abs)        000FAD
_TXSTA                                  (abs)        000FAC
_TXSTAbits                              (abs)        000FAC
_USART_Status                           bssCOMRAM    00002A
_WriteTimer0                            text74       0058CA
_WriteUSART                             text68       0058B6
_Write_b_eep                            text77       00573A
__CANIDToRegs                           text37       003A28
__CANIDToRegs@Value                     cstackBANK0  000069
__CANIDToRegs@ptr                       cstackBANK0  000060
__CANIDToRegs@type                      cstackBANK0  000066
__CANIDToRegs@val                       cstackBANK0  000062
__CFG_BOREN$BOACTIVE                    (abs)        000000
__CFG_BORV$3                            (abs)        000000
__CFG_CPB$OFF                           (abs)        000000
__CFG_EBTR0$OFF                         (abs)        000000
__CFG_EBTR1$OFF                         (abs)        000000
__CFG_EBTR2$OFF                         (abs)        000000
__CFG_EBTR3$OFF                         (abs)        000000
__CFG_EBTRB$OFF                         (abs)        000000
__CFG_LVP$OFF                           (abs)        000000
__CFG_OSC$HSPLL                         (abs)        000000
__CFG_PWRT$ON                           (abs)        000000
__CFG_STVREN$ON                         (abs)        000000
__CFG_WDT$OFF                           (abs)        000000
__CFG_WRTD$OFF                          (abs)        000000
__ECANPointBuffer                       text87       004F82
__ECANPointBuffer@b                     cstackCOMRAM 000004
__ECANPointBuffer@pt                    cstackCOMRAM 000005
__ECANRxFilterHitInfo                   bssCOMRAM    00002B
__HRAM                                  (abs)        000000
__Habs1                                 abs1         000000
__Hbank0                                bank0        000000
__Hbank1                                bank1        000000
__Hbank2                                bank2        000000
__Hbank3                                bank3        000000
__Hbank4                                bank4        000000
__Hbank5                                bank5        000000
__Hbigbss                               bigbss       000000
__Hbigdata                              bigdata      000000
__Hbigram                               bigram       000000
__Hbss                                  bss          000000
__HbssBANK0                             bssBANK0     000000
__HbssBANK1                             bssBANK1     000000
__HbssBANK2                             bssBANK2     000000
__HbssBANK3                             bssBANK3     000000
__HbssBIGRAM                            bssBIGRAM    000000
__HbssCOMRAM                            bssCOMRAM    000000
__Hcinit                                cinit        000000
__Hclrtext                              clrtext      000000
__Hcomram                               comram       000000
__Hconfig                               config       30000E
__Hconst                                const        000000
__HcstackBANK0                          cstackBANK0  000000
__HcstackBANK2                          cstackBANK2  000000
__HcstackCOMRAM                         cstackCOMRAM 000000
__Hdata                                 data         000000
__Heeprom_data                          eeprom_data  000000
__Hend_init                             end_init     0002FE
__Hfarbss                               farbss       000000
__Hfardata                              fardata      000000
__Hibigdata                             ibigdata     000000
__Hidata                                idata        000000
__Hidloc                                idloc        200008
__Hifardata                             ifardata     000000
__Hinit                                 init         0002FA
__Hintcode                              intcode      000004
__Hintcode_body                         intcode_body 000000
__Hintcodelo                            intcodelo    0002FA
__Hintentry                             intentry     000000
__Hintret                               intret       000000
__Hintsave_regs                         intsave_regs 000000
__Hirdata                               irdata       000000
__Hmediumconst                          mediumconst  008000
__HnvBANK1                              nvBANK1      000000
__HnvFARRAM                             nvFARRAM     000000
__Hnvbit                                nvbit        000000
__Hnvrram                               nvrram       000000
__Hpa_nodes                             pa_nodes     000000
__Hparam                                rparam       000000
__Hpowerup                              powerup      0002FA
__Hram                                  ram          000000
__Hramtop                               ramtop       000600
__Hrbit                                 rbit         000000
__Hrbss                                 rbss         000000
__Hrdata                                rdata        000000
__Hreset_vec                            reset_vec    000004
__Hrparam                               rparam       000000
__Hsfr                                  sfr          000000
__Hsmallconst                           smallconst   000000
__Hstruct                               struct       000000
__Htemp                                 temp         000000
__Htext                                 text         000000
__Htext0                                text0        000000
__Htext1                                text1        000000
__Htext10                               text10       000000
__Htext11                               text11       000000
__Htext12                               text12       000000
__Htext13                               text13       000000
__Htext14                               text14       000000
__Htext15                               text15       000000
__Htext16                               text16       000000
__Htext17                               text17       000000
__Htext18                               text18       000000
__Htext19                               text19       000000
__Htext2                                text2        000000
__Htext20                               text20       000000
__Htext21                               text21       000000
__Htext22                               text22       000000
__Htext23                               text23       000000
__Htext24                               text24       000000
__Htext25                               text25       000000
__Htext26                               text26       000000
__Htext27                               text27       000000
__Htext28                               text28       000000
__Htext29                               text29       000000
__Htext3                                text3        000000
__Htext30                               text30       000000
__Htext31                               text31       000000
__Htext32                               text32       000000
__Htext33                               text33       000000
__Htext34                               text34       000000
__Htext35                               text35       000000
__Htext36                               text36       000000
__Htext37                               text37       000000
__Htext38                               text38       000000
__Htext39                               text39       000000
__Htext4                                text4        000000
__Htext40                               text40       000000
__Htext41                               text41       000000
__Htext42                               text42       000000
__Htext43                               text43       000000
__Htext44                               text44       000000
__Htext45                               text45       000000
__Htext46                               text46       000000
__Htext47                               text47       000000
__Htext48                               text48       000000
__Htext49                               text49       000000
__Htext5                                text5        000000
__Htext50                               text50       000000
__Htext51                               text51       000000
__Htext52                               text52       000000
__Htext53                               text53       000000
__Htext54                               text54       000000
__Htext55                               text55       000000
__Htext56                               text56       000000
__Htext57                               text57       000000
__Htext58                               text58       000000
__Htext59                               text59       000000
__Htext6                                text6        000000
__Htext60                               text60       000000
__Htext61                               text61       000000
__Htext62                               text62       000000
__Htext63                               text63       000000
__Htext64                               text64       000000
__Htext65                               text65       000000
__Htext66                               text66       000000
__Htext67                               text67       000000
__Htext68                               text68       000000
__Htext69                               text69       000000
__Htext7                                text7        000000
__Htext70                               text70       000000
__Htext71                               text71       000000
__Htext72                               text72       000000
__Htext73                               text73       000000
__Htext74                               text74       000000
__Htext75                               text75       000000
__Htext76                               text76       000000
__Htext77                               text77       000000
__Htext78                               text78       000000
__Htext79                               text79       000000
__Htext8                                text8        000000
__Htext80                               text80       000000
__Htext81                               text81       000000
__Htext83                               text83       000000
__Htext84                               text84       000000
__Htext85                               text85       000000
__Htext86                               text86       000000
__Htext87                               text87       000000
__Htext88                               text88       000000
__Htext89                               text89       000000
__Htext9                                text9        000000
__LRAM                                  (abs)        000001
__Labs1                                 abs1         000000
__Lbank0                                bank0        000000
__Lbank1                                bank1        000000
__Lbank2                                bank2        000000
__Lbank3                                bank3        000000
__Lbank4                                bank4        000000
__Lbank5                                bank5        000000
__Lbigbss                               bigbss       000000
__Lbigdata                              bigdata      000000
__Lbigram                               bigram       000000
__Lbss                                  bss          000000
__LbssBANK0                             bssBANK0     000000
__LbssBANK1                             bssBANK1     000000
__LbssBANK2                             bssBANK2     000000
__LbssBANK3                             bssBANK3     000000
__LbssBIGRAM                            bssBIGRAM    000000
__LbssCOMRAM                            bssCOMRAM    000000
__Lcinit                                cinit        000000
__Lclrtext                              clrtext      000000
__Lcomram                               comram       000000
__Lconfig                               config       300000
__Lconst                                const        000000
__LcstackBANK0                          cstackBANK0  000000
__LcstackBANK2                          cstackBANK2  000000
__LcstackCOMRAM                         cstackCOMRAM 000000
__Ldata                                 data         000000
__Leeprom_data                          eeprom_data  000000
__Lend_init                             end_init     0002FA
__Lfarbss                               farbss       000000
__Lfardata                              fardata      000000
__Libigdata                             ibigdata     000000
__Lidata                                idata        000000
__Lidloc                                idloc        200000
__Lifardata                             ifardata     000000
__Linit                                 init         0002FA
__Lintcode                              intcode      000004
__Lintcode_body                         intcode_body 000000
__Lintcodelo                            intcodelo    000018
__Lintentry                             intentry     000000
__Lintret                               intret       000000
__Lintsave_regs                         intsave_regs 000000
__Lirdata                               irdata       000000
__Lmediumconst                          mediumconst  006FB0
__LnvBANK1                              nvBANK1      000000
__LnvFARRAM                             nvFARRAM     000000
__Lnvbit                                nvbit        000000
__Lnvrram                               nvrram       000000
__Lpa_nodes                             pa_nodes     000000
__Lparam                                rparam       000000
__Lpowerup                              powerup      0002FA
__Lram                                  ram          000000
__Lramtop                               ramtop       000600
__Lrbit                                 rbit         000000
__Lrbss                                 rbss         000000
__Lrdata                                rdata        000000
__Lreset_vec                            reset_vec    000000
__Lrparam                               rparam       000000
__Lsfr                                  sfr          000000
__Lsmallconst                           smallconst   000000
__Lstruct                               struct       000000
__Ltemp                                 temp         000000
__Ltext                                 text         000000
__Ltext0                                text0        000000
__Ltext1                                text1        000000
__Ltext10                               text10       000000
__Ltext11                               text11       000000
__Ltext12                               text12       000000
__Ltext13                               text13       000000
__Ltext14                               text14       000000
__Ltext15                               text15       000000
__Ltext16                               text16       000000
__Ltext17                               text17       000000
__Ltext18                               text18       000000
__Ltext19                               text19       000000
__Ltext2                                text2        000000
__Ltext20                               text20       000000
__Ltext21                               text21       000000
__Ltext22                               text22       000000
__Ltext23                               text23       000000
__Ltext24                               text24       000000
__Ltext25                               text25       000000
__Ltext26                               text26       000000
__Ltext27                               text27       000000
__Ltext28                               text28       000000
__Ltext29                               text29       000000
__Ltext3                                text3        000000
__Ltext30                               text30       000000
__Ltext31                               text31       000000
__Ltext32                               text32       000000
__Ltext33                               text33       000000
__Ltext34                               text34       000000
__Ltext35                               text35       000000
__Ltext36                               text36       000000
__Ltext37                               text37       000000
__Ltext38                               text38       000000
__Ltext39                               text39       000000
__Ltext4                                text4        000000
__Ltext40                               text40       000000
__Ltext41                               text41       000000
__Ltext42                               text42       000000
__Ltext43                               text43       000000
__Ltext44                               text44       000000
__Ltext45                               text45       000000
__Ltext46                               text46       000000
__Ltext47                               text47       000000
__Ltext48                               text48       000000
__Ltext49                               text49       000000
__Ltext5                                text5        000000
__Ltext50                               text50       000000
__Ltext51                               text51       000000
__Ltext52                               text52       000000
__Ltext53                               text53       000000
__Ltext54                               text54       000000
__Ltext55                               text55       000000
__Ltext56                               text56       000000
__Ltext57                               text57       000000
__Ltext58                               text58       000000
__Ltext59                               text59       000000
__Ltext6                                text6        000000
__Ltext60                               text60       000000
__Ltext61                               text61       000000
__Ltext62                               text62       000000
__Ltext63                               text63       000000
__Ltext64                               text64       000000
__Ltext65                               text65       000000
__Ltext66                               text66       000000
__Ltext67                               text67       000000
__Ltext68                               text68       000000
__Ltext69                               text69       000000
__Ltext7                                text7        000000
__Ltext70                               text70       000000
__Ltext71                               text71       000000
__Ltext72                               text72       000000
__Ltext73                               text73       000000
__Ltext74                               text74       000000
__Ltext75                               text75       000000
__Ltext76                               text76       000000
__Ltext77                               text77       000000
__Ltext78                               text78       000000
__Ltext79                               text79       000000
__Ltext8                                text8        000000
__Ltext80                               text80       000000
__Ltext81                               text81       000000
__Ltext83                               text83       000000
__Ltext84                               text84       000000
__Ltext85                               text85       000000
__Ltext86                               text86       000000
__Ltext87                               text87       000000
__Ltext88                               text88       000000
__Ltext89                               text89       000000
__Ltext9                                text9        000000
__RegsToCANID                           text86       0037C2
__RegsToCANID@Value                     cstackCOMRAM 000008
__RegsToCANID@ptr                       cstackCOMRAM 000001
__RegsToCANID@type                      cstackCOMRAM 000005
__RegsToCANID@val                       cstackCOMRAM 000003
__S0                                    (abs)        30000E
__S1                                    (abs)        0005EE
___lldiv                                text59       004E96
___lldiv@counter                        cstackBANK0  000068
___lldiv@dividend                       cstackBANK0  000060
___lldiv@divisor                        cstackBANK0  000064
___lldiv@quotient                       cstackBANK0  000069
___llmod                                text58       005192
___llmod@counter                        cstackBANK0  000075
___llmod@dividend                       cstackBANK0  00006D
___llmod@divisor                        cstackBANK0  000071
___lwdiv                                text65       0053FA
___lwdiv@counter                        cstackBANK0  000064
___lwdiv@dividend                       cstackBANK0  000060
___lwdiv@divisor                        cstackBANK0  000062
___lwdiv@quotient                       cstackBANK0  000065
___lwmod                                text64       005652
___lwmod@counter                        cstackBANK0  000064
___lwmod@dividend                       cstackBANK0  000060
___lwmod@divisor                        cstackBANK0  000062
___wmul                                 text57       00576E
___wmul@multiplicand                    cstackBANK0  000062
___wmul@multiplier                      cstackBANK0  000060
___wmul@product                         cstackBANK0  000064
__accesstop                             (abs)        000060
__activetblptr                          (abs)        000002
__end_ofPL10                            text56       001DAA
__end_ofPL12                            text88       003A28
__end_ofPL14                            text56       001DBA
__end_ofPL16                            text42       003C42
__end_ofPL18                            text56       001DE0
__end_ofPL2                             text22       001610
__end_ofPL20                            text86       0038D4
__end_ofPL22                            text18       003506
__end_ofPL24                            text7        002D22
__end_ofPL26                            text22       001692
__end_ofPL28                            text22       0016A6
__end_ofPL30                            text37       003AFC
__end_ofPL32                            text22       0016B8
__end_ofPL34                            text55       00427C
__end_ofPL36                            text56       001DFA
__end_ofPL38                            text22       0016D2
__end_ofPL4                             text22       00161E
__end_ofPL40                            text22       0016EC
__end_ofPL42                            text15       00498A
__end_ofPL44                            text14       0048EA
__end_ofPL46                            text37       003B0C
__end_ofPL48                            text37       003B1E
__end_ofPL50                            text22       001704
__end_ofPL52                            text56       001E10
__end_ofPL54                            text22       00171A
__end_ofPL56                            text61       004D1A
__end_ofPL58                            text56       001E26
__end_ofPL6                             text22       001638
__end_ofPL60                            text76       004648
__end_ofPL62                            text56       001E34
__end_ofPL64                            text86       0038E8
__end_ofPL66                            text6        004002
__end_ofPL68                            text30       003D44
__end_ofPL70                            text37       003B32
__end_ofPL72                            text86       0038FC
__end_ofPL74                            text84       0047A6
__end_ofPL76                            text56       001E46
__end_ofPL78                            text2        002236
__end_ofPL8                             text22       001682
__end_ofPL80                            text5        003204
__end_ofPL82                            text8        0044D4
__end_ofPL84                            text9        0041AA
__end_ofPL86                            text56       001E50
__end_ofPL88                            text57       0057A0
__end_ofPL90                            text18       003514
__end_ofPL92                            text85       002980
__end_ofPL94                            text81       0055D6
__end_ofPL96                            text37       003B3C
__end_ofPL98                            text56       001E5A
__end_of_Busy_eep                       text78       00590E
__end_of_ECANInitialize                 text70       004E1E
__end_of_ECANReceiveMessage             text85       002972
__end_of_ECANSendMessage                text36       003682
__end_of_ECANSetOperationMode           text71       0058A0
__end_of_Interrupt                      intcodelo    0002FA
__end_of_OpenTimer0                     text72       005868
__end_of_OpenUSART                      text73       0052B0
__end_of_ReadUSART                      text89       005886
__end_of_Read_b_eep                     text80       0058EE
__end_of_WriteTimer0                    text74       0058DC
__end_of_WriteUSART                     text68       0058CA
__end_of_Write_b_eep                    text77       00576E
__end_of__CANIDToRegs                   text37       003AE8
__end_of__ECANPointBuffer               text87       004FF8
__end_of__RegsToCANID                   text86       0038BE
__end_of___lldiv                        text59       004F0C
__end_of___llmod                        text58       0051F4
__end_of___lwdiv                        text65       005444
__end_of___lwmod                        text64       005690
__end_of___wmul                         text57       005790
__end_of__initialization                cinit        005126
__end_of__stringdata                    mediumconst  007FFF
__end_of_atoi                           text42       003C34
__end_of_calcCRC                        text16       0057CE
__end_of_crc8                           text20       005702
__end_of_doModeSLCAN                    text2        00222A
__end_of_doModeVerbose                  text22       0015F4
__end_of_doModeVscp                     text7        002D12
__end_of_doModeVscpNode                 text1        005910
__end_of_dpowers                        mediumconst  007008
__end_of_fifo_getFree                   text84       004794
__end_of_fifo_init                      text81       0055C8
__end_of_fifo_read                      text55       004260
__end_of_fifo_write                     text88       0039FA
__end_of_findNodes                      text28       003E32
__end_of_getCANFrame                    text54       004AC8
__end_of_getVSCPFrame                   text53       004D9E
__end_of_hexStringToBytes               text3        004B62
__end_of_hexpowers                      mediumconst  007028
__end_of_init                           text69       00548C
__end_of_init_app_eeprom                text76       00463C
__end_of_init_app_ram                   text79       0053B0
__end_of_init_crc8                      text21       005068
__end_of_isdigit                        text60       00584A
__end_of_itoa                           text62       00573A
__end_of_main                           text0        003390
__end_of_memcpy                         text13       005556
__end_of_memset                         text38       00582A
__end_of_nibbleFromChar                 text4        005614
__end_of_octpowers                      mediumconst  006FE0
__end_of_printBinary                    text25       0053FA
__end_of_printErrors                    text40       0024F2
__end_of_printFirmwareVersion           text61       004D04
__end_of_printGUID                      text30       003D30
__end_of_printHelp                      text39       002EE0
__end_of_printMDF                       text29       004BF6
__end_of_printMode                      text66       004F82
__end_of_printNodeFirmwareVersion       text31       00434A
__end_of_printStatistics                text41       003076
__end_of_putsUSART                      text67       005360
__end_of_readRegister                   text33       00484A
__end_of_readRegisterExtended           text26       004416
__end_of_receivePrintEventVerbose       text52       002774
__end_of_receiveSendEventCANAL          text17       0037C2
__end_of_receiveSendEventSLCAN          text5        0031F6
__end_of_receiveSendMultiEventCANAL     text18       0034F6
__end_of_receiveVSCPModeCanalMsg        text12       003F1C
__end_of_receiveVSCPModeMultiCanalMsg   text11       005912
__end_of_sendCANFrame                   text35       0056CA
__end_of_sendEscapedUartData            text19       005254
__end_of_sendVSCPDriverAck              text14       0048DC
__end_of_sendVSCPDriverCommandReply     text9        00419C
__end_of_sendVSCPDriverErrorFrame       text8        0044C6
__end_of_sendVSCPDriverNack             text15       00497C
__end_of_sendVSCPFrame                  text34       004590
__end_of_sendVSCPModeCapabilities       text10       0046FE
__end_of_setFilter                      text23       002B5E
__end_of_sprintf                        text56       001D8C
__end_of_strcat                         text32       005308
__end_of_strchr                         text46       005192
__end_of_strcpy                         text27       0057FC
__end_of_strcspn                        text44       0054D0
__end_of_strichr                        text48       005652
__end_of_stristr                        text47       004E96
__end_of_strlen                         text51       005596
__end_of_strnicmp                       text49       0050CE
__end_of_strspn                         text45       005514
__end_of_strtok                         text43       004C88
__end_of_toupper                        text50       0058B6
__end_of_ultoa                          text6        003FEE
__end_of_utoa                           text63       004A2A
__end_of_vscp_restoreDefaults           text75       005908
__end_of_writeRegisterExtended          text24       0040D8
__end_ofi1_WriteTimer0                  text83       005900
__initialization                        cinit        0050CE
__mediumconst                           mediumconst  006FB0
__pbssBANK0                             bssBANK0     0000E4
__pbssBANK1                             bssBANK1     000100
__pbssBANK2                             bssBANK2     000200
__pbssBANK3                             bssBANK3     000300
__pbssBIGRAM                            bssBIGRAM    000400
__pbssCOMRAM                            bssCOMRAM    000022
__pcinit                                cinit        0050CE
__pcstackBANK0                          cstackBANK0  000060
__pcstackBANK2                          cstackBANK2  000280
__pcstackCOMRAM                         cstackCOMRAM 000001
__pintcodelo                            intcodelo    000018
__pmediumconst                          mediumconst  006FB0
__pnvBANK1                              nvBANK1      0001E2
__ptext0                                text0        003204
__ptext1                                text1        00590E
__ptext10                               text10       004648
__ptext11                               text11       005910
__ptext12                               text12       003E32
__ptext13                               text13       005514
__ptext14                               text14       00484A
__ptext15                               text15       0048EA
__ptext16                               text16       0057A0
__ptext17                               text17       003682
__ptext18                               text18       003390
__ptext19                               text19       0051F4
__ptext2                                text2        001E5A
__ptext20                               text20       0056CA
__ptext21                               text21       004FF8
__ptext22                               text22       0002FE
__ptext23                               text23       002980
__ptext24                               text24       004002
__ptext25                               text25       0053B0
__ptext26                               text26       00434A
__ptext27                               text27       0057CE
__ptext28                               text28       003D44
__ptext29                               text29       004B62
__ptext3                                text3        004AC8
__ptext30                               text30       003C42
__ptext31                               text31       00427C
__ptext32                               text32       0052B0
__ptext33                               text33       0047A6
__ptext34                               text34       0044D4
__ptext35                               text35       005690
__ptext36                               text36       003514
__ptext37                               text37       003A28
__ptext38                               text38       0057FC
__ptext39                               text39       002D22
__ptext4                                text4        0055D6
__ptext40                               text40       002236
__ptext41                               text41       002EE0
__ptext42                               text42       003B3C
__ptext43                               text43       004BF6
__ptext44                               text44       00548C
__ptext45                               text45       0054D0
__ptext46                               text46       005130
__ptext47                               text47       004E1E
__ptext48                               text48       005614
__ptext49                               text49       005068
__ptext5                                text5        003076
__ptext50                               text50       0058A0
__ptext51                               text51       005556
__ptext52                               text52       0024F2
__ptext53                               text53       004D1A
__ptext54                               text54       004A2A
__ptext55                               text55       0041AA
__ptext56                               text56       00171A
__ptext57                               text57       00576E
__ptext58                               text58       005192
__ptext59                               text59       004E96
__ptext6                                text6        003F1C
__ptext60                               text60       00582A
__ptext61                               text61       004C88
__ptext62                               text62       005702
__ptext63                               text63       00498A
__ptext64                               text64       005652
__ptext65                               text65       0053FA
__ptext66                               text66       004F0C
__ptext67                               text67       005308
__ptext68                               text68       0058B6
__ptext69                               text69       005444
__ptext7                                text7        002B5E
__ptext70                               text70       004D9E
__ptext71                               text71       005886
__ptext72                               text72       00584A
__ptext73                               text73       005254
__ptext74                               text74       0058CA
__ptext75                               text75       005900
__ptext76                               text76       004590
__ptext77                               text77       00573A
__ptext78                               text78       005908
__ptext79                               text79       005360
__ptext8                                text8        004416
__ptext80                               text80       0058DC
__ptext81                               text81       005596
__ptext83                               text83       0058EE
__ptext84                               text84       0046FE
__ptext85                               text85       002774
__ptext86                               text86       0037C2
__ptext87                               text87       004F82
__ptext88                               text88       0038FC
__ptext89                               text89       005868
__ptext9                                text9        0040D8
__ramtop                                ramtop       000600
__size_of_Busy_eep                      (abs)        000000
__size_of_ECANInitialize                (abs)        000000
__size_of_ECANReceiveMessage            (abs)        000000
__size_of_ECANSendMessage               (abs)        000000
__size_of_ECANSetOperationMode          (abs)        000000
__size_of_Interrupt                     (abs)        000000
__size_of_OpenTimer0                    (abs)        000000
__size_of_OpenUSART                     (abs)        000000
__size_of_ReadUSART                     (abs)        000000
__size_of_Read_b_eep                    (abs)        000000
__size_of_WriteTimer0                   (abs)        000000
__size_of_WriteUSART                    (abs)        000000
__size_of_Write_b_eep                   (abs)        000000
__size_of__CANIDToRegs                  (abs)        000000
__size_of__ECANPointBuffer              (abs)        000000
__size_of__RegsToCANID                  (abs)        000000
__size_of___lldiv                       (abs)        000000
__size_of___llmod                       (abs)        000000
__size_of___lwdiv                       (abs)        000000
__size_of___lwmod                       (abs)        000000
__size_of___wmul                        (abs)        000000
__size_of_atoi                          (abs)        000000
[...]
 This function uses a non-reentrant model


 *************** function _fifo_getFree *****************
 Defined at:
		line 97 in file "fifo.c"
 Parameters:    Size  Location     Type
  f               2    0[COMRAM] PTR struct .
		 -> canInputFifo(8), 
 Auto vars:     Size  Location     Type
		None
 Return value:  Size  Location     Type
                  2    0[COMRAM] unsigned short 
 Registers used:
		wreg, fsr1l, fsr1h, fsr2l, fsr2h, status,2, status,0
 Tracked objects:
		On entry : 
		On exit  : 
		Unchanged: 
 Data sizes:     COMRAM   BANK0   BANK1   BANK2   BANK3   BANK4   BANK5
      Params:         2       0       0       0       0       0       0
      Locals:         0       0       0       0       0       0       0
      Temps:          8       0       0       0       0       0       0
      Totals:        10       0       0       0       0       0       0
Total ram usage:       10 bytes
 Hardware stack levels used:    1
 This function calls:
		Nothing
 This function is called by:
		_Interrupt
 This function uses a non-reentrant model


 *************** function _ECANReceiveMessage *****************
 Defined at:
		line 803 in file "ECAN.c"
 Parameters:    Size  Location     Type
  id              2    9[COMRAM] PTR unsigned long 
		 -> id(4), 
  data            2   11[COMRAM] PTR unsigned char 
		 -> data(8), 
  dataLen         1   13[COMRAM] PTR unsigned char 
		 -> dlc(1), 
  msgFlags        1   14[COMRAM] PTR enum E16324
		 -> flags(1), 
 Auto vars:     Size  Location     Type
  ptr             2   20[COMRAM] PTR unsigned char 
		 -> B5CON(1), B4CON(1), B3CON(1), B2CON(1), 
		 -> B1CON(1), B0CON(1), RXB1CON(1), RXB0CON(1), 
  savedPtr        2   15[COMRAM] PTR unsigned char 
		 -> B5CON(1), B4CON(1), B3CON(1), B2CON(1), 
		 -> B1CON(1), B0CON(1), RXB1CON(1), RXB0CON(1), 
  temp            1   19[COMRAM] struct .
  mode            1   18[COMRAM] unsigned char 
  i               1   17[COMRAM] unsigned char 
 Return value:  Size  Location     Type
                  1    wreg      enum E15660
 Registers used:
		wreg, fsr1l, fsr1h, fsr2l, fsr2h, status,2, status,0, cstack
 Tracked objects:
		On entry : 
		On exit  : 
		Unchanged: 
 Data sizes:     COMRAM   BANK0   BANK1   BANK2   BANK3   BANK4   BANK5
      Params:         6       0       0       0       0       0       0
      Locals:         7       0       0       0       0       0       0
      Temps:          0       0       0       0       0       0       0
      Totals:        13       0       0       0       0       0       0
Total ram usage:       13 bytes
 Hardware stack levels used:    1
 Hardware stack levels required when called:    1
 This function calls:
		__ECANPointBuffer
		__RegsToCANID
 This function is called by:
		_Interrupt
 This function uses a non-reentrant model


 *************** function __RegsToCANID *****************
 Defined at:
		line 1158 in file "ECAN.c"
 Parameters:    Size  Location     Type
  ptr             2    0[COMRAM] PTR unsigned char 
		 -> B5CON(1), B4CON(1), B3CON(1), B2CON(1), 
		 -> B1CON(1), B0CON(1), RXB1CON(1), RXB0CON(1), 
  val             2    2[COMRAM] PTR unsigned long 
		 -> id(4), 
  type            1    4[COMRAM] unsigned char 
 Auto vars:     Size  Location     Type
  Value           2    7[COMRAM] PTR struct _CAN_MESSAGE_
		 -> id(4), 
 Return value:  Size  Location     Type
		None               void
 Registers used:
		wreg, fsr1l, fsr1h, fsr2l, fsr2h, status,2, status,0
 Tracked objects:
		On entry : 
		On exit  : 
		Unchanged: 
 Data sizes:     COMRAM   BANK0   BANK1   BANK2   BANK3   BANK4   BANK5
      Params:         5       0       0       0       0       0       0
      Locals:         2       0       0       0       0       0       0
      Temps:          2       0       0       0       0       0       0
      Totals:         9       0       0       0       0       0       0
Total ram usage:        9 bytes
 Hardware stack levels used:    1
 This function calls:
		Nothing
 This function is called by:
		_ECANReceiveMessage
 This function uses a non-reentrant model


 *************** function __ECANPointBuffer *****************
 Defined at:
		line 1209 in file "ECAN.c"
 Parameters:    Size  Location     Type
  b               1    wreg     unsigned char 
 Auto vars:     Size  Location     Type
  b               1    3[COMRAM] unsigned char 
  pt              2    4[COMRAM] PTR unsigned char 
		 -> B5CON(1), B4CON(1), B3CON(1), B2CON(1), 
		 -> B1CON(1), B0CON(1), RXB1CON(1), RXB0CON(1), 
 Return value:  Size  Location     Type
                  2    0[COMRAM] PTR unsigned char 
 Registers used:
		wreg, status,2, status,0
 Tracked objects:
		On entry : 
		On exit  : 
		Unchanged: 
 Data sizes:     COMRAM   BANK0   BANK1   BANK2   BANK3   BANK4   BANK5
      Params:         3       0       0       0       0       0       0
      Locals:         3       0       0       0       0       0       0
      Temps:          0       0       0       0       0       0       0
      Totals:         6       0       0       0       0       0       0
Total ram usage:        6 bytes
 Hardware stack levels used:    1
 This function calls:
		Nothing
 This function is called by:
		_ECANReceiveMessage
 This function uses a non-reentrant model


 *************** function _fifo_write *****************
 Defined at:
		line 61 in file "fifo.c"
 Parameters:    Size  Location     Type
  f               2    0[COMRAM] PTR struct .
		 -> canInputFifo(8), serialInputFifo(8), 
  buf             2    2[COMRAM] PTR const void 
		 -> dlc(1), data(8), id(4), Interrupt@c(1), 
  nbytes          4    4[COMRAM] unsigned long 
 Auto vars:     Size  Location     Type
  i               4   14[COMRAM] unsigned long 
  p               2   12[COMRAM] PTR const unsigned char 
		 -> dlc(1), data(8), id(4), Interrupt@c(1), 
 Return value:  Size  Location     Type
                  2    0[COMRAM] unsigned short 
 Registers used:
		wreg, fsr1l, fsr1h, fsr2l, fsr2h, status,2, status,0
 Tracked objects:
		On entry : 
		On exit  : 
		Unchanged: 
 Data sizes:     COMRAM   BANK0   BANK1   BANK2   BANK3   BANK4   BANK5
      Params:         8       0       0       0       0       0       0
      Locals:         6       0       0       0       0       0       0
      Temps:          4       0       0       0       0       0       0
      Totals:        18       0       0       0       0       0       0
Total ram usage:       18 bytes
 Hardware stack levels used:    1
 This function calls:
		Nothing
 This function is called by:
		_Interrupt
 This function uses a non-reentrant model


 *************** function _ReadUSART *****************
 Defined at:
		line 16 in file "C:\Program Files (x86)\Microchip\xc8\v1.21\sources\pic18\plib\USART\uread.c"
 Parameters:    Size  Location     Type
		None
 Auto vars:     Size  Location     Type
  data            1    0[COMRAM] unsigned char 
 Return value:  Size  Location     Type
                  1    wreg      unsigned char 
 Registers used:
		wreg, status,2, status,0
 Tracked objects:
		On entry : 
		On exit  : 
		Unchanged: 
 Data sizes:     COMRAM   BANK0   BANK1   BANK2   BANK3   BANK4   BANK5
      Params:         0       0       0       0       0       0       0
      Locals:         1       0       0       0       0       0       0
      Temps:          0       0       0       0       0       0       0
      Totals:         1       0       0       0       0       0       0
Total ram usage:        1 bytes
 Hardware stack levels used:    1
 This function calls:
		Nothing
 This function is called by:
		_Interrupt
 This function uses a non-reentrant model



MODULE INFORMATION

Module		Function		Class		Link	Load	Size
C:\Program Files (x86)\Microchip\xc8\v1.21\sources\common\lwdiv.c
		___lwdiv       		CODE           	53FA	0000	74

C:\Program Files (x86)\Microchip\xc8\v1.21\sources\common\lwdiv.c estimated size: 74

C:\Program Files (x86)\Microchip\xc8\v1.21\sources\pic18\plib\Timers\t0write.c
		_WriteTimer0   		CODE           	58CA	0000	18

C:\Program Files (x86)\Microchip\xc8\v1.21\sources\pic18\plib\Timers\t0write.c estimated size: 18

C:\Program Files (x86)\Microchip\xc8\v1.21\sources\common\stristr.c
		_stristr       		CODE           	4E1E	0000	120

C:\Program Files (x86)\Microchip\xc8\v1.21\sources\common\stristr.c estimated size: 120

C:\Program Files (x86)\Microchip\xc8\v1.21\sources\common\strcat.c
		_strcat        		CODE           	52B0	0000	88

C:\Program Files (x86)\Microchip\xc8\v1.21\sources\common\strcat.c estimated size: 88

C:\Program Files (x86)\Microchip\xc8\v1.21\sources\common\wmul.c
		___wmul        		CODE           	576E	0000	34

C:\Program Files (x86)\Microchip\xc8\v1.21\sources\common\wmul.c estimated size: 34

C:\Program Files (x86)\Microchip\xc8\v1.21\sources\pic18\plib\EEP\read_B.c
		_Read_b_eep    		CODE           	58DC	0000	18

C:\Program Files (x86)\Microchip\xc8\v1.21\sources\pic18\plib\EEP\read_B.c estimated size: 18

hexutils.c
		_hexStringToByt		CODE           	4AC8	0000	154
		_nibbleFromChar		CODE           	55D6	0000	62

hexutils.c estimated size: 216

shared
		PL12           		CODE           	39FA	0000	46
		PL50           		CODE           	16EC	0000	24
		PL8            		CODE           	1638	0000	74
		PL22           		CODE           	34F6	0000	16
		PL60           		CODE           	463C	0000	12
		PL32           		CODE           	16A6	0000	18
		PL70           		CODE           	3B1E	0000	20
		PL42           		CODE           	497C	0000	14
		PL80           		CODE           	31F6	0000	14
		PL14           		CODE           	1DAA	0000	16
		PL52           		CODE           	1DFA	0000	22
		PL90           		CODE           	3506	0000	14
		PL24           		CODE           	2D12	0000	16
		PL62           		CODE           	1E26	0000	14
		PL34           		CODE           	4260	0000	28
		PL72           		CODE           	38E8	0000	20
		__stringdata   		MEDIUMCONST    	7028	0000	4055
		PL44           		CODE           	48DC	0000	14
		PL82           		CODE           	44C6	0000	14
		PL16           		CODE           	3C34	0000	14
		PL54           		CODE           	1704	0000	22
		PL92           		CODE           	2972	0000	14
		PL26           		CODE           	1682	0000	16
		PL64           		CODE           	38D4	0000	20
		PL36           		CODE           	1DE0	0000	26
		PL74           		CODE           	4794	0000	18
		PL46           		CODE           	3AFC	0000	16
		PL84           		CODE           	419C	0000	14
		_dpowers       		MEDIUMCONST    	6FE0	0000	40
		PL18           		CODE           	1DBA	0000	38
		PL56           		CODE           	4D04	0000	22
		PL94           		CODE           	55C8	0000	14
		PL28           		CODE           	1692	0000	20
		PL66           		CODE           	3FEE	0000	20
		PL38           		CODE           	16B8	0000	26
		PL76           		CODE           	1E34	0000	18
		PL48           		CODE           	3B0C	0000	18
		PL86           		CODE           	1E46	0000	10
		PL58           		CODE           	1E10	0000	22
		PL96           		CODE           	3B32	0000	10
		PL68           		CODE           	3D30	0000	20
		PL78           		CODE           	222A	0000	12
		PL88           		CODE           	5790	0000	16
		PL98           		CODE           	1E50	0000	10
		__initializatio		CODE           	50CE	0000	88
		_octpowers     		MEDIUMCONST    	6FB0	0000	48
		_hexpowers     		MEDIUMCONST    	7008	0000	32
		i1_WriteTimer0 		CODE           	58EE	0000	18
		PL2            		CODE           	15F4	0000	28
		PL10           		CODE           	1D8C	0000	30
		PL4            		CODE           	1610	0000	14
		PL20           		CODE           	38BE	0000	22
		PL30           		CODE           	3AE8	0000	20
		PL6            		CODE           	161E	0000	26
		PL40           		CODE           	16D2	0000	26

shared estimated size: 5279

C:\Program Files (x86)\Microchip\xc8\v1.21\sources\common\doprnt.c
		_sprintf       		CODE           	171A	0000	1650

C:\Program Files (x86)\Microchip\xc8\v1.21\sources\common\doprnt.c estimated size: 1650

C:\Program Files (x86)\Microchip\xc8\v1.21\sources\common\strcspn.c
		_strcspn       		CODE           	548C	0000	68

C:\Program Files (x86)\Microchip\xc8\v1.21\sources\common\strcspn.c estimated size: 68

C:\Program Files (x86)\Microchip\xc8\v1.21\sources\common\strnicmp.c
		_strnicmp      		CODE           	5068	0000	102

C:\Program Files (x86)\Microchip\xc8\v1.21\sources\common\strnicmp.c estimated size: 102

C:\Program Files (x86)\Microchip\xc8\v1.21\sources\common\llmod.c
		___llmod       		CODE           	5192	0000	98

C:\Program Files (x86)\Microchip\xc8\v1.21\sources\common\llmod.c estimated size: 98

C:\Program Files (x86)\Microchip\xc8\v1.21\sources\pic18\plib\EEP\write_B.c
		_Write_b_eep   		CODE           	573A	0000	52

C:\Program Files (x86)\Microchip\xc8\v1.21\sources\pic18\plib\EEP\write_B.c estimated size: 52

C:\Program Files (x86)\Microchip\xc8\v1.21\sources\common\isdigit.c
		_isdigit       		CODE           	582A	0000	32

C:\Program Files (x86)\Microchip\xc8\v1.21\sources\common\isdigit.c estimated size: 32

C:\Program Files (x86)\Microchip\xc8\v1.21\sources\common\strcpy.c
		_strcpy        		CODE           	57CE	0000	46

C:\Program Files (x86)\Microchip\xc8\v1.21\sources\common\strcpy.c estimated size: 46

C:\Program Files (x86)\Microchip\xc8\v1.21\sources\common\lldiv.c
		___lldiv       		CODE           	4E96	0000	118

C:\Program Files (x86)\Microchip\xc8\v1.21\sources\common\lldiv.c estimated size: 118

C:\Program Files (x86)\Microchip\xc8\v1.21\sources\common\itoa.c
		_itoa          		CODE           	5702	0000	56
		_utoa          		CODE           	498A	0000	160

C:\Program Files (x86)\Microchip\xc8\v1.21\sources\common\itoa.c estimated size: 216

C:\Program Files (x86)\Microchip\xc8\v1.21\sources\pic18\plib\USART\uread.c
		_ReadUSART     		CODE           	5868	0000	30

C:\Program Files (x86)\Microchip\xc8\v1.21\sources\pic18\plib\USART\uread.c estimated size: 30

C:\Program Files (x86)\Microchip\xc8\v1.21\sources\pic18\plib\Timers\t0open.c
		_OpenTimer0    		CODE           	584A	0000	30

C:\Program Files (x86)\Microchip\xc8\v1.21\sources\pic18\plib\Timers\t0open.c estimated size: 30

C:\Program Files (x86)\Microchip\xc8\v1.21\sources\pic18\plib\EEP\busy_eep.c
		_Busy_eep      		CODE           	5908	0000	6

C:\Program Files (x86)\Microchip\xc8\v1.21\sources\pic18\plib\EEP\busy_eep.c estimated size: 6

main.c
		_sendEscapedUar		CODE           	51F4	0000	96
		_readRegister  		CODE           	47A6	0000	164
		_init          		CODE           	5444	0000	72
		_receivePrintEv		CODE           	24F2	0000	642
		_receiveSendEve		CODE           	3076	0000	384
		_findNodes     		CODE           	3D44	0000	238
		_getVSCPFrame  		CODE           	4D1A	0000	132
		_writeRegisterE		CODE           	4002	0000	214
		_calcCRC       		CODE           	57A0	0000	46
		_Interrupt     		CODE           	0018	0000	738
		_vscp_restoreDe		CODE           	5900	0000	8
		_getCANFrame   		CODE           	4A2A	0000	158
		_main          		CODE           	3204	0000	396
		_readRegisterEx		CODE           	434A	0000	204
		_sendVSCPDriver		CODE           	40D8	0000	196
		_printNodeFirmw		CODE           	427C	0000	206
		_sendVSCPFrame 		CODE           	44D4	0000	188
		_sendVSCPDriver		CODE           	484A	0000	146
		_init_app_eepro		CODE           	4590	0000	172
		_sendCANFrame  		CODE           	5690	0000	58
		_doModeSLCAN   		CODE           	1E5A	0000	976
		_setFilter     		CODE           	2980	0000	478
		_printMode     		CODE           	4F0C	0000	118
		_doModeVscp    		CODE           	2B5E	0000	436
		_receiveSendMul		CODE           	3390	0000	358
		_printGUID     		CODE           	3C42	0000	238
		_printStatistic		CODE           	2EE0	0000	406
		_printBinary   		CODE           	53B0	0000	74
		_sendVSCPDriver		CODE           	48EA	0000	146
		_doModeVerbose 		CODE           	02FE	0000	4854
		_receiveVSCPMod		CODE           	5910	0000	2
		_doModeVscpNode		CODE           	590E	0000	2
		_printFirmwareV		CODE           	4C88	0000	124
		_sendVSCPDriver		CODE           	4416	0000	176
		_sendVSCPModeCa		CODE           	4648	0000	182
		_printErrors   		CODE           	2236	0000	700
		_receiveSendEve		CODE           	3682	0000	320
		_init_app_ram  		CODE           	5360	0000	80
		_printHelp     		CODE           	2D22	0000	446
		_printMDF      		CODE           	4B62	0000	148
		_receiveVSCPMod		CODE           	3E32	0000	234

main.c estimated size: 14956

C:\Program Files (x86)\Microchip\xc8\v1.21\sources\common\strichr.c
		_strichr       		CODE           	5614	0000	62

C:\Program Files (x86)\Microchip\xc8\v1.21\sources\common\strichr.c estimated size: 62

C:\Program Files (x86)\Microchip\xc8\v1.21\sources\common\strlen.c
		_strlen        		CODE           	5556	0000	64

C:\Program Files (x86)\Microchip\xc8\v1.21\sources\common\strlen.c estimated size: 64

crc8.c
		_crc8          		CODE           	56CA	0000	56
		_init_crc8     		CODE           	4FF8	0000	112

crc8.c estimated size: 168

C:\Program Files (x86)\Microchip\xc8\v1.21\sources\common\memcpy.c
		_memcpy        		CODE           	5514	0000	66

C:\Program Files (x86)\Microchip\xc8\v1.21\sources\common\memcpy.c estimated size: 66

C:\Program Files (x86)\Microchip\xc8\v1.21\sources\common\strtok.c
		_strtok        		CODE           	4BF6	0000	146

C:\Program Files (x86)\Microchip\xc8\v1.21\sources\common\strtok.c estimated size: 146

fifo.c
		_fifo_write    		CODE           	38FC	0000	254
		_fifo_read     		CODE           	41AA	0000	182
		_fifo_init     		CODE           	5596	0000	50
		_fifo_getFree  		CODE           	46FE	0000	150

fifo.c estimated size: 636

C:\Program Files (x86)\Microchip\xc8\v1.21\sources\common\strspn.c
		_strspn        		CODE           	54D0	0000	68

C:\Program Files (x86)\Microchip\xc8\v1.21\sources\common\strspn.c estimated size: 68

ECAN.c
		_ECANReceiveMes		CODE           	2774	0000	510
		__RegsToCANID  		CODE           	37C2	0000	252
		__ECANPointBuff		CODE           	4F82	0000	118
		_ECANInitialize		CODE           	4D9E	0000	128
		__CANIDToRegs  		CODE           	3A28	0000	192
		_ECANSetOperati		CODE           	5886	0000	26
		_ECANSendMessag		CODE           	3514	0000	366

ECAN.c estimated size: 1592

C:\Program Files (x86)\Microchip\xc8\v1.21\sources\pic18\plib\USART\uwrite.c
		_WriteUSART    		CODE           	58B6	0000	20

C:\Program Files (x86)\Microchip\xc8\v1.21\sources\pic18\plib\USART\uwrite.c estimated size: 20

C:\Program Files (x86)\Microchip\xc8\v1.21\sources\pic18\plib\USART\uputs.c
		_putsUSART     		CODE           	5308	0000	88

C:\Program Files (x86)\Microchip\xc8\v1.21\sources\pic18\plib\USART\uputs.c estimated size: 88

C:\Program Files (x86)\Microchip\xc8\v1.21\sources\pic18\plib\USART\uopen.c
		_OpenUSART     		CODE           	5254	0000	92

C:\Program Files (x86)\Microchip\xc8\v1.21\sources\pic18\plib\USART\uopen.c estimated size: 92

C:\Program Files (x86)\Microchip\xc8\v1.21\sources\common\lwmod.c
		___lwmod       		CODE           	5652	0000	62

C:\Program Files (x86)\Microchip\xc8\v1.21\sources\common\lwmod.c estimated size: 62

C:\Program Files (x86)\Microchip\xc8\v1.21\sources\common\atoi.c
		_atoi          		CODE           	3B3C	0000	248

C:\Program Files (x86)\Microchip\xc8\v1.21\sources\common\atoi.c estimated size: 248

C:\Program Files (x86)\Microchip\xc8\v1.21\sources\common\strchr.c
		_strchr        		CODE           	5130	0000	98

C:\Program Files (x86)\Microchip\xc8\v1.21\sources\common\strchr.c estimated size: 98

C:\Program Files (x86)\Microchip\xc8\v1.21\sources\common\toupper.c
		_toupper       		CODE           	58A0	0000	22

C:\Program Files (x86)\Microchip\xc8\v1.21\sources\common\toupper.c estimated size: 22

C:\Program Files (x86)\Microchip\xc8\v1.21\sources\common\ltoa.c
		_ultoa         		CODE           	3F1C	0000	210

C:\Program Files (x86)\Microchip\xc8\v1.21\sources\common\ltoa.c estimated size: 210

C:\Program Files (x86)\Microchip\xc8\v1.21\sources\common\memset.c
		_memset        		CODE           	57FC	0000	46

C:\Program Files (x86)\Microchip\xc8\v1.21\sources\common\memset.c estimated size: 46

