Microchip MPLAB XC8 Compiler V1.21 ()

Linker command line:

-W9 --edf=C:\Program Files (x86)\Microchip\xc8\v1.21\dat\en_msgs.txt \
  --UDF=html\Frankfurt_RS-232.X.production.link.html -cs \
  -h+dist/debug/production\Frankfurt_RS-232.X.production.sym \
  --cmf=dist/debug/production\Frankfurt_RS-232.X.production.cmf -z \
  -Q18F2580 -oC:\Users\GRODAN~1\AppData\Local\Temp\s9q4.6 \
  -Mdist/debug/production/Frankfurt_RS-232.X.production.map -E1 -ver=XC8 \
  -ACODE=00h-07FFFh -ACONST=00h-07FFFh -ASMALLCONST=0600h-06FFhx122 \
  -AMEDIUMCONST=0600h-07FFFh -ACOMRAM=01h-05Fh -AABS1=00h-05FFh \
  -ABIGRAM=01h-05FFh -ARAM=060h-0FFh,0100h-01FFhx5 -ABANK0=060h-0FFh \
  -ABANK1=0100h-01FFh -ABANK2=0200h-02FFh -ABANK3=0300h-03FFh \
  -ABANK4=0400h-04FFh -ABANK5=0500h-05FFh \
  -ASFR=0D00h-0DFFhx2,0F00h-0F5Fh,0F60h-0FFFh \
  -preset_vec=00h,intcode,intcodelo=018h,powerup,init,end_init \
  -pramtop=0600h -psmallconst=SMALLCONST -pmediumconst=MEDIUMCONST \
  -pconst=CONST -AFARRAM=00h-00h -ACONFIG=0300000h-030000Dh -pconfig=CONFIG \
  -AIDLOC=0200000h-0200007h -pidloc=IDLOC -AEEDATA=0F00000h-0F000FFh \
  -peeprom_data=EEDATA \
  -prdata=COMRAM,nvrram=COMRAM,nvbit=COMRAM,rbss=COMRAM,rbit=COMRAM \
  -pfarbss=FARRAM,fardata=FARRAM,nvFARRAM=FARRAM \
  -pintsave_regs=BIGRAM,bigbss=BIGRAM,bigdata=BIGRAM -pbss=RAM \
  -pidata=CODE,irdata=CODE,ibigdata=CODE,ifardata=CODE \
  C:\Users\GRODAN~1\AppData\Local\Temp\s9q4.obj \
  dist/debug/production\Frankfurt_RS-232.X.production.obj 

Object code version is 3.11

Machine type is 18F2580

Call graph: (short form)




                Name                               Link     Load   Length Selector   Space Scale
C:\Users\GRODAN~1\AppData\Local\Temp\s9q4.obj
                end_init                            2FA      2FA        4        C       0
                reset_vec                             0        0        4        0       0
                idloc                            200000   200000        8   200000       0
                config                           300000   300000        E   300000       0
dist/debug/production\Frankfurt_RS-232.X.production.obj
                intcodelo                            18       18      2E2        C       0
                mediumconst                        6F54     6F54     10AC     37AA       0
                text91                             5E1E     5E1E       1E        C       0
                text90                             3E46     3E46      12C        C       0
                text89                             5564     5564       76        C       0
                text88                             3D0C     3D0C      13A        C       0
                text87                             2A86     2A86      20C        C       0
                text86                             4E14     4E14       A8        C       0
                text85                             5EB6     5EB6       12        C       0
                text83                             5B26     5B26       40        C       0
                text82                             5EA4     5EA4       12        C       0
                text81                             5E92     5E92       12        C       0
                text80                             5E3C     5E3C       1A        C       0
                text79                             2E78     2E78      1DE        C       0
                text78                             3F72     3F72      114        C       0
                text77                             3056     3056      1D4        C       0
                text76                             57CE     57CE       5C        C       0
                text75                             5E00     5E00       1E        C       0
                text74                             5DB8     5DB8       28        C       0
                text73                             5E80     5E80       12        C       0
                text72                             53F6     53F6       80        C       0
                text71                             58DA     58DA       58        C       0
                text70                             5E6C     5E6C       14        C       0
                text69                             5882     5882       58        C       0
                text68                             5376     5376       80        C       0
                text67                             5ED0     5ED0        6        C       0
                text66                             5CC8     5CC8       34        C       0
                text65                             48E0     48E0       D0        C       0
                text64                             5EC8     5EC8        8        C       0
                text63                             59D2     59D2       4A        C       0
                text62                             5BE2     5BE2       3E        C       0
                text61                             4FFC     4FFC       A0        C       0
                text60                             5C5A     5C5A       38        C       0
                text59                             525C     525C       92        C       0
                text58                             5DE0     5DE0       20        C       0
                text57                             54EE     54EE       76        C       0
                text56                             570C     570C       62        C       0
                text55                             5CFC     5CFC       32        C       0
                text54                             1A10     1A10      740        C       0
                text53                             480E     480E       D2        C       0
                text52                             4D6C     4D6C       A8        C       0
                text51                             52EE     52EE       88        C       0
                text50                             27F2     27F2      294        C       0
                text49                             5AE6     5AE6       40        C       0
                text48                             5E56     5E56       16        C       0
                text47                             5644     5644       66        C       0
                text46                             5BA4     5BA4       3E        C       0
                text45                             5476     5476       78        C       0
                text44                             56AA     56AA       62        C       0
                text43                             5A60     5A60       44        C       0
                text42                             5A1C     5A1C       44        C       0
                text41                             51CA     51CA       92        C       0
                text40                             4086     4086      106        C       0
                text39                             35A6     35A6      19E        C       0
                text38                             252A     252A      2C8        C       0
                text37                             33E8     33E8      1BE        C       0
                text36                             5D8A     5D8A       2E        C       0
                text35                             3A5A     3A5A      16E        C       0
                text34                             5C20     5C20       3A        C       0
                text33                             4CB6     4CB6       B6        C       0
                text32                             4A7E     4A7E       C4        C       0
                text31                             582A     582A       58        C       0
                text30                             49B0     49B0       CE        C       0
                text29                             418C     418C      102        C       0
                text28                             5136     5136       94        C       0
                text27                             447C     447C       F0        C       0
                text26                             5D5C     5D5C       2E        C       0
                text25                             438A     438A       F2        C       0
                text24                             5988     5988       4A        C       0
                text23                             428E     428E       FC        C       0
                text22                              2FE      2FE     1712        C       0
                text21                             55DA     55DA       6A        C       0
                text20                             5C92     5C92       36        C       0
                text19                             576E     576E       60        C       0
                text18                             38D2     38D2      188        C       0
                text17                             3BC8     3BC8      144        C       0
                text16                             5D2E     5D2E       2E        C       0
                text15                             4F5C     4F5C       A0        C       0
                text14                             4EBC     4EBC       A0        C       0
                text13                             5AA4     5AA4       42        C       0
                text12                             456C     456C       EA        C       0
                text11                             5ED8     5ED8        2        C       0
                text10                             4C00     4C00       B6        C       0
                text9                              473C     473C       D2        C       0
                text8                              4B42     4B42       BE        C       0
                text7                              322A     322A      1BE        C       0
                text6                              4656     4656       E6        C       0
                text5                              3744     3744      18E        C       0
                text4                              5B66     5B66       3E        C       0
                text3                              509C     509C       9A        C       0
                text2                              2150     2150      3DA        C       0
                text1                              5ED6     5ED6        2        C       0
                text0                              2C92     2C92      1E6        C       0
                cstackCOMRAM                          1        1       21        1       1
                cstackBANK0                          60       60       87       60       1
                cstackBANK2                         280      280       45      200       1
                bssBIGRAM                           400      400      1EE      400       1
                bssBANK3                            300      300      100      300       1
                bssBANK2                            200      200       80      200       1
                bssBANK1                            100      100       ED      100       1
                bssCOMRAM                            22       22       1D        1       1
                cinit                              5932     5932       56        C       0
                nvBANK1                             1ED      1ED        2      100       1

TOTAL           Name                               Link     Load   Length     Space
        CLASS   CODE           
                end_init                            2FA      2FA        4         0
                intcodelo                            18       18      2E2         0
                reset_vec                             0        0        4         0
                text91                             5E1E     5E1E       1E         0
                text90                             3E46     3E46      12C         0
                text89                             5564     5564       76         0
                text88                             3D0C     3D0C      13A         0
                text87                             2A86     2A86      20C         0
                text86                             4E14     4E14       A8         0
                text85                             5EB6     5EB6       12         0
                text83                             5B26     5B26       40         0
                text82                             5EA4     5EA4       12         0
                text81                             5E92     5E92       12         0
                text80                             5E3C     5E3C       1A         0
                text79                             2E78     2E78      1DE         0
                text78                             3F72     3F72      114         0
                text77                             3056     3056      1D4         0
                text76                             57CE     57CE       5C         0
                text75                             5E00     5E00       1E         0
                text74                             5DB8     5DB8       28         0
                text73                             5E80     5E80       12         0
                text72                             53F6     53F6       80         0
                text71                             58DA     58DA       58         0
                text70                             5E6C     5E6C       14         0
                text69                             5882     5882       58         0
                text68                             5376     5376       80         0
                text67                             5ED0     5ED0        6         0
                text66                             5CC8     5CC8       34         0
                text65                             48E0     48E0       D0         0
                text64                             5EC8     5EC8        8         0
                text63                             59D2     59D2       4A         0
                text62                             5BE2     5BE2       3E         0
                text61                             4FFC     4FFC       A0         0
                text60                             5C5A     5C5A       38         0
                text59                             525C     525C       92         0
                text58                             5DE0     5DE0       20         0
                text57                             54EE     54EE       76         0
                text56                             570C     570C       62         0
                text55                             5CFC     5CFC       32         0
                text54                             1A10     1A10      740         0
                text53                             480E     480E       D2         0
                text52                             4D6C     4D6C       A8         0
                text51                             52EE     52EE       88         0
                text50                             27F2     27F2      294         0
                text49                             5AE6     5AE6       40         0
                text48                             5E56     5E56       16         0
                text47                             5644     5644       66         0
                text46                             5BA4     5BA4       3E         0
                text45                             5476     5476       78         0
                text44                             56AA     56AA       62         0
                text43                             5A60     5A60       44         0
                text42                             5A1C     5A1C       44         0
                text41                             51CA     51CA       92         0
                text40                             4086     4086      106         0
                text39                             35A6     35A6      19E         0
                text38                             252A     252A      2C8         0
                text37                             33E8     33E8      1BE         0
                text36                             5D8A     5D8A       2E         0
                text35                             3A5A     3A5A      16E         0
                text34                             5C20     5C20       3A         0
                text33                             4CB6     4CB6       B6         0
                text32                             4A7E     4A7E       C4         0
                text31                             582A     582A       58         0
                text30                             49B0     49B0       CE         0
                text29                             418C     418C      102         0
                text28                             5136     5136       94         0
                text27                             447C     447C       F0         0
                text26                             5D5C     5D5C       2E         0
                text25                             438A     438A       F2         0
                text24                             5988     5988       4A         0
                text23                             428E     428E       FC         0
                text22                              2FE      2FE     1712         0
                text21                             55DA     55DA       6A         0
                text20                             5C92     5C92       36         0
                text19                             576E     576E       60         0
                text18                             38D2     38D2      188         0
                text17                             3BC8     3BC8      144         0
                text16                             5D2E     5D2E       2E         0
                text15                             4F5C     4F5C       A0         0
                text14                             4EBC     4EBC       A0         0
                text13                             5AA4     5AA4       42         0
                text12                             456C     456C       EA         0
                text11                             5ED8     5ED8        2         0
                text10                             4C00     4C00       B6         0
                text9                              473C     473C       D2         0
                text8                              4B42     4B42       BE         0
                text7                              322A     322A      1BE         0
                text6                              4656     4656       E6         0
                text5                              3744     3744      18E         0
                text4                              5B66     5B66       3E         0
                text3                              509C     509C       9A         0
                text2                              2150     2150      3DA         0
                text1                              5ED6     5ED6        2         0
                text0                              2C92     2C92      1E6         0
                cinit                              5932     5932       56         0

        CLASS   CONST          

        CLASS   SMALLCONST     

        CLASS   MEDIUMCONST    
                mediumconst                        6F54     6F54     10AC         0

        CLASS   COMRAM         
                cstackCOMRAM                          1        1       21         1
                bssCOMRAM                            22       22       1D         1

        CLASS   ABS1           

        CLASS   BIGRAM         
                bssBIGRAM                           400      400      1EE         1

        CLASS   RAM            

        CLASS   BANK0          
                cstackBANK0                          60       60       87         1

        CLASS   BANK1          
                bssBANK1                            100      100       ED         1
                nvBANK1                             1ED      1ED        2         1

        CLASS   BANK2          
                cstackBANK2                         280      280       45         1
                bssBANK2                            200      200       80         1

        CLASS   BANK3          
                bssBANK3                            300      300      100         1

        CLASS   BANK4          

        CLASS   BANK5          

        CLASS   SFR            

        CLASS   FARRAM         

        CLASS   CONFIG         
                config                           300000   300000        E         0

        CLASS   IDLOC          
                idloc                            200000   200000        8         0

        CLASS   EEDATA         



SEGMENTS        Name                           Load    Length   Top    Selector   Space  Class

                reset_vec                      000000  000004  000004         0       0  CODE    
                cstackCOMRAM                   000001  00003E  00003F         1       1  COMRAM  
                intcodelo                      000018  005EC2  005EDA         C       0  CODE    
                cstackBANK0                    000060  000087  0000E7        60       1  BANK0   
                bssBANK1                       000100  0000EF  0001EF       100       1  BANK1   
                bssBANK2                       000200  0000C5  0002C5       200       1  BANK2   
                bssBANK3                       000300  000100  000400       300       1  BANK3   
                bssBIGRAM                      000400  0001EE  0005EE       400       1  BIGRAM  
                mediumconst                    006F54  0010AC  008000      37AA       0  MEDIUMCO
                idloc                          200000  000008  200008    200000       0  IDLOC   
                config                         300000  00000E  30000E    300000       0  CONFIG  


UNUSED ADDRESS RANGES

        Name                Unused          Largest block    Delta
        BANK0            0000E7-0000FF               19
        BANK1            0001EF-0001FF               11
        BANK2            0002C5-0002FF               3B
        BANK5            0005EE-0005FF               12
        BIGRAM           00003F-00005F               21
                         0000E7-0000FF               19
                         0001EF-0001FF               11
                         0002C5-0002FF               3B
                         0005EE-0005FF               12
        CODE             000004-000017               14
                         005EDA-006F53             107A
        COMRAM           00003F-00005F               21
        CONST            000004-000017               14
                         005EDA-006F53             107A
        EEDATA           F00000-F000FF              100
        MEDIUMCONST      005EDA-006F53             107A
        RAM              0000E7-0000FF               19
                         0001EF-0001FF               11
                         0002C5-0002FF               3B
                         0005EE-0005FF               12
        SFR              000D00-000FFF              100
        SMALLCONST       005EDA-006F53              100

                                  Symbol Table

?_ECANReceiveMessage                    cstackCOMRAM 00000A
?_ECANSendMessage                       cstackBANK0  00006C
?_OpenUSART                             cstackBANK0  000060
?_Read_b_eep                            cstackBANK0  000060
?_WriteTimer0                           cstackBANK0  000060
?_WriteTimer1                           cstackBANK0  000060
?_Write_b_eep                           cstackBANK0  000060
?__CANIDToRegs                          cstackBANK0  000062
?__ECANPointBuffer                      cstackCOMRAM 000001
?__RegsToCANID                          cstackCOMRAM 000001
?___lldiv                               cstackBANK0  000060
?___llmod                               cstackBANK0  00006D
?___lwdiv                               cstackBANK0  000060
?___lwmod                               cstackBANK0  000060
?___wmul                                cstackBANK0  000060
?_atoi                                  cstackBANK0  000066
?_calcCRC                               cstackBANK0  00006C
?_crc8                                  cstackBANK0  000067
?_fifo_getFree                          cstackCOMRAM 000001
?_fifo_init                             cstackBANK0  000060
?_fifo_read                             cstackBANK0  000060
?_fifo_write                            cstackCOMRAM 000001
?_getCANFrame                           cstackBANK0  00006E
?_getVSCPFrame                          cstackBANK0  000073
?_hexStringToBytes                      cstackBANK0  000064
?_itoa                                  cstackBANK0  000070
?_memcpy                                cstackBANK0  000060
?_memset                                cstackBANK0  000060
?_putsUSART                             cstackBANK0  000061
?_readRegister                          cstackBANK0  0000B8
?_readRegisterExtended                  cstackBANK0  0000B8
?_sendCANFrame                          cstackBANK0  000091
?_sendEscapedUartData                   cstackBANK0  00006C
?_sendVSCPDriverCommandReply            cstackBANK0  00006F
?_sendVSCPFrame                         cstackBANK0  000098
?_setFilter                             cstackBANK0  000062
?_sprintf                               cstackBANK0  000076
?_strcat                                cstackBANK0  000060
?_strchr                                cstackBANK0  000060
?_strcpy                                cstackBANK0  000060
?_strcspn                               cstackBANK0  000066
?_strichr                               cstackBANK0  000061
?_stristr                               cstackBANK0  00006D
?_strlen                                cstackBANK0  000060
?_strnicmp                              cstackBANK0  000064
?_strspn                                cstackBANK0  000066
?_strtok                                cstackBANK0  00006C
?_ultoa                                 cstackBANK0  000076
?_utoa                                  cstackBANK0  000067
?_writeRegisterExtended                 cstackBANK0  0000B8
?i1_WriteTimer0                         cstackCOMRAM 000001
ECANReceiveMessage@data                 cstackCOMRAM 00000C
ECANReceiveMessage@dataLen              cstackCOMRAM 00000E
ECANReceiveMessage@i                    cstackCOMRAM 000012
ECANReceiveMessage@id                   cstackCOMRAM 00000A
ECANReceiveMessage@mode                 cstackCOMRAM 000013
ECANReceiveMessage@msgFlags             cstackCOMRAM 00000F
ECANReceiveMessage@ptr                  cstackCOMRAM 000015
ECANReceiveMessage@savedPtr             cstackCOMRAM 000010
ECANReceiveMessage@temp                 cstackCOMRAM 000014
ECANSendMessage@buffers                 cstackBANK0  000088
ECANSendMessage@data                    cstackBANK0  000070
ECANSendMessage@dataLen                 cstackBANK0  000072
ECANSendMessage@i                       cstackBANK0  00008E
ECANSendMessage@id                      cstackBANK0  00006C
ECANSendMessage@j                       cstackBANK0  000089
ECANSendMessage@mode                    cstackBANK0  000087
ECANSendMessage@msgFlags                cstackBANK0  000073
ECANSendMessage@pb                      cstackBANK0  000075
ECANSendMessage@ptr                     cstackBANK0  00008F
ECANSendMessage@temp                    cstackBANK0  00008D
ECANSendMessage@tempBSEL0               cstackBANK0  00008A
ECANSendMessage@tempPtr                 cstackBANK0  00008B
ECANSetOperationMode@mode               cstackBANK0  000060
Interrupt@c                             cstackCOMRAM 000020
Interrupt@fail                          cstackCOMRAM 000021
OpenTimer0@config                       cstackBANK0  000060
OpenTimer1@config                       cstackBANK0  000060
OpenUSART@config                        cstackBANK0  000062
OpenUSART@spbrg                         cstackBANK0  000060
PL10                                    text22       0018D8
PL100                                   text8        004BF2
PL102                                   text22       001A00
PL104                                   text87       002C84
PL106                                   text83       005B58
PL108                                   text78       00407C
PL110                                   text54       002146
PL12                                    text54       002082
PL14                                    text90       003F44
PL16                                    text54       0020A0
PL18                                    text40       00417E
PL2                                     text22       001884
PL20                                    text54       0020B0
PL22                                    text88       003E08
PL24                                    text22       001922
PL26                                    text18       003A38
PL28                                    text78       004032
PL30                                    text22       001932
PL32                                    text77       0031F4
PL34                                    text22       001946
PL36                                    text53       0048C4
PL38                                    text22       001958
PL4                                     text22       0018A0
PL40                                    text22       001972
PL42                                    text54       0020D6
PL44                                    text14       004F4E
PL46                                    text78       004046
PL48                                    text15       004FEE
PL50                                    text54       0020F0
PL52                                    text22       00198C
PL54                                    text78       004056
PL56                                    text77       003212
PL58                                    text59       0052D8
PL6                                     text22       0018BA
PL60                                    text54       002106
PL62                                    text22       0019A4
PL64                                    text54       00211C
PL66                                    text78       004068
PL68                                    text88       003E1E
PL70                                    text22       0019BA
PL72                                    text88       003E32
PL74                                    text6        004728
PL76                                    text29       00427A
PL78                                    text22       0019CE
PL8                                     text22       0018CA
PL80                                    text18       003A48
PL82                                    text86       004EAA
PL84                                    text54       00212A
PL86                                    text2        00251E
PL88                                    text9        004800
PL90                                    text22       0019E0
PL92                                    text54       00213C
PL94                                    text55       005D1E
PL96                                    text5        0038C4
PL98                                    text22       0019F0
ReadUSART@data                          cstackCOMRAM 000001
Read_b_eep@badd                         cstackBANK0  000060
WriteTimer0@timer                       cstackBANK0  000062
WriteTimer0@timer0                      cstackBANK0  000060
WriteTimer1@timer                       cstackBANK0  000062
WriteTimer1@timer1                      cstackBANK0  000060
WriteUSART@data                         cstackBANK0  000060
Write_b_eep@GIE_BIT_VAL                 cstackBANK0  000063
Write_b_eep@badd                        cstackBANK0  000060
Write_b_eep@bdat                        cstackBANK0  000062
_B0CON                                  (abs)        000E20
_B0RXFUL                                (abs)        007107
_B0TXEN                                 (abs)        006FC2
_B1CON                                  (abs)        000E30
_B1RXFUL                                (abs)        007187
_B1TXEN                                 (abs)        006FC3
_B2CON                                  (abs)        000E40
_B2RXFUL                                (abs)        007207
_B2TXEN                                 (abs)        006FC4
_B3CON                                  (abs)        000E50
_B3RXFUL                                (abs)        007287
_B3TXEN                                 (abs)        006FC5
_B4CON                                  (abs)        000E60
_B4RXFUL                                (abs)        007307
_B4TXEN                                 (abs)        006FC6
_B5CON                                  (abs)        000E70
_B5RXFUL                                (abs)        007387
_B5TXEN                                 (abs)        006FC7
_BRGCON1                                (abs)        000F70
_BRGCON2                                (abs)        000F71
_BRGCON3                                (abs)        000F72
_BSEL0                                  (abs)        000DF8
_Busy_eep                               text67       005ED0
_CANCON                                 (abs)        000F6F
_CIOCON                                 (abs)        000F73
_COMSTATbits                            (abs)        000F74
_ECANCON                                (abs)        000F77
_ECANInitialize                         text72       0053F6
_ECANReceiveMessage                     text87       002A86
_ECANSendMessage                        text35       003A5A
_ECANSetOperationMode                   text80       005E3C
_EEADR                                  (abs)        000FA9
_EECON1bits                             (abs)        000FA6
_EECON2                                 (abs)        000FA7
_EEDATA                                 (abs)        000FA8
_ERRIE                                  (abs)        007D1D
_FIFOEMPTY                              (abs)        007BA7
_INTCONbits                             (abs)        000FF2
_IRXIF                                  (abs)        007D27
_Interrupt                              intcodelo    000018
_LATC1                                  (abs)        007C59
_MDSEL0                                 (abs)        007BBE
_MDSEL1                                 (abs)        007BBF
_MSEL0                                  (abs)        000DF0
_MSEL1                                  (abs)        000DF1
_MSEL2                                  (abs)        000DF2
_OSCCONbits                             (abs)        000FD3
_OSCTUNEbits                            (abs)        000F9B
_OpenTimer0                             text75       005E00
_OpenTimer1                             text74       005DB8
_OpenUSART                              text76       0057CE
_PEIE                                   (abs)        007F96
_PIE1bits                               (abs)        000F9D
_PIR1bits                               (abs)        000F9E
_RCIE                                   (abs)        007CED
_RCIF                                   (abs)        007CF5
_RCIP                                   (abs)        007CFD
_RCREG                                  (abs)        000FAE
_RCSTA                                  (abs)        000FAB
_RCSTAbits                              (abs)        000FAB
_RXB0CON                                (abs)        000F60
_RXB0FILHIT0                            (abs)        007B00
_RXB0FUL                                (abs)        007B07
_RXB0IF                                 (abs)        007D20
_RXB0OVFL                               (abs)        007BA7
_RXB1CON                                (abs)        000F50
_RXB1CONbits                            (abs)        000F50
_RXB1IF                                 (abs)        007D21
_RXB1OVFL                               (abs)        007BA6
_RXBnIE                                 (abs)        007D19
_RXBnIF                                 (abs)        007D21
_RXERRCNT                               (abs)        000F75
_RXF0EIDH                               (abs)        000F02
_RXF0EIDL                               (abs)        000F03
_RXF0SIDH                               (abs)        000F00
_RXF0SIDL                               (abs)        000F01
_RXF10EIDH                              (abs)        000D76
_RXF10EIDL                              (abs)        000D77
_RXF10SIDH                              (abs)        000D74
_RXF10SIDL                              (abs)        000D75
_RXF11EIDH                              (abs)        000D7A
_RXF11EIDL                              (abs)        000D7B
_RXF11SIDH                              (abs)        000D78
_RXF11SIDL                              (abs)        000D79
_RXF12EIDH                              (abs)        000D82
_RXF12EIDL                              (abs)        000D83
_RXF12SIDH                              (abs)        000D80
_RXF12SIDL                              (abs)        000D81
_RXF13EIDH                              (abs)        000D86
_RXF13EIDL                              (abs)        000D87
_RXF13SIDH                              (abs)        000D84
_RXF13SIDL                              (abs)        000D85
_RXF14EIDH                              (abs)        000D8A
_RXF14EIDL                              (abs)        000D8B
_RXF14SIDH                              (abs)        000D88
_RXF14SIDL                              (abs)        000D89
_RXF15EIDH                              (abs)        000D92
_RXF15EIDL                              (abs)        000D93
_RXF15SIDH                              (abs)        000D90
_RXF15SIDL                              (abs)        000D91
_RXF1EIDH                               (abs)        000F06
_RXF1EIDL                               (abs)        000F07
_RXF1SIDH                               (abs)        000F04
_RXF1SIDL                               (abs)        000F05
_RXF2EIDH                               (abs)        000F0A
_RXF2EIDL                               (abs)        000F0B
_RXF2SIDH                               (abs)        000F08
_RXF2SIDL                               (abs)        000F09
_RXF3EIDH                               (abs)        000F0E
_RXF3EIDL                               (abs)        000F0F
_RXF3SIDH                               (abs)        000F0C
_RXF3SIDL                               (abs)        000F0D
_RXF4EIDH                               (abs)        000F12
_RXF4EIDL                               (abs)        000F13
_RXF4SIDH                               (abs)        000F10
_RXF4SIDL                               (abs)        000F11
_RXF5EIDH                               (abs)        000F16
_RXF5EIDL                               (abs)        000F17
_RXF5SIDH                               (abs)        000F14
_RXF5SIDL                               (abs)        000F15
_RXF6EIDH                               (abs)        000D62
_RXF6EIDL                               (abs)        000D63
_RXF6SIDH                               (abs)        000D60
_RXF6SIDL                               (abs)        000D61
_RXF7EIDH                               (abs)        000D66
_RXF7EIDL                               (abs)        000D67
_RXF7SIDH                               (abs)        000D64
_RXF7SIDL                               (abs)        000D65
_RXF8EIDH                               (abs)        000D6A
_RXF8EIDL                               (abs)        000D6B
_RXF8SIDH                               (abs)        000D68
_RXF8SIDL                               (abs)        000D69
_RXF9EIDH                               (abs)        000D72
_RXF9EIDL                               (abs)        000D73
_RXF9SIDH                               (abs)        000D70
_RXF9SIDL                               (abs)        000D71
_RXFBCON0                               (abs)        000DE0
_RXFBCON1                               (abs)        000DE1
_RXFBCON2                               (abs)        000DE2
_RXFBCON3                               (abs)        000DE3
_RXFBCON4                               (abs)        000DE4
_RXFBCON5                               (abs)        000DE5
_RXFBCON6                               (abs)        000DE6
_RXFBCON7                               (abs)        000DE7
_RXFCON0                                (abs)        000DD4
_RXFCON1                                (abs)        000DD5
_RXM0EIDH                               (abs)        000F1A
_RXM0EIDL                               (abs)        000F1B
_RXM0EXIDM                              (abs)        0078CB
_RXM0SIDH                               (abs)        000F18
_RXM0SIDL                               (abs)        000F19
_RXM1EIDH                               (abs)        000F1E
_RXM1EIDL                               (abs)        000F1F
_RXM1EXIDEN                             (abs)        0078EB
_RXM1SIDH                               (abs)        000F1C
_RXM1SIDL                               (abs)        000F1D
_ReadUSART                              text91       005E1E
_Read_b_eep                             text81       005E92
_SPBRG                                  (abs)        000FAF
_SPBRGH                                 (abs)        000FB0
_T0CON                                  (abs)        000FD5
_T0CONbits                              (abs)        000FD5
_T1CON                                  (abs)        000FCD
_T1CONbits                              (abs)        000FCD
_TMR0H                                  (abs)        000FD7
_TMR0L                                  (abs)        000FD6
_TMR1H                                  (abs)        000FCF
_TMR1L                                  (abs)        000FCE
_TRISBbits                              (abs)        000F93
_TRISCbits                              (abs)        000F94
_TXB0CON                                (abs)        000F40
_TXB1CON                                (abs)        000F30
_TXB2CON                                (abs)        000F20
_TXERRCNT                               (abs)        000F76
_TXREG                                  (abs)        000FAD
_TXSTA                                  (abs)        000FAC
_TXSTAbits                              (abs)        000FAC
_USART_Status                           bssCOMRAM    000028
_WriteTimer0                            text82       005EA4
_WriteTimer1                            text73       005E80
_WriteUSART                             text70       005E6C
_Write_b_eep                            text66       005CC8
__CANIDToRegs                           text78       003F72
__CANIDToRegs@Value                     cstackBANK0  00006B
__CANIDToRegs@ptr                       cstackBANK0  000062
__CANIDToRegs@type                      cstackBANK0  000068
__CANIDToRegs@val                       cstackBANK0  000064
__CFG_BOREN$BOACTIVE                    (abs)        000000
__CFG_BORV$3                            (abs)        000000
__CFG_CPB$OFF                           (abs)        000000
__CFG_EBTR0$OFF                         (abs)        000000
__CFG_EBTR1$OFF                         (abs)        000000
__CFG_EBTR2$OFF                         (abs)        000000
__CFG_EBTR3$OFF                         (abs)        000000
__CFG_EBTRB$OFF                         (abs)        000000
__CFG_LVP$OFF                           (abs)        000000
__CFG_OSC$HSPLL                         (abs)        000000
__CFG_PWRT$ON                           (abs)        000000
__CFG_STVREN$ON                         (abs)        000000
__CFG_WDT$OFF                           (abs)        000000
__CFG_WRTD$OFF                          (abs)        000000
__ECANPointBuffer                       text89       005564
__ECANPointBuffer@b                     cstackCOMRAM 000004
__ECANPointBuffer@pt                    cstackCOMRAM 000005
__ECANRxFilterHitInfo                   bssCOMRAM    000029
__HRAM                                  (abs)        000000
__Habs1                                 abs1         000000
__Hbank0                                bank0        000000
__Hbank1                                bank1        000000
__Hbank2                                bank2        000000
__Hbank3                                bank3        000000
__Hbank4                                bank4        000000
__Hbank5                                bank5        000000
__Hbigbss                               bigbss       000000
__Hbigdata                              bigdata      000000
__Hbigram                               bigram       000000
__Hbss                                  bss          000000
__HbssBANK1                             bssBANK1     000000
__HbssBANK2                             bssBANK2     000000
__HbssBANK3                             bssBANK3     000000
__HbssBIGRAM                            bssBIGRAM    000000
__HbssCOMRAM                            bssCOMRAM    000000
__Hcinit                                cinit        000000
__Hclrtext                              clrtext      000000
__Hcomram                               comram       000000
__Hconfig                               config       30000E
__Hconst                                const        000000
__HcstackBANK0                          cstackBANK0  000000
__HcstackBANK2                          cstackBANK2  000000
__HcstackCOMRAM                         cstackCOMRAM 000000
__Hdata                                 data         000000
__Heeprom_data                          eeprom_data  000000
__Hend_init                             end_init     0002FE
__Hfarbss                               farbss       000000
__Hfardata                              fardata      000000
__Hibigdata                             ibigdata     000000
__Hidata                                idata        000000
__Hidloc                                idloc        200008
__Hifardata                             ifardata     000000
__Hinit                                 init         0002FA
__Hintcode                              intcode      000004
__Hintcode_body                         intcode_body 000000
__Hintcodelo                            intcodelo    0002FA
__Hintentry                             intentry     000000
__Hintret                               intret       000000
__Hintsave_regs                         intsave_regs 000000
__Hirdata                               irdata       000000
__Hmediumconst                          mediumconst  008000
__HnvBANK1                              nvBANK1      000000
__HnvFARRAM                             nvFARRAM     000000
__Hnvbit                                nvbit        000000
__Hnvrram                               nvrram       000000
__Hpa_nodes                             pa_nodes     000000
__Hparam                                rparam       000000
__Hpowerup                              powerup      0002FA
__Hram                                  ram          000000
__Hramtop                               ramtop       000600
__Hrbit                                 rbit         000000
__Hrbss                                 rbss         000000
__Hrdata                                rdata        000000
__Hreset_vec                            reset_vec    000004
__Hrparam                               rparam       000000
__Hsfr                                  sfr          000000
__Hsmallconst                           smallconst   000000
__Hstruct                               struct       000000
__Htemp                                 temp         000000
__Htext                                 text         000000
__Htext0                                text0        000000
__Htext1                                text1        000000
__Htext10                               text10       000000
__Htext11                               text11       000000
__Htext12                               text12       000000
__Htext13                               text13       000000
__Htext14                               text14       000000
__Htext15                               text15       000000
__Htext16                               text16       000000
__Htext17                               text17       000000
__Htext18                               text18       000000
__Htext19                               text19       000000
__Htext2                                text2        000000
__Htext20                               text20       000000
__Htext21                               text21       000000
__Htext22                               text22       000000
__Htext23                               text23       000000
__Htext24                               text24       000000
__Htext25                               text25       000000
__Htext26                               text26       000000
__Htext27                               text27       000000
__Htext28                               text28       000000
__Htext29                               text29       000000
__Htext3                                text3        000000
__Htext30                               text30       000000
__Htext31                               text31       000000
__Htext32                               text32       000000
__Htext33                               text33       000000
__Htext34                               text34       000000
__Htext35                               text35       000000
__Htext36                               text36       000000
__Htext37                               text37       000000
__Htext38                               text38       000000
__Htext39                               text39       000000
__Htext4                                text4        000000
__Htext40                               text40       000000
__Htext41                               text41       000000
__Htext42                               text42       000000
__Htext43                               text43       000000
__Htext44                               text44       000000
__Htext45                               text45       000000
__Htext46                               text46       000000
__Htext47                               text47       000000
__Htext48                               text48       000000
__Htext49                               text49       000000
__Htext5                                text5        000000
__Htext50                               text50       000000
__Htext51                               text51       000000
__Htext52                               text52       000000
__Htext53                               text53       000000
__Htext54                               text54       000000
__Htext55                               text55       000000
__Htext56                               text56       000000
__Htext57                               text57       000000
__Htext58                               text58       000000
__Htext59                               text59       000000
__Htext6                                text6        000000
__Htext60                               text60       000000
__Htext61                               text61       000000
__Htext62                               text62       000000
__Htext63                               text63       000000
__Htext64                               text64       000000
__Htext65                               text65       000000
__Htext66                               text66       000000
__Htext67                               text67       000000
__Htext68                               text68       000000
__Htext69                               text69       000000
__Htext7                                text7        000000
__Htext70                               text70       000000
__Htext71                               text71       000000
__Htext72                               text72       000000
__Htext73                               text73       000000
__Htext74                               text74       000000
__Htext75                               text75       000000
__Htext76                               text76       000000
__Htext77                               text77       000000
__Htext78                               text78       000000
__Htext79                               text79       000000
__Htext8                                text8        000000
__Htext80                               text80       000000
__Htext81                               text81       000000
__Htext82                               text82       000000
__Htext83                               text83       000000
__Htext85                               text85       000000
__Htext86                               text86       000000
__Htext87                               text87       000000
__Htext88                               text88       000000
__Htext89                               text89       000000
__Htext9                                text9        000000
__Htext90                               text90       000000
__Htext91                               text91       000000
__LRAM                                  (abs)        000001
__Labs1                                 abs1         000000
__Lbank0                                bank0        000000
__Lbank1                                bank1        000000
__Lbank2                                bank2        000000
__Lbank3                                bank3        000000
__Lbank4                                bank4        000000
__Lbank5                                bank5        000000
__Lbigbss                               bigbss       000000
__Lbigdata                              bigdata      000000
__Lbigram                               bigram       000000
__Lbss                                  bss          000000
__LbssBANK1                             bssBANK1     000000
__LbssBANK2                             bssBANK2     000000
__LbssBANK3                             bssBANK3     000000
__LbssBIGRAM                            bssBIGRAM    000000
__LbssCOMRAM                            bssCOMRAM    000000
__Lcinit                                cinit        000000
__Lclrtext                              clrtext      000000
__Lcomram                               comram       000000
__Lconfig                               config       300000
__Lconst                                const        000000
__LcstackBANK0                          cstackBANK0  000000
__LcstackBANK2                          cstackBANK2  000000
__LcstackCOMRAM                         cstackCOMRAM 000000
__Ldata                                 data         000000
__Leeprom_data                          eeprom_data  000000
__Lend_init                             end_init     0002FA
__Lfarbss                               farbss       000000
__Lfardata                              fardata      000000
__Libigdata                             ibigdata     000000
__Lidata                                idata        000000
__Lidloc                                idloc        200000
__Lifardata                             ifardata     000000
__Linit                                 init         0002FA
__Lintcode                              intcode      000004
__Lintcode_body                         intcode_body 000000
__Lintcodelo                            intcodelo    000018
__Lintentry                             intentry     000000
__Lintret                               intret       000000
__Lintsave_regs                         intsave_regs 000000
__Lirdata                               irdata       000000
__Lmediumconst                          mediumconst  006F54
__LnvBANK1                              nvBANK1      000000
__LnvFARRAM                             nvFARRAM     000000
__Lnvbit                                nvbit        000000
__Lnvrram                               nvrram       000000
__Lpa_nodes                             pa_nodes     000000
__Lparam                                rparam       000000
__Lpowerup                              powerup      0002FA
__Lram                                  ram          000000
__Lramtop                               ramtop       000600
__Lrbit                                 rbit         000000
__Lrbss                                 rbss         000000
__Lrdata                                rdata        000000
__Lreset_vec                            reset_vec    000000
__Lrparam                               rparam       000000
__Lsfr                                  sfr          000000
__Lsmallconst                           smallconst   000000
__Lstruct                               struct       000000
__Ltemp                                 temp         000000
__Ltext                                 text         000000
__Ltext0                                text0        000000
__Ltext1                                text1        000000
__Ltext10                               text10       000000
__Ltext11                               text11       000000
__Ltext12                               text12       000000
__Ltext13                               text13       000000
__Ltext14                               text14       000000
__Ltext15                               text15       000000
__Ltext16                               text16       000000
__Ltext17                               text17       000000
__Ltext18                               text18       000000
__Ltext19                               text19       000000
__Ltext2                                text2        000000
__Ltext20                               text20       000000
__Ltext21                               text21       000000
__Ltext22                               text22       000000
__Ltext23                               text23       000000
__Ltext24                               text24       000000
__Ltext25                               text25       000000
__Ltext26                               text26       000000
__Ltext27                               text27       000000
__Ltext28                               text28       000000
__Ltext29                               text29       000000
__Ltext3                                text3        000000
__Ltext30                               text30       000000
__Ltext31                               text31       000000
__Ltext32                               text32       000000
__Ltext33                               text33       000000
__Ltext34                               text34       000000
__Ltext35                               text35       000000
__Ltext36                               text36       000000
__Ltext37                               text37       000000
__Ltext38                               text38       000000
__Ltext39                               text39       000000
__Ltext4                                text4        000000
__Ltext40                               text40       000000
__Ltext41                               text41       000000
__Ltext42                               text42       000000
__Ltext43                               text43       000000
__Ltext44                               text44       000000
__Ltext45                               text45       000000
__Ltext46                               text46       000000
__Ltext47                               text47       000000
__Ltext48                               text48       000000
__Ltext49                               text49       000000
__Ltext5                                text5        000000
__Ltext50                               text50       000000
__Ltext51                               text51       000000
__Ltext52                               text52       000000
__Ltext53                               text53       000000
__Ltext54                               text54       000000
__Ltext55                               text55       000000
__Ltext56                               text56       000000
__Ltext57                               text57       000000
__Ltext58                               text58       000000
__Ltext59                               text59       000000
__Ltext6                                text6        000000
__Ltext60                               text60       000000
__Ltext61                               text61       000000
__Ltext62                               text62       000000
__Ltext63                               text63       000000
__Ltext64                               text64       000000
__Ltext65                               text65       000000
__Ltext66                               text66       000000
__Ltext67                               text67       000000
__Ltext68                               text68       000000
__Ltext69                               text69       000000
__Ltext7                                text7        000000
__Ltext70                               text70       000000
__Ltext71                               text71       000000
__Ltext72                               text72       000000
__Ltext73                               text73       000000
__Ltext74                               text74       000000
__Ltext75                               text75       000000
__Ltext76                               text76       000000
__Ltext77                               text77       000000
__Ltext78                               text78       000000
__Ltext79                               text79       000000
__Ltext8                                text8        000000
__Ltext80                               text80       000000
__Ltext81                               text81       000000
__Ltext82                               text82       000000
__Ltext83                               text83       000000
__Ltext85                               text85       000000
__Ltext86                               text86       000000
__Ltext87                               text87       000000
__Ltext88                               text88       000000
__Ltext89                               text89       000000
__Ltext9                                text9        000000
__Ltext90                               text90       000000
__Ltext91                               text91       000000
__RegsToCANID                           text88       003D0C
__RegsToCANID@Value                     cstackCOMRAM 000008
__RegsToCANID@ptr                       cstackCOMRAM 000001
__RegsToCANID@type                      cstackCOMRAM 000005
__RegsToCANID@val                       cstackCOMRAM 000003
__S0                                    (abs)        30000E
__S1                                    (abs)        0005EE
___lldiv                                text57       0054EE
___lldiv@counter                        cstackBANK0  00006C
___lldiv@dividend                       cstackBANK0  000060
___lldiv@divisor                        cstackBANK0  000064
___lldiv@quotient                       cstackBANK0  000068
___llmod                                text56       00570C
___llmod@counter                        cstackBANK0  000075
___llmod@dividend                       cstackBANK0  00006D
___llmod@divisor                        cstackBANK0  000071
___lwdiv                                text63       0059D2
___lwdiv@counter                        cstackBANK0  000064
___lwdiv@dividend                       cstackBANK0  000060
___lwdiv@divisor                        cstackBANK0  000062
___lwdiv@quotient                       cstackBANK0  000065
___lwmod                                text62       005BE2
___lwmod@counter                        cstackBANK0  000064
___lwmod@dividend                       cstackBANK0  000060
___lwmod@divisor                        cstackBANK0  000062
___wmul                                 text55       005CFC
___wmul@multiplicand                    cstackBANK0  000062
___wmul@multiplier                      cstackBANK0  000060
___wmul@product                         cstackBANK0  000064
__accesstop                             (abs)        000060
__activetblptr                          (abs)        000002
__end_ofPL10                            text22       001922
__end_ofPL100                           text8        004C00
__end_ofPL102                           text22       001A10
__end_ofPL104                           text87       002C92
__end_ofPL106                           text83       005B66
__end_ofPL108                           text78       004086
__end_ofPL110                           text54       002150
__end_ofPL12                            text54       0020A0
__end_ofPL14                            text90       003F72
__end_ofPL16                            text54       0020B0
__end_ofPL18                            text40       00418C
__end_ofPL2                             text22       0018A0
__end_ofPL20                            text54       0020D6
__end_ofPL22                            text88       003E1E
__end_ofPL24                            text22       001932
__end_ofPL26                            text18       003A48
__end_ofPL28                            text78       004046
__end_ofPL30                            text22       001946
__end_ofPL32                            text77       003212
__end_ofPL34                            text22       001958
__end_ofPL36                            text53       0048E0
__end_ofPL38                            text22       001972
__end_ofPL4                             text22       0018BA
__end_ofPL40                            text22       00198C
__end_ofPL42                            text54       0020F0
__end_ofPL44                            text14       004F5C
__end_ofPL46                            text78       004056
__end_ofPL48                            text15       004FFC
__end_ofPL50                            text54       002106
__end_ofPL52                            text22       0019A4
__end_ofPL54                            text78       004068
__end_ofPL56                            text77       00322A
__end_ofPL58                            text59       0052EE
__end_ofPL6                             text22       0018CA
__end_ofPL60                            text54       00211C
__end_ofPL62                            text22       0019BA
__end_ofPL64                            text54       00212A
__end_ofPL66                            text78       00407C
__end_ofPL68                            text88       003E32
__end_ofPL70                            text22       0019CE
__end_ofPL72                            text88       003E46
__end_ofPL74                            text6        00473C
__end_ofPL76                            text29       00428E
__end_ofPL78                            text22       0019E0
__end_ofPL8                             text22       0018D8
__end_ofPL80                            text18       003A5A
__end_ofPL82                            text86       004EBC
__end_ofPL84                            text54       00213C
__end_ofPL86                            text2        00252A
__end_ofPL88                            text9        00480E
__end_ofPL90                            text22       0019F0
__end_ofPL92                            text54       002146
__end_ofPL94                            text55       005D2E
__end_ofPL96                            text5        0038D2
__end_ofPL98                            text22       001A00
__end_of_Busy_eep                       text67       005ED6
__end_of_ECANInitialize                 text72       005476
__end_of_ECANReceiveMessage             text87       002C84
__end_of_ECANSendMessage                text35       003BC8
__end_of_ECANSetOperationMode           text80       005E56
__end_of_Interrupt                      intcodelo    0002FA
__end_of_OpenTimer0                     text75       005E1E
__end_of_OpenTimer1                     text74       005DE0
__end_of_OpenUSART                      text76       00582A
__end_of_ReadUSART                      text91       005E3C
__end_of_Read_b_eep                     text81       005EA4
__end_of_WriteTimer0                    text82       005EB6
__end_of_WriteTimer1                    text73       005E92
__end_of_WriteUSART                     text70       005E80
__end_of_Write_b_eep                    text66       005CFC
__end_of__CANIDToRegs                   text78       004032
__end_of__ECANPointBuffer               text89       0055DA
__end_of__RegsToCANID                   text88       003E08
__end_of___lldiv                        text57       005564
__end_of___llmod                        text56       00576E
__end_of___lwdiv                        text63       005A1C
__end_of___lwmod                        text62       005C20
__end_of___wmul                         text55       005D1E
__end_of__initialization                cinit        00597E
__end_of__stringdata                    mediumconst  007FFF
__end_of_atoi                           text40       00417E
__end_of_calcCRC                        text16       005D5C
__end_of_crc8                           text20       005CC8
__end_of_doModeSLCAN                    text2        00251E
__end_of_doModeVerbose                  text22       001884
__end_of_doModeVscp                     text7        0033E8
__end_of_doModeVscpNode                 text1        005ED8
__end_of_dpowers                        mediumconst  006FAC
__end_of_fifo_getFree                   text86       004EAA
__end_of_fifo_init                      text83       005B58
__end_of_fifo_read                      text53       0048C4
__end_of_fifo_write                     text90       003F44
__end_of_findNodes                      text27       00456C
__end_of_getCANFrame                    text52       004E14
__end_of_getVSCPFrame                   text51       005376
__end_of_hexStringToBytes               text3        005136
__end_of_hexpowers                      mediumconst  006FCC
__end_of_init                           text71       005932
__end_of_init_app_eeprom                text65       0049B0
__end_of_init_app_ram                   text77       0031F4
__end_of_init_crc8                      text21       005644
__end_of_isdigit                        text58       005E00
__end_of_itoa                           text60       005C92
__end_of_main                           text0        002E78
__end_of_memcpy                         text13       005AE6
__end_of_memset                         text36       005DB8
__end_of_nibbleFromChar                 text4        005BA4
__end_of_octpowers                      mediumconst  006F84
__end_of_printBinary                    text24       0059D2
__end_of_printErrors                    text38       0027F2
__end_of_printFirmwareVersion           text59       0052D8
__end_of_printGUID                      text29       00427A
__end_of_printHelp                      text37       0035A6
__end_of_printMDF                       text28       0051CA
__end_of_printMode                      text68       0053F6
__end_of_printNodeFirmwareVersion       text30       004A7E
__end_of_printStatistics                text39       003744
__end_of_putsUSART                      text69       0058DA
__end_of_readRegister                   text32       004B42
__end_of_readRegisterExtended           text25       00447C
__end_of_receivePrintEventVerbose       text50       002A86
__end_of_receiveSendEventCANAL          text17       003D0C
__end_of_receiveSendEventSLCAN          text5        0038C4
__end_of_receiveSendMultiEventCANAL     text18       003A38
__end_of_receiveVSCPModeCanalMsg        text12       004656
__end_of_receiveVSCPModeMultiCanalMsg   text11       005EDA
__end_of_sendCANFrame                   text34       005C5A
__end_of_sendEscapedUartData            text19       0057CE
__end_of_sendVSCPDriverAck              text14       004F4E
__end_of_sendVSCPDriverCommandReply     text9        004800
__end_of_sendVSCPDriverErrorFrame       text8        004BF2
__end_of_sendVSCPDriverNack             text15       004FEE
__end_of_sendVSCPFrame                  text33       004D6C
__end_of_sendVSCPModeCapabilities       text10       004CB6
__end_of_setFilter                      text79       003056
__end_of_sprintf                        text54       002082
__end_of_strcat                         text31       005882
__end_of_strchr                         text44       00570C
__end_of_strcpy                         text26       005D8A
__end_of_strcspn                        text42       005A60
__end_of_strichr                        text46       005BE2
__end_of_stristr                        text45       0054EE
__end_of_strlen                         text49       005B26
__end_of_strnicmp                       text47       0056AA
__end_of_strspn                         text43       005AA4
__end_of_strtok                         text41       00525C
__end_of_toupper                        text48       005E6C
__end_of_ultoa                          text6        004728
__end_of_utoa                           text61       00509C
__end_of_vscp_restoreDefaults           text64       005ED0
__end_of_writeRegisterExtended          text23       00438A
__end_ofi1_WriteTimer0                  text85       005EC8
__initialization                        cinit        005932
__mediumconst                           mediumconst  006F54
__pbssBANK1                             bssBANK1     000100
__pbssBANK2                             bssBANK2     000200
__pbssBANK3                             bssBANK3     000300
__pbssBIGRAM                            bssBIGRAM    000400
__pbssCOMRAM                            bssCOMRAM    000022
__pcinit                                cinit        005932
__pcstackBANK0                          cstackBANK0  000060
__pcstackBANK2                          cstackBANK2  000280
__pcstackCOMRAM                         cstackCOMRAM 000001
__pintcodelo                            intcodelo    000018
__pmediumconst                          mediumconst  006F54
__pnvBANK1                              nvBANK1      0001ED
__ptext0                                text0        002C92
__ptext1                                text1        005ED6
__ptext10                               text10       004C00
__ptext11                               text11       005ED8
__ptext12                               text12       00456C
__ptext13                               text13       005AA4
__ptext14                               text14       004EBC
__ptext15                               text15       004F5C
__ptext16                               text16       005D2E
__ptext17                               text17       003BC8
__ptext18                               text18       0038D2
__ptext19                               text19       00576E
__ptext2                                text2        002150
__ptext20                               text20       005C92
__ptext21                               text21       0055DA
__ptext22                               text22       0002FE
__ptext23                               text23       00428E
__ptext24                               text24       005988
__ptext25                               text25       00438A
__ptext26                               text26       005D5C
__ptext27                               text27       00447C
__ptext28                               text28       005136
__ptext29                               text29       00418C
__ptext3                                text3        00509C
__ptext30                               text30       0049B0
__ptext31                               text31       00582A
__ptext32                               text32       004A7E
__ptext33                               text33       004CB6
__ptext34                               text34       005C20
__ptext35                               text35       003A5A
__ptext36                               text36       005D8A
__ptext37                               text37       0033E8
__ptext38                               text38       00252A
__ptext39                               text39       0035A6
__ptext4                                text4        005B66
__ptext40                               text40       004086
__ptext41                               text41       0051CA
__ptext42                               text42       005A1C
__ptext43                               text43       005A60
__ptext44                               text44       0056AA
__ptext45                               text45       005476
__ptext46                               text46       005BA4
__ptext47                               text47       005644
__ptext48                               text48       005E56
__ptext49                               text49       005AE6
__ptext5                                text5        003744
__ptext50                               text50       0027F2
__ptext51                               text51       0052EE
__ptext52                               text52       004D6C
__ptext53                               text53       00480E
__ptext54                               text54       001A10
__ptext55                               text55       005CFC
__ptext56                               text56       00570C
__ptext57                               text57       0054EE
__ptext58                               text58       005DE0
__ptext59                               text59       00525C
__ptext6                                text6        004656
__ptext60                               text60       005C5A
__ptext61                               text61       004FFC
__ptext62                               text62       005BE2
__ptext63                               text63       0059D2
__ptext64                               text64       005EC8
__ptext65                               text65       0048E0
__ptext66                               text66       005CC8
__ptext67                               text67       005ED0
__ptext68                               text68       005376
__ptext69                               text69       005882
__ptext7                                text7        00322A
__ptext70                               text70       005E6C
__ptext71                               text71       0058DA
__ptext72                               text72       0053F6
__ptext73                               text73       005E80
__ptext74                               text74       005DB8
__ptext75                               text75       005E00
__ptext76                               text76       0057CE
__ptext77                               text77       003056
__ptext78                               text78       003F72
__ptext79                               text79       002E78
__ptext8                                text8        004B42
__ptext80                               text80       005E3C
__ptext81                               text81       005E92
__ptext82                               text82       005EA4
__ptext83                               text83       005B26
__ptext85                               text85       005EB6
[...]
      Temps:          8       0       0       0       0       0       0
      Totals:        10       0       0       0       0       0       0
Total ram usage:       10 bytes
 Hardware stack levels used:    1
 This function calls:
		Nothing
 This function is called by:
		_Interrupt
 This function uses a non-reentrant model


 *************** function _ECANReceiveMessage *****************
 Defined at:
		line 803 in file "ECAN.c"
 Parameters:    Size  Location     Type
  id              2    9[COMRAM] PTR unsigned long 
		 -> id(4), 
  data            2   11[COMRAM] PTR unsigned char 
		 -> data(8), 
  dataLen         1   13[COMRAM] PTR unsigned char 
		 -> dlc(1), 
  msgFlags        1   14[COMRAM] PTR enum E16324
		 -> flags(1), 
 Auto vars:     Size  Location     Type
  ptr             2   20[COMRAM] PTR unsigned char 
		 -> B5CON(1), B4CON(1), B3CON(1), B2CON(1), 
		 -> B1CON(1), B0CON(1), RXB1CON(1), RXB0CON(1), 
  savedPtr        2   15[COMRAM] PTR unsigned char 
		 -> B5CON(1), B4CON(1), B3CON(1), B2CON(1), 
		 -> B1CON(1), B0CON(1), RXB1CON(1), RXB0CON(1), 
  temp            1   19[COMRAM] struct .
  mode            1   18[COMRAM] unsigned char 
  i               1   17[COMRAM] unsigned char 
 Return value:  Size  Location     Type
                  1    wreg      enum E15660
 Registers used:
		wreg, fsr1l, fsr1h, fsr2l, fsr2h, status,2, status,0, cstack
 Tracked objects:
		On entry : 
		On exit  : 
		Unchanged: 
 Data sizes:     COMRAM   BANK0   BANK1   BANK2   BANK3   BANK4   BANK5
      Params:         6       0       0       0       0       0       0
      Locals:         7       0       0       0       0       0       0
      Temps:          0       0       0       0       0       0       0
      Totals:        13       0       0       0       0       0       0
Total ram usage:       13 bytes
 Hardware stack levels used:    1
 Hardware stack levels required when called:    1
 This function calls:
		__ECANPointBuffer
		__RegsToCANID
 This function is called by:
		_Interrupt
 This function uses a non-reentrant model


 *************** function __RegsToCANID *****************
 Defined at:
		line 1158 in file "ECAN.c"
 Parameters:    Size  Location     Type
  ptr             2    0[COMRAM] PTR unsigned char 
		 -> B5CON(1), B4CON(1), B3CON(1), B2CON(1), 
		 -> B1CON(1), B0CON(1), RXB1CON(1), RXB0CON(1), 
  val             2    2[COMRAM] PTR unsigned long 
		 -> id(4), 
  type            1    4[COMRAM] unsigned char 
 Auto vars:     Size  Location     Type
  Value           2    7[COMRAM] PTR struct _CAN_MESSAGE_
		 -> id(4), 
 Return value:  Size  Location     Type
		None               void
 Registers used:
		wreg, fsr1l, fsr1h, fsr2l, fsr2h, status,2, status,0
 Tracked objects:
		On entry : 
		On exit  : 
		Unchanged: 
 Data sizes:     COMRAM   BANK0   BANK1   BANK2   BANK3   BANK4   BANK5
      Params:         5       0       0       0       0       0       0
      Locals:         2       0       0       0       0       0       0
      Temps:          2       0       0       0       0       0       0
      Totals:         9       0       0       0       0       0       0
Total ram usage:        9 bytes
 Hardware stack levels used:    1
 This function calls:
		Nothing
 This function is called by:
		_ECANReceiveMessage
 This function uses a non-reentrant model


 *************** function __ECANPointBuffer *****************
 Defined at:
		line 1209 in file "ECAN.c"
 Parameters:    Size  Location     Type
  b               1    wreg     unsigned char 
 Auto vars:     Size  Location     Type
  b               1    3[COMRAM] unsigned char 
  pt              2    4[COMRAM] PTR unsigned char 
		 -> B5CON(1), B4CON(1), B3CON(1), B2CON(1), 
		 -> B1CON(1), B0CON(1), RXB1CON(1), RXB0CON(1), 
 Return value:  Size  Location     Type
                  2    0[COMRAM] PTR unsigned char 
 Registers used:
		wreg, status,2, status,0
 Tracked objects:
		On entry : 
		On exit  : 
		Unchanged: 
 Data sizes:     COMRAM   BANK0   BANK1   BANK2   BANK3   BANK4   BANK5
      Params:         3       0       0       0       0       0       0
      Locals:         3       0       0       0       0       0       0
      Temps:          0       0       0       0       0       0       0
      Totals:         6       0       0       0       0       0       0
Total ram usage:        6 bytes
 Hardware stack levels used:    1
 This function calls:
		Nothing
 This function is called by:
		_ECANReceiveMessage
 This function uses a non-reentrant model


 *************** function _fifo_write *****************
 Defined at:
		line 61 in file "fifo.c"
 Parameters:    Size  Location     Type
  f               2    0[COMRAM] PTR struct .
		 -> canInputFifo(8), serialInputFifo(8), 
  buf             2    2[COMRAM] PTR const void 
		 -> dlc(1), data(8), id(4), Interrupt@c(1), 
  nbytes          4    4[COMRAM] unsigned long 
 Auto vars:     Size  Location     Type
  i               4   14[COMRAM] unsigned long 
  p               2   12[COMRAM] PTR const unsigned char 
		 -> dlc(1), data(8), id(4), Interrupt@c(1), 
 Return value:  Size  Location     Type
                  2    0[COMRAM] unsigned short 
 Registers used:
		wreg, fsr1l, fsr1h, fsr2l, fsr2h, status,2, status,0
 Tracked objects:
		On entry : 
		On exit  : 
		Unchanged: 
 Data sizes:     COMRAM   BANK0   BANK1   BANK2   BANK3   BANK4   BANK5
      Params:         8       0       0       0       0       0       0
      Locals:         6       0       0       0       0       0       0
      Temps:          4       0       0       0       0       0       0
      Totals:        18       0       0       0       0       0       0
Total ram usage:       18 bytes
 Hardware stack levels used:    1
 This function calls:
		Nothing
 This function is called by:
		_Interrupt
 This function uses a non-reentrant model


 *************** function _ReadUSART *****************
 Defined at:
		line 16 in file "C:\Program Files (x86)\Microchip\xc8\v1.21\sources\pic18\plib\USART\uread.c"
 Parameters:    Size  Location     Type
		None
 Auto vars:     Size  Location     Type
  data            1    0[COMRAM] unsigned char 
 Return value:  Size  Location     Type
                  1    wreg      unsigned char 
 Registers used:
		wreg, status,2, status,0
 Tracked objects:
		On entry : 
		On exit  : 
		Unchanged: 
 Data sizes:     COMRAM   BANK0   BANK1   BANK2   BANK3   BANK4   BANK5
      Params:         0       0       0       0       0       0       0
      Locals:         1       0       0       0       0       0       0
      Temps:          0       0       0       0       0       0       0
      Totals:         1       0       0       0       0       0       0
Total ram usage:        1 bytes
 Hardware stack levels used:    1
 This function calls:
		Nothing
 This function is called by:
		_Interrupt
 This function uses a non-reentrant model



MODULE INFORMATION

Module		Function		Class		Link	Load	Size
C:\Program Files (x86)\Microchip\xc8\v1.21\sources\common\lwdiv.c
		___lwdiv       		CODE           	59D2	0000	74

C:\Program Files (x86)\Microchip\xc8\v1.21\sources\common\lwdiv.c estimated size: 74

C:\Program Files (x86)\Microchip\xc8\v1.21\sources\pic18\plib\Timers\t0write.c
		_WriteTimer0   		CODE           	5EA4	0000	18

C:\Program Files (x86)\Microchip\xc8\v1.21\sources\pic18\plib\Timers\t0write.c estimated size: 18

C:\Program Files (x86)\Microchip\xc8\v1.21\sources\common\stristr.c
		_stristr       		CODE           	5476	0000	120

C:\Program Files (x86)\Microchip\xc8\v1.21\sources\common\stristr.c estimated size: 120

C:\Program Files (x86)\Microchip\xc8\v1.21\sources\pic18\plib\Timers\t1write.c
		_WriteTimer1   		CODE           	5E80	0000	18

C:\Program Files (x86)\Microchip\xc8\v1.21\sources\pic18\plib\Timers\t1write.c estimated size: 18

C:\Program Files (x86)\Microchip\xc8\v1.21\sources\common\strcat.c
		_strcat        		CODE           	582A	0000	88

C:\Program Files (x86)\Microchip\xc8\v1.21\sources\common\strcat.c estimated size: 88

C:\Program Files (x86)\Microchip\xc8\v1.21\sources\common\wmul.c
		___wmul        		CODE           	5CFC	0000	34

C:\Program Files (x86)\Microchip\xc8\v1.21\sources\common\wmul.c estimated size: 34

C:\Program Files (x86)\Microchip\xc8\v1.21\sources\pic18\plib\EEP\read_B.c
		_Read_b_eep    		CODE           	5E92	0000	18

C:\Program Files (x86)\Microchip\xc8\v1.21\sources\pic18\plib\EEP\read_B.c estimated size: 18

hexutils.c
		_hexStringToByt		CODE           	509C	0000	154
		_nibbleFromChar		CODE           	5B66	0000	62

hexutils.c estimated size: 216

shared
		PL12           		CODE           	2082	0000	30
		PL50           		CODE           	20F0	0000	22
		PL8            		CODE           	18CA	0000	14
		PL22           		CODE           	3E08	0000	22
		PL60           		CODE           	2106	0000	22
		PL100          		CODE           	4BF2	0000	14
		PL32           		CODE           	31F4	0000	30
		PL70           		CODE           	19BA	0000	20
		PL42           		CODE           	20D6	0000	26
		PL80           		CODE           	3A48	0000	18
		PL110          		CODE           	2146	0000	10
		PL14           		CODE           	3F44	0000	46
		PL52           		CODE           	198C	0000	24
		PL90           		CODE           	19E0	0000	16
		PL24           		CODE           	1922	0000	16
		PL62           		CODE           	19A4	0000	22
		PL34           		CODE           	1946	0000	18
		PL72           		CODE           	3E32	0000	20
		__stringdata   		MEDIUMCONST    	6FCC	0000	4147
		PL44           		CODE           	4F4E	0000	14
		PL82           		CODE           	4EAA	0000	18
		PL16           		CODE           	20A0	0000	16
		PL54           		CODE           	4056	0000	18
		PL92           		CODE           	213C	0000	10
		PL26           		CODE           	3A38	0000	16
		PL64           		CODE           	211C	0000	14
		PL102          		CODE           	1A00	0000	16
		PL36           		CODE           	48C4	0000	28
		PL74           		CODE           	4728	0000	20
		PL46           		CODE           	4046	0000	16
		PL84           		CODE           	212A	0000	18
		_dpowers       		MEDIUMCONST    	6F84	0000	40
		PL18           		CODE           	417E	0000	14
		PL56           		CODE           	3212	0000	24
		PL94           		CODE           	5D1E	0000	16
		PL28           		CODE           	4032	0000	20
		PL66           		CODE           	4068	0000	20
		PL38           		CODE           	1958	0000	26
		PL76           		CODE           	427A	0000	20
		PL48           		CODE           	4FEE	0000	14
		PL86           		CODE           	251E	0000	12
		PL58           		CODE           	52D8	0000	22
		PL96           		CODE           	38C4	0000	14
		PL68           		CODE           	3E1E	0000	20
		PL104          		CODE           	2C84	0000	14
		PL78           		CODE           	19CE	0000	18
		PL88           		CODE           	4800	0000	14
		PL98           		CODE           	19F0	0000	16
		__initializatio		CODE           	5932	0000	76
		_octpowers     		MEDIUMCONST    	6F54	0000	48
		PL106          		CODE           	5B58	0000	14
		_hexpowers     		MEDIUMCONST    	6FAC	0000	32
		PL108          		CODE           	407C	0000	10
		i1_WriteTimer0 		CODE           	5EB6	0000	18
		PL2            		CODE           	1884	0000	28
		PL10           		CODE           	18D8	0000	74
		PL4            		CODE           	18A0	0000	26
		PL20           		CODE           	20B0	0000	38
		PL30           		CODE           	1932	0000	20
		PL6            		CODE           	18BA	0000	16
		PL40           		CODE           	1972	0000	26

shared estimated size: 5491

C:\Program Files (x86)\Microchip\xc8\v1.21\sources\common\doprnt.c
		_sprintf       		CODE           	1A10	0000	1650

C:\Program Files (x86)\Microchip\xc8\v1.21\sources\common\doprnt.c estimated size: 1650

C:\Program Files (x86)\Microchip\xc8\v1.21\sources\common\strcspn.c
		_strcspn       		CODE           	5A1C	0000	68

C:\Program Files (x86)\Microchip\xc8\v1.21\sources\common\strcspn.c estimated size: 68

C:\Program Files (x86)\Microchip\xc8\v1.21\sources\common\strnicmp.c
		_strnicmp      		CODE           	5644	0000	102

C:\Program Files (x86)\Microchip\xc8\v1.21\sources\common\strnicmp.c estimated size: 102

C:\Program Files (x86)\Microchip\xc8\v1.21\sources\common\llmod.c
		___llmod       		CODE           	570C	0000	98

C:\Program Files (x86)\Microchip\xc8\v1.21\sources\common\llmod.c estimated size: 98

C:\Program Files (x86)\Microchip\xc8\v1.21\sources\pic18\plib\EEP\write_B.c
		_Write_b_eep   		CODE           	5CC8	0000	52

C:\Program Files (x86)\Microchip\xc8\v1.21\sources\pic18\plib\EEP\write_B.c estimated size: 52

C:\Program Files (x86)\Microchip\xc8\v1.21\sources\common\isdigit.c
		_isdigit       		CODE           	5DE0	0000	32

C:\Program Files (x86)\Microchip\xc8\v1.21\sources\common\isdigit.c estimated size: 32

C:\Program Files (x86)\Microchip\xc8\v1.21\sources\common\strcpy.c
		_strcpy        		CODE           	5D5C	0000	46

C:\Program Files (x86)\Microchip\xc8\v1.21\sources\common\strcpy.c estimated size: 46

C:\Program Files (x86)\Microchip\xc8\v1.21\sources\common\lldiv.c
		___lldiv       		CODE           	54EE	0000	118

C:\Program Files (x86)\Microchip\xc8\v1.21\sources\common\lldiv.c estimated size: 118

C:\Program Files (x86)\Microchip\xc8\v1.21\sources\common\itoa.c
		_itoa          		CODE           	5C5A	0000	56
		_utoa          		CODE           	4FFC	0000	160

C:\Program Files (x86)\Microchip\xc8\v1.21\sources\common\itoa.c estimated size: 216

C:\Program Files (x86)\Microchip\xc8\v1.21\sources\pic18\plib\USART\uread.c
		_ReadUSART     		CODE           	5E1E	0000	30

C:\Program Files (x86)\Microchip\xc8\v1.21\sources\pic18\plib\USART\uread.c estimated size: 30

C:\Program Files (x86)\Microchip\xc8\v1.21\sources\pic18\plib\Timers\t0open.c
		_OpenTimer0    		CODE           	5E00	0000	30

C:\Program Files (x86)\Microchip\xc8\v1.21\sources\pic18\plib\Timers\t0open.c estimated size: 30

C:\Program Files (x86)\Microchip\xc8\v1.21\sources\pic18\plib\EEP\busy_eep.c
		_Busy_eep      		CODE           	5ED0	0000	6

C:\Program Files (x86)\Microchip\xc8\v1.21\sources\pic18\plib\EEP\busy_eep.c estimated size: 6

C:\Program Files (x86)\Microchip\xc8\v1.21\sources\pic18\plib\Timers\t1open.c
		_OpenTimer1    		CODE           	5DB8	0000	40

C:\Program Files (x86)\Microchip\xc8\v1.21\sources\pic18\plib\Timers\t1open.c estimated size: 40

main.c
		_sendEscapedUar		CODE           	576E	0000	96
		_readRegister  		CODE           	4A7E	0000	196
		_init          		CODE           	58DA	0000	88
		_receivePrintEv		CODE           	27F2	0000	660
		_receiveSendEve		CODE           	3744	0000	384
		_findNodes     		CODE           	447C	0000	240
		_getVSCPFrame  		CODE           	52EE	0000	136
		_writeRegisterE		CODE           	428E	0000	252
		_calcCRC       		CODE           	5D2E	0000	46
		_Interrupt     		CODE           	0018	0000	738
		_vscp_restoreDe		CODE           	5EC8	0000	8
		_getCANFrame   		CODE           	4D6C	0000	168
		_main          		CODE           	2C92	0000	486
		_readRegisterEx		CODE           	438A	0000	242
		_sendVSCPDriver		CODE           	473C	0000	196
		_printNodeFirmw		CODE           	49B0	0000	206
		_sendVSCPFrame 		CODE           	4CB6	0000	182
		_sendVSCPDriver		CODE           	4EBC	0000	146
		_init_app_eepro		CODE           	48E0	0000	208
		_sendCANFrame  		CODE           	5C20	0000	58
		_doModeSLCAN   		CODE           	2150	0000	974
		_setFilter     		CODE           	2E78	0000	478
		_printMode     		CODE           	5376	0000	128
		_doModeVscp    		CODE           	322A	0000	446
		_receiveSendMul		CODE           	38D2	0000	358
		_printGUID     		CODE           	418C	0000	238
		_printStatistic		CODE           	35A6	0000	414
		_printBinary   		CODE           	5988	0000	74
		_sendVSCPDriver		CODE           	4F5C	0000	146
		_doModeVerbose 		CODE           	02FE	0000	5510
		_receiveVSCPMod		CODE           	5ED8	0000	2
		_doModeVscpNode		CODE           	5ED6	0000	2
		_printFirmwareV		CODE           	525C	0000	124
		_sendVSCPDriver		CODE           	4B42	0000	176
		_sendVSCPModeCa		CODE           	4C00	0000	182
		_printErrors   		CODE           	252A	0000	712
		_receiveSendEve		CODE           	3BC8	0000	324
		_init_app_ram  		CODE           	3056	0000	414
		_printHelp     		CODE           	33E8	0000	446
		_printMDF      		CODE           	5136	0000	148
		_receiveVSCPMod		CODE           	456C	0000	234

main.c estimated size: 16266

C:\Program Files (x86)\Microchip\xc8\v1.21\sources\common\strichr.c
		_strichr       		CODE           	5BA4	0000	62

C:\Program Files (x86)\Microchip\xc8\v1.21\sources\common\strichr.c estimated size: 62

C:\Program Files (x86)\Microchip\xc8\v1.21\sources\common\strlen.c
		_strlen        		CODE           	5AE6	0000	64

C:\Program Files (x86)\Microchip\xc8\v1.21\sources\common\strlen.c estimated size: 64

crc8.c
		_crc8          		CODE           	5C92	0000	54
		_init_crc8     		CODE           	55DA	0000	106

crc8.c estimated size: 160

C:\Program Files (x86)\Microchip\xc8\v1.21\sources\common\memcpy.c
		_memcpy        		CODE           	5AA4	0000	66

C:\Program Files (x86)\Microchip\xc8\v1.21\sources\common\memcpy.c estimated size: 66

C:\Program Files (x86)\Microchip\xc8\v1.21\sources\common\strtok.c
		_strtok        		CODE           	51CA	0000	146

C:\Program Files (x86)\Microchip\xc8\v1.21\sources\common\strtok.c estimated size: 146

fifo.c
		_fifo_write    		CODE           	3E46	0000	254
		_fifo_read     		CODE           	480E	0000	182
		_fifo_init     		CODE           	5B26	0000	50
		_fifo_getFree  		CODE           	4E14	0000	150

fifo.c estimated size: 636

C:\Program Files (x86)\Microchip\xc8\v1.21\sources\common\strspn.c
		_strspn        		CODE           	5A60	0000	68

C:\Program Files (x86)\Microchip\xc8\v1.21\sources\common\strspn.c estimated size: 68

ECAN.c
		_ECANReceiveMes		CODE           	2A86	0000	510
		__RegsToCANID  		CODE           	3D0C	0000	252
		__ECANPointBuff		CODE           	5564	0000	118
		_ECANInitialize		CODE           	53F6	0000	128
		__CANIDToRegs  		CODE           	3F72	0000	192
		_ECANSetOperati		CODE           	5E3C	0000	26
		_ECANSendMessag		CODE           	3A5A	0000	366

ECAN.c estimated size: 1592

C:\Program Files (x86)\Microchip\xc8\v1.21\sources\pic18\plib\USART\uwrite.c
		_WriteUSART    		CODE           	5E6C	0000	20

C:\Program Files (x86)\Microchip\xc8\v1.21\sources\pic18\plib\USART\uwrite.c estimated size: 20

C:\Program Files (x86)\Microchip\xc8\v1.21\sources\pic18\plib\USART\uputs.c
		_putsUSART     		CODE           	5882	0000	88

C:\Program Files (x86)\Microchip\xc8\v1.21\sources\pic18\plib\USART\uputs.c estimated size: 88

C:\Program Files (x86)\Microchip\xc8\v1.21\sources\pic18\plib\USART\uopen.c
		_OpenUSART     		CODE           	57CE	0000	92

C:\Program Files (x86)\Microchip\xc8\v1.21\sources\pic18\plib\USART\uopen.c estimated size: 92

C:\Program Files (x86)\Microchip\xc8\v1.21\sources\common\lwmod.c
		___lwmod       		CODE           	5BE2	0000	62

C:\Program Files (x86)\Microchip\xc8\v1.21\sources\common\lwmod.c estimated size: 62

C:\Program Files (x86)\Microchip\xc8\v1.21\sources\common\atoi.c
		_atoi          		CODE           	4086	0000	248

C:\Program Files (x86)\Microchip\xc8\v1.21\sources\common\atoi.c estimated size: 248

C:\Program Files (x86)\Microchip\xc8\v1.21\sources\common\strchr.c
		_strchr        		CODE           	56AA	0000	98

C:\Program Files (x86)\Microchip\xc8\v1.21\sources\common\strchr.c estimated size: 98

C:\Program Files (x86)\Microchip\xc8\v1.21\sources\common\toupper.c
		_toupper       		CODE           	5E56	0000	22

C:\Program Files (x86)\Microchip\xc8\v1.21\sources\common\toupper.c estimated size: 22

C:\Program Files (x86)\Microchip\xc8\v1.21\sources\common\ltoa.c
		_ultoa         		CODE           	4656	0000	210

C:\Program Files (x86)\Microchip\xc8\v1.21\sources\common\ltoa.c estimated size: 210

C:\Program Files (x86)\Microchip\xc8\v1.21\sources\common\memset.c
		_memset        		CODE           	5D8A	0000	46

C:\Program Files (x86)\Microchip\xc8\v1.21\sources\common\memset.c estimated size: 46

