Microchip MPLAB XC8 Compiler V1.21 ()

Linker command line:

--edf=C:\Program Files (x86)\Microchip\xc8\v1.21\dat\en_msgs.txt -cs \
  -h+dist/default/debug\Frankfurt_RS-232.X.debug.sym \
  --cmf=dist/default/debug\Frankfurt_RS-232.X.debug.cmf -z -Q18F2580 \
  -oC:\Users\GRODAN~1\AppData\Local\Temp\s6js.6 \
  -Mdist/default/debug/Frankfurt_RS-232.X.debug.map -E1 -ver=XC8 \
  -ACODE=072h-07CFFh -ACONST=072h-07CFFh -ASMALLCONST=0600h-06FFhx119 \
  -AMEDIUMCONST=0600h-07CFFh -ACOMRAM=01h-05Fh -AABS1=00h-05EEh \
  -ABIGRAM=01h-05EEh -ARAM=060h-0FFh,0100h-01FFhx4,0500h-05EEh \
  -ABANK0=060h-0FFh -ABANK1=0100h-01FFh -ABANK2=0200h-02FFh \
  -ABANK3=0300h-03FFh -ABANK4=0400h-04FFh -ABANK5=0500h-05EEh \
  -ASFR=0D00h-0DFFhx2,0F00h-0F5Fh,0F60h-0F9Bh,0F9Dh-0FD3h,0FD5h-0FDAh,0FE0h-0FE2h,0FE8h-0FEAh,0FF0h-0FFBh \
  -preset_vec=00h,intcode,intcodelo=018h,powerup,init,end_init \
  -pramtop=0600h -psmallconst=SMALLCONST -pmediumconst=MEDIUMCONST \
  -pconst=CONST -AFARRAM=00h-00h -ACONFIG=0300000h-030000Dh -pconfig=CONFIG \
  -AIDLOC=0200000h-0200007h -pidloc=IDLOC -AEEDATA=0F00000h-0F000FFh \
  -peeprom_data=EEDATA \
  -prdata=COMRAM,nvrram=COMRAM,nvbit=COMRAM,rbss=COMRAM,rbit=COMRAM \
  -pfarbss=FARRAM,fardata=FARRAM,nvFARRAM=FARRAM \
  -pintsave_regs=BIGRAM,bigbss=BIGRAM,bigdata=BIGRAM -pbss=RAM \
  -pidata=CODE,irdata=CODE,ibigdata=CODE,ifardata=CODE \
  C:\Users\GRODAN~1\AppData\Local\Temp\s6js.obj \
  dist/default/debug\Frankfurt_RS-232.X.debug.obj \
  C:\Program Files (x86)\Microchip\xc8\v1.21\lib\pic18-trace-obj.lib 

Object code version is 3.11

Machine type is 18F2580

Call graph: (short form)




                Name                               Link     Load   Length Selector   Space Scale
C:\Users\GRODAN~1\AppData\Local\Temp\s6js.obj
                end_init                            19E      19E        4        C       0
                reset_vec                             0        0        6        0       0
                idloc                            200000   200000        8   200000       0
                config                           300000   300000        E   300000       0
dist/default/debug\Frankfurt_RS-232.X.debug.obj
                intcodelo                            18       18      186        C       0
                mediumconst                        6CDC     6CDC     1024     366E       0
                text84                             1D62     1D62       1E      EB1       0
                text83                             3B16     3B16      126     1D8B       0
                text82                             1CEA     1CEA       12      E75       0
                text80                             2076     2076       40     103B       0
                text79                             1CFC     1CFC       12      E7E       0
                text78                             2252     2252       4E     1129       0
                text77                             1DBC     1DBC       26      EDE       0
                text76                             28D4     28D4       8A     146A       0
                text75                             1CE2     1CE2        8      E71       0
                text74                             1D0E     1D0E       12      E87       0
                text73                             23A0     23A0       5C     11D0       0
                text72                             1D80     1D80       1E      EC0       0
                text71                             1D4A     1D4A       18      EA5       0
                text70                             27CE     27CE       82     13E7       0
                text69                             20F6     20F6       44     107B       0
                text68                             1D20     1D20       14      E90       0
                text67                             22A0     22A0       54     1150       0
                text66                             25F8     25F8       72     12FC       0
                text65                             2208     2208       4A     1104       0
                text64                             1FBC     1FBC       3E      FDE       0
                text63                             2BAE     2BAE       A0     15D7       0
                text62                             1E9E     1E9E       38      F4F       0
                text61                             295E     295E       90     14AF       0
                text60                             2F28     2F28       CE     1794       0
                text59                             1D9E     1D9E       1E      ECF       0
                text58                             266A     266A       76     1335       0
                text57                             2458     2458       62     122C       0
                text56                             1E6C     1E6C       32      F36       0
                text55                             52CA     52CA      74C     2965       0
                text54                             26E0     26E0       76     1370       0
                text53                             39F8     39F8      11E     1CFC       0
                text52                             4814     4814      20C     240A       0
                text51                             1E3C     1E3C       30      F1E       0
                text50                             2850     2850       84     1428       0
                text49                             4A20     4A20      276     2510       0
                text48                             1F80     1F80       3C      FC0       0
                text47                             1D34     1D34       16      E9A       0
                text46                             24BA     24BA       62     125D       0
                text45                             1FFA     1FFA       3E      FFD       0
                text44                             2756     2756       78     13AB       0
                text43                             23FC     23FC       5C     11FE       0
                text42                             213A     213A       44     109D       0
                text41                             217E     217E       44     10BF       0
                text40                             29EE     29EE       92     14F7       0
                text39                             36E0     36E0       FE     1B70       0
                text38                             431E     431E      188     218F       0
                text37                             4C96     4C96      29A     264B       0
                text36                             419E     419E      180     20CF       0
                text35                             1DE2     1DE2       2C      EF1       0
                text34                             38E4     38E4      114     1C72       0
                text33                             3EB4     3EB4      172     1F5A       0
                text32                             1F46     1F46       3A      FA3       0
                text31                             2DAC     2DAC       BC     16D6       0
                text30                             2C4E     2C4E       A8     1627       0
                text29                             22F4     22F4       56     117A       0
                text28                             2FF6     2FF6       D0     17FB       0
                text27                             37DE     37DE      106     1BEF       0
                text26                             2A80     2A80       94     1540       0
                text25                             3426     3426       E6     1A13       0
                text24                             1E0E     1E0E       2E      F07       0
                text23                             30C6     30C6       D0     1863       0
                text22                             21C2     21C2       46     10E1       0
                text21                             326E     326E       DA     1937       0
                text20                             4638     4638      1DC     231C       0
                text19                             5A16     5A16     12C6     2D0B       0
                text18                             251C     251C       6E     128E       0
                text17                             1ED6     1ED6       38      F6B       0
                text16                             258A     258A       6E     12C5       0
                text15                             3D6C     3D6C      148     1EB6       0
                text14                             1F0E     1F0E       38      F87       0
                text13                             3196     3196       D8     18CB       0
                text12                             2CF6     2CF6       B6     167B       0
                text11                             20B6     20B6       40     105B       0
                text10                             3348     3348       DE     19A4       0
                text9                              2E68     2E68       C0     1734       0
                text8                              35F2     35F2       EE     1AF9       0
                text7                              4026     4026      178     2013       0
                text6                              350C     350C       E6     1A86       0
                text5                              44A6     44A6      192     2253       0
                text4                              2038     2038       3E     101C       0
                text3                              2B14     2B14       9A     158A       0
                text2                              4F30     4F30      39A     2798       0
                text1                              1CE0     1CE0        2      E70       0
                text0                              3C3C     3C3C      130     1E1E       0
                cstackCOMRAM                          1        1       2F        1       1
                cstackBANK0                          60       60       6D       60       1
                cstackBANK3                         300      300       3D      300       1
                bssBIGRAM                           33D      33D      1F4      33D       1
                bssBANK2                            200      200      100      200       1
                bssBANK1                            100      100       CC      100       1
                bssBANK0                             CD       CD       13       60       1
                bssCOMRAM                            30       30       18        1       1
                cinit                              234A     234A       56     11A5       0
                nvBANK0                              E0       E0        1       60       1

C:\Program Files (x86)\Microchip\xc8\v1.21\lib\pic18-trace-obj.lib

TOTAL           Name                               Link     Load   Length     Space
        CLASS   CODE           
                end_init                            19E      19E        4         0
                intcodelo                            18       18      186         0
                reset_vec                             0        0        6         0
                text84                             1D62     1D62       1E         0
                text83                             3B16     3B16      126         0
                text82                             1CEA     1CEA       12         0
                text80                             2076     2076       40         0
                text79                             1CFC     1CFC       12         0
                text78                             2252     2252       4E         0
                text77                             1DBC     1DBC       26         0
                text76                             28D4     28D4       8A         0
                text75                             1CE2     1CE2        8         0
                text74                             1D0E     1D0E       12         0
                text73                             23A0     23A0       5C         0
                text72                             1D80     1D80       1E         0
                text71                             1D4A     1D4A       18         0
                text70                             27CE     27CE       82         0
                text69                             20F6     20F6       44         0
                text68                             1D20     1D20       14         0
                text67                             22A0     22A0       54         0
                text66                             25F8     25F8       72         0
                text65                             2208     2208       4A         0
                text64                             1FBC     1FBC       3E         0
                text63                             2BAE     2BAE       A0         0
                text62                             1E9E     1E9E       38         0
                text61                             295E     295E       90         0
                text60                             2F28     2F28       CE         0
                text59                             1D9E     1D9E       1E         0
                text58                             266A     266A       76         0
                text57                             2458     2458       62         0
                text56                             1E6C     1E6C       32         0
                text55                             52CA     52CA      74C         0
                text54                             26E0     26E0       76         0
                text53                             39F8     39F8      11E         0
                text52                             4814     4814      20C         0
                text51                             1E3C     1E3C       30         0
                text50                             2850     2850       84         0
                text49                             4A20     4A20      276         0
                text48                             1F80     1F80       3C         0
                text47                             1D34     1D34       16         0
                text46                             24BA     24BA       62         0
                text45                             1FFA     1FFA       3E         0
                text44                             2756     2756       78         0
                text43                             23FC     23FC       5C         0
                text42                             213A     213A       44         0
                text41                             217E     217E       44         0
                text40                             29EE     29EE       92         0
                text39                             36E0     36E0       FE         0
                text38                             431E     431E      188         0
                text37                             4C96     4C96      29A         0
                text36                             419E     419E      180         0
                text35                             1DE2     1DE2       2C         0
                text34                             38E4     38E4      114         0
                text33                             3EB4     3EB4      172         0
                text32                             1F46     1F46       3A         0
                text31                             2DAC     2DAC       BC         0
                text30                             2C4E     2C4E       A8         0
                text29                             22F4     22F4       56         0
                text28                             2FF6     2FF6       D0         0
                text27                             37DE     37DE      106         0
                text26                             2A80     2A80       94         0
                text25                             3426     3426       E6         0
                text24                             1E0E     1E0E       2E         0
                text23                             30C6     30C6       D0         0
                text22                             21C2     21C2       46         0
                text21                             326E     326E       DA         0
                text20                             4638     4638      1DC         0
                text19                             5A16     5A16     12C6         0
                text18                             251C     251C       6E         0
                text17                             1ED6     1ED6       38         0
                text16                             258A     258A       6E         0
                text15                             3D6C     3D6C      148         0
                text14                             1F0E     1F0E       38         0
                text13                             3196     3196       D8         0
                text12                             2CF6     2CF6       B6         0
                text11                             20B6     20B6       40         0
                text10                             3348     3348       DE         0
                text9                              2E68     2E68       C0         0
                text8                              35F2     35F2       EE         0
                text7                              4026     4026      178         0
                text6                              350C     350C       E6         0
                text5                              44A6     44A6      192         0
                text4                              2038     2038       3E         0
                text3                              2B14     2B14       9A         0
                text2                              4F30     4F30      39A         0
                text1                              1CE0     1CE0        2         0
                text0                              3C3C     3C3C      130         0
                cinit                              234A     234A       56         0

        CLASS   CONST          

        CLASS   SMALLCONST     

        CLASS   MEDIUMCONST    
                mediumconst                        6CDC     6CDC     1024         0

        CLASS   COMRAM         
                cstackCOMRAM                          1        1       2F         1
                bssCOMRAM                            30       30       18         1

        CLASS   ABS1           

        CLASS   BIGRAM         
                bssBIGRAM                           33D      33D      1F4         1

        CLASS   RAM            

        CLASS   BANK0          
                cstackBANK0                          60       60       6D         1
                bssBANK0                             CD       CD       13         1
                nvBANK0                              E0       E0        1         1

        CLASS   BANK1          
                bssBANK1                            100      100       CC         1

        CLASS   BANK2          
                bssBANK2                            200      200      100         1

        CLASS   BANK3          
                cstackBANK3                         300      300       3D         1

        CLASS   BANK4          

        CLASS   BANK5          

        CLASS   SFR            

        CLASS   FARRAM         

        CLASS   CONFIG         
                config                           300000   300000        E         0

        CLASS   IDLOC          
                idloc                            200000   200000        8         0

        CLASS   EEDATA         



SEGMENTS        Name                           Load    Length   Top    Selector   Space  Class

                reset_vec                      000000  000006  000006         0       0  CODE    
                cstackCOMRAM                   000001  000047  000048         1       1  COMRAM  
                intcodelo                      000018  00018A  0001A2         C       0  CODE    
                cstackBANK0                    000060  000081  0000E1        60       1  BANK0   
                bssBANK1                       000100  0000CC  0001CC       100       1  BANK1   
                bssBANK2                       000200  000100  000300       200       1  BANK2   
                cstackBANK3                    000300  00003D  00033D       300       1  BANK3   
                bssBIGRAM                      00033D  0001F4  000531       33D       1  BIGRAM  
                text1                          001CE0  000002  001CE2       E70       0  CODE    
                text75                         001CE2  000008  001CEA       E71       0  CODE    
                text82                         001CEA  000012  001CFC       E75       0  CODE    
                text79                         001CFC  000012  001D0E       E7E       0  CODE    
                text74                         001D0E  000012  001D20       E87       0  CODE    
                text68                         001D20  000014  001D34       E90       0  CODE    
                text47                         001D34  000016  001D4A       E9A       0  CODE    
                text71                         001D4A  000018  001D62       EA5       0  CODE    
                text84                         001D62  00001E  001D80       EB1       0  CODE    
                text72                         001D80  00001E  001D9E       EC0       0  CODE    
                text59                         001D9E  00001E  001DBC       ECF       0  CODE    
                text77                         001DBC  000026  001DE2       EDE       0  CODE    
                text35                         001DE2  00002C  001E0E       EF1       0  CODE    
                text24                         001E0E  00002E  001E3C       F07       0  CODE    
                text51                         001E3C  000030  001E6C       F1E       0  CODE    
                text56                         001E6C  000032  001E9E       F36       0  CODE    
                text62                         001E9E  000038  001ED6       F4F       0  CODE    
                text17                         001ED6  000038  001F0E       F6B       0  CODE    
                text14                         001F0E  000038  001F46       F87       0  CODE    
                text32                         001F46  00003A  001F80       FA3       0  CODE    
                text48                         001F80  00003C  001FBC       FC0       0  CODE    
                text64                         001FBC  00003E  001FFA       FDE       0  CODE    
                text45                         001FFA  00003E  002038       FFD       0  CODE    
                text4                          002038  00003E  002076      101C       0  CODE    
                text80                         002076  000040  0020B6      103B       0  CODE    
                text11                         0020B6  000040  0020F6      105B       0  CODE    
                text69                         0020F6  000044  00213A      107B       0  CODE    
                text42                         00213A  000044  00217E      109D       0  CODE    
                text41                         00217E  000044  0021C2      10BF       0  CODE    
                text22                         0021C2  000046  002208      10E1       0  CODE    
                text65                         002208  00004A  002252      1104       0  CODE    
                text78                         002252  00004E  0022A0      1129       0  CODE    
                text67                         0022A0  000054  0022F4      1150       0  CODE    
                text29                         0022F4  000056  00234A      117A       0  CODE    
                cinit                          00234A  000056  0023A0      11A5       0  CODE    
                text73                         0023A0  00005C  0023FC      11D0       0  CODE    
                text43                         0023FC  00005C  002458      11FE       0  CODE    
                text57                         002458  000062  0024BA      122C       0  CODE    
                text46                         0024BA  000062  00251C      125D       0  CODE    
                text18                         00251C  00006E  00258A      128E       0  CODE    
                text16                         00258A  00006E  0025F8      12C5       0  CODE    
                text66                         0025F8  000072  00266A      12FC       0  CODE    
                text58                         00266A  000076  0026E0      1335       0  CODE    
                text54                         0026E0  000076  002756      1370       0  CODE    
                text44                         002756  000078  0027CE      13AB       0  CODE    
                text70                         0027CE  000082  002850      13E7       0  CODE    
                text50                         002850  000084  0028D4      1428       0  CODE    
                text76                         0028D4  00008A  00295E      146A       0  CODE    
                text61                         00295E  000090  0029EE      14AF       0  CODE    
                text40                         0029EE  000092  002A80      14F7       0  CODE    
                text26                         002A80  000094  002B14      1540       0  CODE    
                text3                          002B14  00009A  002BAE      158A       0  CODE    
                text63                         002BAE  0000A0  002C4E      15D7       0  CODE    
                text30                         002C4E  0000A8  002CF6      1627       0  CODE    
                text12                         002CF6  0000B6  002DAC      167B       0  CODE    
                text31                         002DAC  0000BC  002E68      16D6       0  CODE    
                text9                          002E68  0000C0  002F28      1734       0  CODE    
                text60                         002F28  0000CE  002FF6      1794       0  CODE    
                text28                         002FF6  0000D0  0030C6      17FB       0  CODE    
                text23                         0030C6  0000D0  003196      1863       0  CODE    
                text13                         003196  0000D8  00326E      18CB       0  CODE    
                text21                         00326E  0000DA  003348      1937       0  CODE    
                text10                         003348  0000DE  003426      19A4       0  CODE    
                text25                         003426  0000E6  00350C      1A13       0  CODE    
                text6                          00350C  0000E6  0035F2      1A86       0  CODE    
                text8                          0035F2  0000EE  0036E0      1AF9       0  CODE    
                text39                         0036E0  0000FE  0037DE      1B70       0  CODE    
                text27                         0037DE  000106  0038E4      1BEF       0  CODE    
                text34                         0038E4  000114  0039F8      1C72       0  CODE    
                text53                         0039F8  00011E  003B16      1CFC       0  CODE    
                text83                         003B16  000126  003C3C      1D8B       0  CODE    
                text0                          003C3C  000130  003D6C      1E1E       0  CODE    
                text15                         003D6C  000148  003EB4      1EB6       0  CODE    
                text33                         003EB4  000172  004026      1F5A       0  CODE    
                text7                          004026  000178  00419E      2013       0  CODE    
                text36                         00419E  000180  00431E      20CF       0  CODE    
                text38                         00431E  000188  0044A6      218F       0  CODE    
                text5                          0044A6  000192  004638      2253       0  CODE    
                text20                         004638  0001DC  004814      231C       0  CODE    
                text52                         004814  00020C  004A20      240A       0  CODE    
                text49                         004A20  000276  004C96      2510       0  CODE    
                text37                         004C96  00029A  004F30      264B       0  CODE    
                text2                          004F30  00039A  0052CA      2798       0  CODE    
                text55                         0052CA  00074C  005A16      2965       0  CODE    
                text19                         005A16  0012C6  006CDC      2D0B       0  CODE    
                mediumconst                    006CDC  001024  007D00      366E       0  MEDIUMCO
                idloc                          200000  000008  200008    200000       0  IDLOC   
                config                         300000  00000E  30000E    300000       0  CONFIG  


UNUSED ADDRESS RANGES

        Name                Unused          Largest block    Delta
        BANK0            0000E1-0000FF               1F
        BANK1            0001CC-0001FF               34
        BANK5            000531-0005EE               BE
        BIGRAM           000048-00005F               18
                         0000E1-0000FF               1F
                         0001CC-0001FF               34
                         000531-0005EE               BE
        CODE             0001A2-001CDF             1B3E
        COMRAM           000048-00005F               18
        CONST            0001A2-001CDF             1B3E
        EEDATA           F00000-F000FF              100
        MEDIUMCONST      000600-001CDF             16E0
        RAM              0000E1-0000FF               1F
                         0001CC-0001FF               34
                         000531-0005EE               BE
        SFR              000D00-000F9B              100
                         000F9D-000FD3               37
                         000FD5-000FDA                6
                         000FE0-000FE2                3
                         000FE8-000FEA                3
                         000FF0-000FFB                C
        SMALLCONST       000600-001CDF              100

                                  Symbol Table

?_ECANReceiveMessage                    cstackCOMRAM 000020
?_ECANSendMessage                       cstackCOMRAM 000023
?_OpenUSART                             cstackCOMRAM 000019
?_WriteTimer0                           cstackCOMRAM 000019
?__CANIDToRegs                          cstackCOMRAM 000019
?__ECANPointBuffer                      cstackCOMRAM 000019
?__RegsToCANID                          cstackCOMRAM 000019
?___lldiv                               cstackCOMRAM 000019
?___llmod                               cstackCOMRAM 000026
?___lwdiv                               cstackCOMRAM 000019
?___lwmod                               cstackCOMRAM 000019
?___wmul                                cstackCOMRAM 000019
?_atoi                                  cstackCOMRAM 00001F
?_calcCRC                               cstackCOMRAM 000025
?_crc8                                  cstackCOMRAM 000020
?_fifo_init                             cstackCOMRAM 000019
?_fifo_read                             cstackCOMRAM 000019
?_fifo_write                            cstackCOMRAM 000001
?_getCANFrame                           cstackCOMRAM 00002C
?_getVSCPFrame                          cstackBANK0  000062
?_hexStringToBytes                      cstackCOMRAM 00001D
?_itoa                                  cstackCOMRAM 000029
?_memcpy                                cstackCOMRAM 000019
?_memset                                cstackCOMRAM 000019
?_putsUSART                             cstackCOMRAM 00001A
?_readEEPROM                            cstackCOMRAM 000019
?_readRegister                          cstackBANK0  00009E
?_readRegisterExtended                  cstackBANK0  00009E
?_sendCANFrame                          cstackBANK0  00007C
?_sendEscapedUartData                   cstackCOMRAM 000025
?_sendVSCPDriverCommandReply            cstackCOMRAM 000028
?_sendVSCPFrame                         cstackBANK0  000083
?_setFilter                             cstackCOMRAM 000019
?_sprintf                               cstackBANK0  000060
?_strcat                                cstackCOMRAM 000019
?_strchr                                cstackCOMRAM 000019
?_strcpy                                cstackCOMRAM 000019
?_strcspn                               cstackCOMRAM 00001F
?_strichr                               cstackCOMRAM 00001A
?_stristr                               cstackCOMRAM 000026
?_strlen                                cstackCOMRAM 000019
?_strnicmp                              cstackCOMRAM 00001D
?_strspn                                cstackCOMRAM 00001F
?_strtok                                cstackCOMRAM 000025
?_ultoa                                 cstackBANK0  000060
?_utoa                                  cstackCOMRAM 000020
?_writeEEPROM                           cstackCOMRAM 000019
?_writeRegisterExtended                 cstackBANK0  00009E
?i1_WriteTimer0                         cstackCOMRAM 000001
ECANReceiveMessage@data                 cstackCOMRAM 000020
ECANReceiveMessage@dataLen              cstackCOMRAM 000022
ECANReceiveMessage@i                    cstackCOMRAM 000027
ECANReceiveMessage@id                   cstackCOMRAM 000024
ECANReceiveMessage@mode                 cstackCOMRAM 000028
ECANReceiveMessage@msgFlags             cstackCOMRAM 000023
ECANReceiveMessage@ptr                  cstackCOMRAM 00002A
ECANReceiveMessage@savedPtr             cstackCOMRAM 000025
ECANReceiveMessage@temp                 cstackCOMRAM 000029
ECANSendMessage@buffers                 cstackBANK0  000073
ECANSendMessage@data                    cstackCOMRAM 000027
ECANSendMessage@dataLen                 cstackCOMRAM 000029
ECANSendMessage@i                       cstackBANK0  000079
ECANSendMessage@id                      cstackCOMRAM 000023
ECANSendMessage@j                       cstackBANK0  000074
ECANSendMessage@mode                    cstackBANK0  000072
ECANSendMessage@msgFlags                cstackCOMRAM 00002A
ECANSendMessage@pb                      cstackBANK0  000060
ECANSendMessage@ptr                     cstackBANK0  00007A
ECANSendMessage@temp                    cstackBANK0  000078
ECANSendMessage@tempBSEL0               cstackBANK0  000075
ECANSendMessage@tempPtr                 cstackBANK0  000076
ECANSetOperationMode@mode               cstackCOMRAM 000019
Interrupt@c                             cstackCOMRAM 000018
OpenTimer0@config                       cstackCOMRAM 000019
OpenUSART@config                        cstackCOMRAM 00001B
OpenUSART@spbrg                         cstackCOMRAM 000019
PL10                                    text19       006C10
PL12                                    text55       00594A
PL14                                    text83       003C0E
PL16                                    text19       006C2C
PL18                                    text55       005968
PL2                                     text19       006BAA
PL20                                    text55       005978
PL22                                    text39       0037D0
PL24                                    text13       003254
PL26                                    text60       002FD4
PL28                                    text8        0036D0
PL30                                    text19       006C46
PL32                                    text34       0039A4
PL34                                    text19       006C5A
PL36                                    text19       006C6C
PL38                                    text53       003ABC
PL4                                     text9        002F18
PL40                                    text19       006C7A
PL42                                    text19       006C94
PL44                                    text55       00599E
PL46                                    text13       003264
PL48                                    text34       0039B8
PL50                                    text55       0059B8
PL52                                    text34       0039C8
PL54                                    text19       006CAE
PL56                                    text19       006CC6
PL58                                    text61       0029E0
PL6                                     text19       006BB8
PL60                                    text55       0059CE
PL62                                    text53       003ACA
PL64                                    text55       0059DC
PL66                                    text53       003ADE
PL68                                    text53       003AF0
PL70                                    text6        0035DE
PL72                                    text34       0039DA
PL74                                    text27       0038D0
PL76                                    text53       003B04
PL78                                    text55       0059F0
PL8                                     text19       006BC6
PL80                                    text2        0052BE
PL82                                    text55       005A02
PL84                                    text56       001E8E
PL86                                    text5        00462A
PL88                                    text52       004A12
PL90                                    text80       0020A8
PL92                                    text15       003EA6
PL94                                    text34       0039EE
PL96                                    text55       005A0C
ReadUSART@data                          cstackCOMRAM 000001
WriteTimer0@timer                       cstackCOMRAM 00001B
WriteTimer0@timer0                      cstackCOMRAM 000019
WriteUSART@data                         cstackCOMRAM 000019
_B0CON                                  (abs)        000E20
_B0RXFUL                                (abs)        007107
_B0TXEN                                 (abs)        006FC2
_B1CON                                  (abs)        000E30
_B1RXFUL                                (abs)        007187
_B1TXEN                                 (abs)        006FC3
_B2CON                                  (abs)        000E40
_B2RXFUL                                (abs)        007207
_B2TXEN                                 (abs)        006FC4
_B3CON                                  (abs)        000E50
_B3RXFUL                                (abs)        007287
_B3TXEN                                 (abs)        006FC5
_B4CON                                  (abs)        000E60
_B4RXFUL                                (abs)        007307
_B4TXEN                                 (abs)        006FC6
_B5CON                                  (abs)        000E70
_B5RXFUL                                (abs)        007387
_B5TXEN                                 (abs)        006FC7
_BRGCON1                                (abs)        000F70
_BRGCON2                                (abs)        000F71
_BRGCON3                                (abs)        000F72
_BSEL0                                  (abs)        000DF8
_CANCON                                 (abs)        000F6F
_CIOCON                                 (abs)        000F73
_COMSTATbits                            (abs)        000F74
_ECANCON                                (abs)        000F77
_ECANInitialize                         text70       0027CE
_ECANReceiveMessage                     text52       004814
_ECANSendMessage                        text33       003EB4
_ECANSetOperationMode                   text71       001D4A
_EEADR                                  (abs)        000FA9
_EECON1bits                             (abs)        000FA6
_EECON2                                 (abs)        000FA7
_EEDATA                                 (abs)        000FA8
_FIFOEMPTY                              (abs)        007BA7
_INTCONbits                             (abs)        000FF2
_IRXIF                                  (abs)        007D27
_Interrupt                              intcodelo    000018
_LATC1                                  (abs)        007C59
_MDSEL0                                 (abs)        007BBE
_MDSEL1                                 (abs)        007BBF
_MSEL0                                  (abs)        000DF0
_MSEL1                                  (abs)        000DF1
_MSEL2                                  (abs)        000DF2
_OSCCONbits                             (abs)        000FD3
_OSCTUNEbits                            (abs)        000F9B
_OpenTimer0                             text72       001D80
_OpenUSART                              text73       0023A0
_PEIE                                   (abs)        007F96
_PIE1bits                               (abs)        000F9D
_PIR1bits                               (abs)        000F9E
_PIR2bits                               (abs)        000FA1
_RCIE                                   (abs)        007CED
_RCIF                                   (abs)        007CF5
_RCIP                                   (abs)        007CFD
_RCREG                                  (abs)        000FAE
_RCSTA                                  (abs)        000FAB
_RCSTAbits                              (abs)        000FAB
_RXB0CON                                (abs)        000F60
_RXB0FILHIT0                            (abs)        007B00
_RXB0FUL                                (abs)        007B07
_RXB0IF                                 (abs)        007D20
_RXB0OVFL                               (abs)        007BA7
_RXB1CON                                (abs)        000F50
_RXB1CONbits                            (abs)        000F50
_RXB1IF                                 (abs)        007D21
_RXB1OVFL                               (abs)        007BA6
_RXERRCNT                               (abs)        000F75
_RXF0EIDH                               (abs)        000F02
_RXF0EIDL                               (abs)        000F03
_RXF0SIDH                               (abs)        000F00
_RXF0SIDL                               (abs)        000F01
_RXF10EIDH                              (abs)        000D76
_RXF10EIDL                              (abs)        000D77
_RXF10SIDH                              (abs)        000D74
_RXF10SIDL                              (abs)        000D75
_RXF11EIDH                              (abs)        000D7A
_RXF11EIDL                              (abs)        000D7B
_RXF11SIDH                              (abs)        000D78
_RXF11SIDL                              (abs)        000D79
_RXF12EIDH                              (abs)        000D82
_RXF12EIDL                              (abs)        000D83
_RXF12SIDH                              (abs)        000D80
_RXF12SIDL                              (abs)        000D81
_RXF13EIDH                              (abs)        000D86
_RXF13EIDL                              (abs)        000D87
_RXF13SIDH                              (abs)        000D84
_RXF13SIDL                              (abs)        000D85
_RXF14EIDH                              (abs)        000D8A
_RXF14EIDL                              (abs)        000D8B
_RXF14SIDH                              (abs)        000D88
_RXF14SIDL                              (abs)        000D89
_RXF15EIDH                              (abs)        000D92
_RXF15EIDL                              (abs)        000D93
_RXF15SIDH                              (abs)        000D90
_RXF15SIDL                              (abs)        000D91
_RXF1EIDH                               (abs)        000F06
_RXF1EIDL                               (abs)        000F07
_RXF1SIDH                               (abs)        000F04
_RXF1SIDL                               (abs)        000F05
_RXF2EIDH                               (abs)        000F0A
_RXF2EIDL                               (abs)        000F0B
_RXF2SIDH                               (abs)        000F08
_RXF2SIDL                               (abs)        000F09
_RXF3EIDH                               (abs)        000F0E
_RXF3EIDL                               (abs)        000F0F
_RXF3SIDH                               (abs)        000F0C
_RXF3SIDL                               (abs)        000F0D
_RXF4EIDH                               (abs)        000F12
_RXF4EIDL                               (abs)        000F13
_RXF4SIDH                               (abs)        000F10
_RXF4SIDL                               (abs)        000F11
_RXF5EIDH                               (abs)        000F16
_RXF5EIDL                               (abs)        000F17
_RXF5SIDH                               (abs)        000F14
_RXF5SIDL                               (abs)        000F15
_RXF6EIDH                               (abs)        000D62
_RXF6EIDL                               (abs)        000D63
_RXF6SIDH                               (abs)        000D60
_RXF6SIDL                               (abs)        000D61
_RXF7EIDH                               (abs)        000D66
_RXF7EIDL                               (abs)        000D67
_RXF7SIDH                               (abs)        000D64
_RXF7SIDL                               (abs)        000D65
_RXF8EIDH                               (abs)        000D6A
_RXF8EIDL                               (abs)        000D6B
_RXF8SIDH                               (abs)        000D68
_RXF8SIDL                               (abs)        000D69
_RXF9EIDH                               (abs)        000D72
_RXF9EIDL                               (abs)        000D73
_RXF9SIDH                               (abs)        000D70
_RXF9SIDL                               (abs)        000D71
_RXFBCON0                               (abs)        000DE0
_RXFBCON1                               (abs)        000DE1
_RXFBCON2                               (abs)        000DE2
_RXFBCON3                               (abs)        000DE3
_RXFBCON4                               (abs)        000DE4
_RXFBCON5                               (abs)        000DE5
_RXFBCON6                               (abs)        000DE6
_RXFBCON7                               (abs)        000DE7
_RXFCON0                                (abs)        000DD4
_RXFCON1                                (abs)        000DD5
_RXM0EIDH                               (abs)        000F1A
_RXM0EIDL                               (abs)        000F1B
_RXM0EXIDM                              (abs)        0078CB
_RXM0SIDH                               (abs)        000F18
_RXM0SIDL                               (abs)        000F19
_RXM1EIDH                               (abs)        000F1E
_RXM1EIDL                               (abs)        000F1F
_RXM1EXIDEN                             (abs)        0078EB
_RXM1SIDH                               (abs)        000F1C
_RXM1SIDL                               (abs)        000F1D
_ReadUSART                              text84       001D62
_SPBRG                                  (abs)        000FAF
_SPBRGH                                 (abs)        000FB0
_T0CON                                  (abs)        000FD5
_T0CONbits                              (abs)        000FD5
_TMR0H                                  (abs)        000FD7
_TMR0L                                  (abs)        000FD6
_TRISBbits                              (abs)        000F93
_TRISCbits                              (abs)        000F94
_TXB0CON                                (abs)        000F40
_TXB1CON                                (abs)        000F30
_TXB2CON                                (abs)        000F20
_TXERRCNT                               (abs)        000F76
_TXREG                                  (abs)        000FAD
_TXSTA                                  (abs)        000FAC
_TXSTAbits                              (abs)        000FAC
_USART_Status                           bssCOMRAM    000034
_WriteTimer0                            text74       001D0E
_WriteUSART                             text68       001D20
__CANIDToRegs                           text34       0038E4
__CANIDToRegs@Value                     cstackCOMRAM 000022
__CANIDToRegs@ptr                       cstackCOMRAM 000019
__CANIDToRegs@type                      cstackCOMRAM 00001F
__CANIDToRegs@val                       cstackCOMRAM 00001B
__CFG_BOREN$BOACTIVE                    (abs)        000000
__CFG_BORV$3                            (abs)        000000
__CFG_CPB$OFF                           (abs)        000000
__CFG_EBTR0$OFF                         (abs)        000000
__CFG_EBTR1$OFF                         (abs)        000000
__CFG_EBTR2$OFF                         (abs)        000000
__CFG_EBTR3$OFF                         (abs)        000000
__CFG_EBTRB$OFF                         (abs)        000000
__CFG_LVP$OFF                           (abs)        000000
__CFG_OSC$HSPLL                         (abs)        000000
__CFG_PWRT$ON                           (abs)        000000
__CFG_STVREN$ON                         (abs)        000000
__CFG_WDT$OFF                           (abs)        000000
__CFG_WRTD$OFF                          (abs)        000000
__ECANPointBuffer                       text54       0026E0
__ECANPointBuffer@b                     cstackCOMRAM 00001C
__ECANPointBuffer@pt                    cstackCOMRAM 00001D
__ECANRxFilterHitInfo                   bssCOMRAM    000035
__HRAM                                  (abs)        000000
__Habs1                                 abs1         000000
__Hbank0                                bank0        000000
__Hbank1                                bank1        000000
__Hbank2                                bank2        000000
__Hbank3                                bank3        000000
__Hbank4                                bank4        000000
__Hbank5                                bank5        000000
__Hbigbss                               bigbss       000000
__Hbigdata                              bigdata      000000
__Hbigram                               bigram       000000
__Hbss                                  bss          000000
__HbssBANK0                             bssBANK0     000000
__HbssBANK1                             bssBANK1     000000
__HbssBANK2                             bssBANK2     000000
__HbssBIGRAM                            bssBIGRAM    000000
__HbssCOMRAM                            bssCOMRAM    000000
__Hcinit                                cinit        000000
__Hclrtext                              clrtext      000000
__Hcomram                               comram       000000
__Hconfig                               config       30000E
__Hconst                                const        000000
__HcstackBANK0                          cstackBANK0  000000
__HcstackBANK3                          cstackBANK3  000000
__HcstackCOMRAM                         cstackCOMRAM 000000
__Hdata                                 data         000000
__Heeprom_data                          eeprom_data  000000
__Hend_init                             end_init     0001A2
__Hfarbss                               farbss       000000
__Hfardata                              fardata      000000
__Hibigdata                             ibigdata     000000
__Hidata                                idata        000000
__Hidloc                                idloc        200008
__Hifardata                             ifardata     000000
__Hinit                                 init         00019E
__Hintcode                              intcode      000006
__Hintcode_body                         intcode_body 000000
__Hintcodelo                            intcodelo    00019E
__Hintentry                             intentry     000000
__Hintret                               intret       000000
__Hintsave_regs                         intsave_regs 000000
__Hirdata                               irdata       000000
__Hmediumconst                          mediumconst  007D00
__HnvBANK0                              nvBANK0      000000
__HnvFARRAM                             nvFARRAM     000000
__Hnvbit                                nvbit        000000
__Hnvrram                               nvrram       000000
__Hpa_nodes                             pa_nodes     000000
__Hparam                                rparam       000000
__Hpowerup                              powerup      00019E
__Hram                                  ram          000000
__Hramtop                               ramtop       000600
__Hrbit                                 rbit         000000
__Hrbss                                 rbss         000000
__Hrdata                                rdata        000000
__Hreset_vec                            reset_vec    000006
__Hrparam                               rparam       000000
__Hsfr                                  sfr          000000
__Hsmallconst                           smallconst   000000
__Hstruct                               struct       000000
__Htemp                                 temp         000000
__Htext                                 text         000000
__Htext0                                text0        000000
__Htext1                                text1        000000
__Htext10                               text10       000000
__Htext11                               text11       000000
__Htext12                               text12       000000
__Htext13                               text13       000000
__Htext14                               text14       000000
__Htext15                               text15       000000
__Htext16                               text16       000000
__Htext17                               text17       000000
__Htext18                               text18       000000
__Htext19                               text19       000000
__Htext2                                text2        000000
__Htext20                               text20       000000
__Htext21                               text21       000000
__Htext22                               text22       000000
__Htext23                               text23       000000
__Htext24                               text24       000000
__Htext25                               text25       000000
__Htext26                               text26       000000
__Htext27                               text27       000000
__Htext28                               text28       000000
__Htext29                               text29       000000
__Htext3                                text3        000000
__Htext30                               text30       000000
__Htext31                               text31       000000
__Htext32                               text32       000000
__Htext33                               text33       000000
__Htext34                               text34       000000
__Htext35                               text35       000000
__Htext36                               text36       000000
__Htext37                               text37       000000
__Htext38                               text38       000000
__Htext39                               text39       000000
__Htext4                                text4        000000
__Htext40                               text40       000000
__Htext41                               text41       000000
__Htext42                               text42       000000
__Htext43                               text43       000000
__Htext44                               text44       000000
__Htext45                               text45       000000
__Htext46                               text46       000000
__Htext47                               text47       000000
__Htext48                               text48       000000
__Htext49                               text49       000000
__Htext5                                text5        000000
__Htext50                               text50       000000
__Htext51                               text51       000000
__Htext52                               text52       000000
__Htext53                               text53       000000
__Htext54                               text54       000000
__Htext55                               text55       000000
__Htext56                               text56       000000
__Htext57                               text57       000000
__Htext58                               text58       000000
__Htext59                               text59       000000
__Htext6                                text6        000000
__Htext60                               text60       000000
__Htext61                               text61       000000
__Htext62                               text62       000000
__Htext63                               text63       000000
__Htext64                               text64       000000
__Htext65                               text65       000000
__Htext66                               text66       000000
__Htext67                               text67       000000
__Htext68                               text68       000000
__Htext69                               text69       000000
__Htext7                                text7        000000
__Htext70                               text70       000000
__Htext71                               text71       000000
__Htext72                               text72       000000
__Htext73                               text73       000000
__Htext74                               text74       000000
__Htext75                               text75       000000
__Htext76                               text76       000000
__Htext77                               text77       000000
__Htext78                               text78       000000
__Htext79                               text79       000000
__Htext8                                text8        000000
__Htext80                               text80       000000
__Htext82                               text82       000000
__Htext83                               text83       000000
__Htext84                               text84       000000
__Htext9                                text9        000000
__IT_INT_MASK                           bssCOMRAM    000036
__IT_SAVE_BSR                           bssCOMRAM    000037
__IT_SAVE_STATUS                        bssCOMRAM    000038
__IT_SAVE_WREG                          bssCOMRAM    000039
__LRAM                                  (abs)        000001
__Labs1                                 abs1         000000
__Lbank0                                bank0        000000
__Lbank1                                bank1        000000
__Lbank2                                bank2        000000
__Lbank3                                bank3        000000
__Lbank4                                bank4        000000
__Lbank5                                bank5        000000
__Lbigbss                               bigbss       000000
__Lbigdata                              bigdata      000000
__Lbigram                               bigram       000000
__Lbss                                  bss          000000
__LbssBANK0                             bssBANK0     000000
__LbssBANK1                             bssBANK1     000000
__LbssBANK2                             bssBANK2     000000
__LbssBIGRAM                            bssBIGRAM    000000
__LbssCOMRAM                            bssCOMRAM    000000
__Lcinit                                cinit        000000
__Lclrtext                              clrtext      000000
__Lcomram                               comram       000000
__Lconfig                               config       300000
__Lconst                                const        000000
__LcstackBANK0                          cstackBANK0  000000
__LcstackBANK3                          cstackBANK3  000000
__LcstackCOMRAM                         cstackCOMRAM 000000
__Ldata                                 data         000000
__Leeprom_data                          eeprom_data  000000
__Lend_init                             end_init     00019E
__Lfarbss                               farbss       000000
__Lfardata                              fardata      000000
__Libigdata                             ibigdata     000000
__Lidata                                idata        000000
__Lidloc                                idloc        200000
__Lifardata                             ifardata     000000
__Linit                                 init         00019E
__Lintcode                              intcode      000006
__Lintcode_body                         intcode_body 000000
__Lintcodelo                            intcodelo    000018
__Lintentry                             intentry     000000
__Lintret                               intret       000000
__Lintsave_regs                         intsave_regs 000000
__Lirdata                               irdata       000000
__Lmediumconst                          mediumconst  006CDC
__LnvBANK0                              nvBANK0      000000
__LnvFARRAM                             nvFARRAM     000000
__Lnvbit                                nvbit        000000
__Lnvrram                               nvrram       000000
__Lpa_nodes                             pa_nodes     000000
__Lparam                                rparam       000000
__Lpowerup                              powerup      00019E
__Lram                                  ram          000000
__Lramtop                               ramtop       000600
__Lrbit                                 rbit         000000
__Lrbss                                 rbss         000000
__Lrdata                                rdata        000000
__Lreset_vec                            reset_vec    000000
__Lrparam                               rparam       000000
__Lsfr                                  sfr          000000
__Lsmallconst                           smallconst   000000
__Lstruct                               struct       000000
__Ltemp                                 temp         000000
__Ltext                                 text         000000
__Ltext0                                text0        000000
__Ltext1                                text1        000000
__Ltext10                               text10       000000
__Ltext11                               text11       000000
__Ltext12                               text12       000000
__Ltext13                               text13       000000
__Ltext14                               text14       000000
__Ltext15                               text15       000000
__Ltext16                               text16       000000
__Ltext17                               text17       000000
__Ltext18                               text18       000000
__Ltext19                               text19       000000
__Ltext2                                text2        000000
__Ltext20                               text20       000000
__Ltext21                               text21       000000
__Ltext22                               text22       000000
__Ltext23                               text23       000000
__Ltext24                               text24       000000
__Ltext25                               text25       000000
__Ltext26                               text26       000000
__Ltext27                               text27       000000
__Ltext28                               text28       000000
__Ltext29                               text29       000000
__Ltext3                                text3        000000
__Ltext30                               text30       000000
__Ltext31                               text31       000000
__Ltext32                               text32       000000
__Ltext33                               text33       000000
__Ltext34                               text34       000000
__Ltext35                               text35       000000
__Ltext36                               text36       000000
__Ltext37                               text37       000000
__Ltext38                               text38       000000
__Ltext39                               text39       000000
__Ltext4                                text4        000000
__Ltext40                               text40       000000
__Ltext41                               text41       000000
__Ltext42                               text42       000000
__Ltext43                               text43       000000
__Ltext44                               text44       000000
__Ltext45                               text45       000000
__Ltext46                               text46       000000
__Ltext47                               text47       000000
__Ltext48                               text48       000000
__Ltext49                               text49       000000
__Ltext5                                text5        000000
__Ltext50                               text50       000000
__Ltext51                               text51       000000
__Ltext52                               text52       000000
__Ltext53                               text53       000000
__Ltext54                               text54       000000
__Ltext55                               text55       000000
__Ltext56                               text56       000000
__Ltext57                               text57       000000
__Ltext58                               text58       000000
__Ltext59                               text59       000000
__Ltext6                                text6        000000
__Ltext60                               text60       000000
__Ltext61                               text61       000000
__Ltext62                               text62       000000
__Ltext63                               text63       000000
__Ltext64                               text64       000000
__Ltext65                               text65       000000
__Ltext66                               text66       000000
__Ltext67                               text67       000000
__Ltext68                               text68       000000
__Ltext69                               text69       000000
__Ltext7                                text7        000000
__Ltext70                               text70       000000
__Ltext71                               text71       000000
__Ltext72                               text72       000000
__Ltext73                               text73       000000
__Ltext74                               text74       000000
__Ltext75                               text75       000000
__Ltext76                               text76       000000
__Ltext77                               text77       000000
__Ltext78                               text78       000000
__Ltext79                               text79       000000
__Ltext8                                text8        000000
__Ltext80                               text80       000000
__Ltext82                               text82       000000
__Ltext83                               text83       000000
__Ltext84                               text84       000000
__Ltext9                                text9        000000
__RegsToCANID                           text53       0039F8
__RegsToCANID@Value                     cstackCOMRAM 00001F
__RegsToCANID@ptr                       cstackCOMRAM 000019
__RegsToCANID@type                      cstackCOMRAM 00001C
__RegsToCANID@val                       cstackCOMRAM 00001B
__S0                                    (abs)        30000E
__S1                                    (abs)        000531
___DCByte                               bssCOMRAM    00003A
___DCDelay                              nvBANK0      0000E0
___IT                                   (abs)        000101
___lldiv                                text58       00266A
___lldiv@counter                        cstackCOMRAM 000025
___lldiv@dividend                       cstackCOMRAM 000019
___lldiv@divisor                        cstackCOMRAM 00001D
___lldiv@quotient                       cstackCOMRAM 000021
___llmod                                text57       002458
___llmod@counter                        cstackCOMRAM 00002E
___llmod@dividend                       cstackCOMRAM 000026
___llmod@divisor                        cstackCOMRAM 00002A
___lwdiv                                text65       002208
___lwdiv@counter                        cstackCOMRAM 00001D
___lwdiv@dividend                       cstackCOMRAM 000019
___lwdiv@divisor                        cstackCOMRAM 00001B
___lwdiv@quotient                       cstackCOMRAM 00001E
___lwmod                                text64       001FBC
___lwmod@counter                        cstackCOMRAM 00001D
___lwmod@dividend                       cstackCOMRAM 000019
___lwmod@divisor                        cstackCOMRAM 00001B
___wmul                                 text56       001E6C
___wmul@multiplicand                    cstackCOMRAM 00001B
___wmul@multiplier                      cstackCOMRAM 000019
___wmul@product                         cstackCOMRAM 00001D
__accesstop                             (abs)        000060
__activetblptr                          (abs)        000002
__end_ofPL10                            text19       006C2C
__end_ofPL12                            text55       005968
__end_ofPL14                            text83       003C3C
__end_ofPL16                            text19       006C46
__end_ofPL18                            text55       005978
__end_ofPL2                             text19       006BB8
__end_ofPL20                            text55       00599E
__end_ofPL22                            text39       0037DE
__end_ofPL24                            text13       003264
__end_ofPL26                            text60       002FF6
__end_ofPL28                            text8        0036E0
__end_ofPL30                            text19       006C5A
__end_ofPL32                            text34       0039B8
__end_ofPL34                            text19       006C6C
__end_ofPL36                            text19       006C7A
__end_ofPL38                            text53       003ACA
__end_ofPL4                             text9        002F28
__end_ofPL40                            text19       006C94
__end_ofPL42                            text19       006CAE
__end_ofPL44                            text55       0059B8
__end_ofPL46                            text13       00326E
__end_ofPL48                            text34       0039C8
__end_ofPL50                            text55       0059CE
__end_ofPL52                            text34       0039DA
__end_ofPL54                            text19       006CC6
__end_ofPL56                            text19       006CDC
__end_ofPL58                            text61       0029EE
__end_ofPL6                             text19       006BC6
__end_ofPL60                            text55       0059DC
__end_ofPL62                            text53       003ADE
__end_ofPL64                            text55       0059F0
__end_ofPL66                            text53       003AF0
__end_ofPL68                            text53       003B04
__end_ofPL70                            text6        0035F2
__end_ofPL72                            text34       0039EE
__end_ofPL74                            text27       0038E4
__end_ofPL76                            text53       003B16
__end_ofPL78                            text55       005A02
__end_ofPL8                             text19       006C10
__end_ofPL80                            text2        0052CA
__end_ofPL82                            text55       005A0C
__end_ofPL84                            text56       001E9E
__end_ofPL86                            text5        004638
__end_ofPL88                            text52       004A20
__end_ofPL90                            text80       0020B6
__end_ofPL92                            text15       003EB4
__end_ofPL94                            text34       0039F8
__end_ofPL96                            text55       005A16
__end_of_ECANInitialize                 text70       002850
__end_of_ECANReceiveMessage             text52       004A12
__end_of_ECANSendMessage                text33       004026
__end_of_ECANSetOperationMode           text71       001D62
__end_of_Interrupt                      intcodelo    00019E
__end_of_OpenTimer0                     text72       001D9E
__end_of_OpenUSART                      text73       0023FC
__end_of_ReadUSART                      text84       001D80
__end_of_WriteTimer0                    text74       001D20
__end_of_WriteUSART                     text68       001D34
__end_of__CANIDToRegs                   text34       0039A4
__end_of__ECANPointBuffer               text54       002756
__end_of__RegsToCANID                   text53       003ABC
__end_of___lldiv                        text58       0026E0
__end_of___llmod                        text57       0024BA
__end_of___lwdiv                        text65       002252
__end_of___lwmod                        text64       001FFA
__end_of___wmul                         text56       001E8E
__end_of__initialization                cinit        002396
__end_of__stringdata                    mediumconst  007CFE
__end_of_atoi                           text39       0037D0
__end_of_calcCRC                        text14       001F46
__end_of_crc8                           text17       001F0E
__end_of_doModeSLCAN                    text2        0052BE
__end_of_doModeVerbose                  text19       006BAA
__end_of_doModeVscp                     text7        00419E
__end_of_doModeVscpNode                 text1        001CE2
__end_of_dpowers                        mediumconst  006D34
__end_of_fifo_init                      text80       0020A8
__end_of_fifo_read                      text60       002FD4
__end_of_fifo_write                     text83       003C0E
__end_of_findNodes                      text25       00350C
__end_of_getCANFrame                    text51       001E6C
__end_of_getVSCPFrame                   text50       0028D4
__end_of_hexStringToBytes               text3        002BAE
__end_of_hexpowers                      mediumconst  006D54
__end_of_init                           text69       00213A
__end_of_init_app_eeprom                text76       00295E
__end_of_init_app_ram                   text78       0022A0
__end_of_init_crc8                      text18       00258A
__end_of_isdigit                        text59       001DBC
__end_of_itoa                           text62       001ED6
__end_of_main                           text0        003D6C
__end_of_memcpy                         text11       0020F6
__end_of_memset                         text35       001E0E
__end_of_nibbleFromChar                 text4        002076
__end_of_octpowers                      mediumconst  006D0C
__end_of_printBinary                    text22       002208
__end_of_printErrors                    text37       004F30
__end_of_printFirmwareVersion           text61       0029E0
__end_of_printGUID                      text27       0038D0
__end_of_printHelp                      text36       00431E
__end_of_printMDF                       text26       002B14
__end_of_printMode                      text66       00266A
__end_of_printNodeFirmwareVersion       text28       0030C6
__end_of_printStatistics                text38       0044A6
__end_of_putsUSART                      text67       0022F4
__end_of_readEEPROM                     text79       001D0E
__end_of_readRegister                   text30       002CF6
__end_of_readRegisterExtended           text23       003196
__end_of_receivePrintEventCANAL         text15       003EA6
__end_of_receivePrintEventSLCAN         text5        00462A
__end_of_receivePrintEventVerbose       text49       004C96
__end_of_receiveVSCPModeCanalMsg        text10       003426
__end_of_sendCANFrame                   text32       001F80
__end_of_sendEscapedUartData            text16       0025F8
__end_of_sendVSCPDriverAck              text12       002DAC
__end_of_sendVSCPDriverCommandReply     text8        0036D0
__end_of_sendVSCPDriverErrorFrame       text13       003254
__end_of_sendVSCPDriverNack             text9        002F18
__end_of_sendVSCPFrame                  text31       002E68
__end_of_setFilter                      text20       004814
__end_of_sprintf                        text55       00594A
__end_of_strcat                         text29       00234A
__end_of_strchr                         text43       002458
__end_of_strcpy                         text24       001E3C
__end_of_strcspn                        text41       0021C2
__end_of_strichr                        text45       002038
__end_of_stristr                        text44       0027CE
__end_of_strlen                         text48       001FBC
__end_of_strnicmp                       text46       00251C
__end_of_strspn                         text42       00217E
__end_of_strtok                         text40       002A80
__end_of_toupper                        text47       001D4A
__end_of_ultoa                          text6        0035DE
__end_of_utoa                           text63       002C4E
__end_of_vscp_restoreDefaults           text75       001CEA
__end_of_writeEEPROM                    text77       001DE2
__end_of_writeRegisterExtended          text21       003348
__end_ofi1_WriteTimer0                  text82       001CFC
__initialization                        cinit        00234A
__mediumconst                           mediumconst  006CDC
__pbssBANK0                             bssBANK0     0000CD
__pbssBANK1                             bssBANK1     000100
__pbssBANK2                             bssBANK2     000200
__pbssBIGRAM                            bssBIGRAM    00033D
__pbssCOMRAM                            bssCOMRAM    000030
__pcinit                                cinit        00234A
__pcstackBANK0                          cstackBANK0  000060
__pcstackBANK3                          cstackBANK3  000300
__pcstackCOMRAM                         cstackCOMRAM 000001
__pintcodelo                            intcodelo    000018
__pmediumconst                          mediumconst  006CDC
__pnvBANK0                              nvBANK0      0000E0
__ptext0                                text0        003C3C
__ptext1                                text1        001CE0
__ptext10                               text10       003348
__ptext11                               text11       0020B6
__ptext12                               text12       002CF6
__ptext13                               text13       003196
__ptext14                               text14       001F0E
__ptext15                               text15       003D6C
__ptext16                               text16       00258A
__ptext17                               text17       001ED6
__ptext18                               text18       00251C
__ptext19                               text19       005A16
__ptext2                                text2        004F30
[...]
 Return value:  Size  Location     Type
		None               void
 Registers used:
		wreg, status,2
 Tracked objects:
		On entry : 
		On exit  : 
		Unchanged: 
 Data sizes:     COMRAM   BANK0   BANK1   BANK2   BANK3   BANK4   BANK5
      Params:         3       0       0       0       0       0       0
      Locals:         0       0       0       0       0       0       0
      Temps:          0       0       0       0       0       0       0
      Totals:         3       0       0       0       0       0       0
Total ram usage:        3 bytes
 Hardware stack levels used:    1
 Hardware stack levels required when called:    2
 This function calls:
		Nothing
 This function is called by:
		_init_app_eeprom
		_doModeVerbose
		_doModeSLCAN
 This function uses a non-reentrant model


 *************** function _init_app_ram *****************
 Defined at:
		line 376 in file "main.c"
 Parameters:    Size  Location     Type
		None
 Auto vars:     Size  Location     Type
		None
 Return value:  Size  Location     Type
		None               void
 Registers used:
		wreg, status,2, cstack
 Tracked objects:
		On entry : 
		On exit  : 
		Unchanged: 
 Data sizes:     COMRAM   BANK0   BANK1   BANK2   BANK3   BANK4   BANK5
      Params:         0       0       0       0       0       0       0
      Locals:         0       0       0       0       0       0       0
      Temps:          0       0       0       0       0       0       0
      Totals:         0       0       0       0       0       0       0
Total ram usage:        0 bytes
 Hardware stack levels used:    1
 Hardware stack levels required when called:    3
 This function calls:
		_readEEPROM
 This function is called by:
		_init
		_vscp_restoreDefaults
 This function uses a non-reentrant model


 *************** function _readEEPROM *****************
 Defined at:
		line 87 in file "eeprom.c"
 Parameters:    Size  Location     Type
  address         2   24[COMRAM] unsigned short 
 Auto vars:     Size  Location     Type
  data            1   26[COMRAM] unsigned char 
 Return value:  Size  Location     Type
                  1    wreg      unsigned char 
 Registers used:
		wreg, status,2
 Tracked objects:
		On entry : 
		On exit  : 
		Unchanged: 
 Data sizes:     COMRAM   BANK0   BANK1   BANK2   BANK3   BANK4   BANK5
      Params:         2       0       0       0       0       0       0
      Locals:         1       0       0       0       0       0       0
      Temps:          0       0       0       0       0       0       0
      Totals:         3       0       0       0       0       0       0
Total ram usage:        3 bytes
 Hardware stack levels used:    1
 Hardware stack levels required when called:    2
 This function calls:
		Nothing
 This function is called by:
		_main
		_init_app_ram
 This function uses a non-reentrant model


 *************** function _fifo_init *****************
 Defined at:
		line 14 in file "fifo.c"
 Parameters:    Size  Location     Type
  f               2   24[COMRAM] PTR struct .
		 -> inputFifo(8), 
  buf             2   26[COMRAM] PTR unsigned char 
		 -> inputBuffer(500), 
  size            2   28[COMRAM] unsigned short 
 Auto vars:     Size  Location     Type
		None
 Return value:  Size  Location     Type
		None               void
 Registers used:
		wreg, fsr2l, fsr2h, status,2, status,0
 Tracked objects:
		On entry : 
		On exit  : 
		Unchanged: 
 Data sizes:     COMRAM   BANK0   BANK1   BANK2   BANK3   BANK4   BANK5
      Params:         6       0       0       0       0       0       0
      Locals:         0       0       0       0       0       0       0
      Temps:          0       0       0       0       0       0       0
      Totals:         6       0       0       0       0       0       0
Total ram usage:        6 bytes
 Hardware stack levels used:    1
 Hardware stack levels required when called:    2
 This function calls:
		Nothing
 This function is called by:
		_main
 This function uses a non-reentrant model


 *************** function _Interrupt *****************
 Defined at:
		line 238 in file "main.c"
 Parameters:    Size  Location     Type
		None
 Auto vars:     Size  Location     Type
  c               1   23[COMRAM] unsigned char 
 Return value:  Size  Location     Type
		None               void
 Registers used:
		wreg, fsr1l, fsr1h, fsr2l, fsr2h, status,2, status,0, cstack
 Tracked objects:
		On entry : 
		On exit  : 
		Unchanged: 
 Data sizes:     COMRAM   BANK0   BANK1   BANK2   BANK3   BANK4   BANK5
      Params:         0       0       0       0       0       0       0
      Locals:         1       0       0       0       0       0       0
      Temps:          7       0       0       0       0       0       0
      Totals:         8       0       0       0       0       0       0
Total ram usage:        8 bytes
 Hardware stack levels used:    1
 Hardware stack levels required when called:    1
 This function calls:
		_ReadUSART
		_fifo_write
		i1_WriteTimer0
 This function is called by:
		Interrupt level 1
 This function uses a non-reentrant model


 *************** function i1_WriteTimer0 *****************
 Defined at:
		line 17 in file "C:\Program Files (x86)\Microchip\xc8\v1.21\sources\pic18\plib\Timers\t0write.c"
 Parameters:    Size  Location     Type
  timer0          2    0[COMRAM] unsigned int 
 Auto vars:     Size  Location     Type
  WriteTimer0     2    2[COMRAM] struct Timers
 Return value:  Size  Location     Type
		None               void
 Registers used:
		None
 Tracked objects:
		On entry : 
		On exit  : 
		Unchanged: 
 Data sizes:     COMRAM   BANK0   BANK1   BANK2   BANK3   BANK4   BANK5
      Params:         2       0       0       0       0       0       0
      Locals:         2       0       0       0       0       0       0
      Temps:          0       0       0       0       0       0       0
      Totals:         4       0       0       0       0       0       0
Total ram usage:        4 bytes
 Hardware stack levels used:    1
 This function calls:
		Nothing
 This function is called by:
		_Interrupt
 This function uses a non-reentrant model


 *************** function _fifo_write *****************
 Defined at:
		line 61 in file "fifo.c"
 Parameters:    Size  Location     Type
  f               2    0[COMRAM] PTR struct .
		 -> inputFifo(8), 
  buf             1    2[COMRAM] PTR const void 
		 -> Interrupt@c(1), 
  nbytes          4    3[COMRAM] unsigned long 
 Auto vars:     Size  Location     Type
  i               4   12[COMRAM] unsigned long 
  p               1   11[COMRAM] PTR const unsigned char 
		 -> Interrupt@c(1), 
 Return value:  Size  Location     Type
                  2    0[COMRAM] unsigned short 
 Registers used:
		wreg, fsr1l, fsr1h, fsr2l, fsr2h, status,2, status,0
 Tracked objects:
		On entry : 
		On exit  : 
		Unchanged: 
 Data sizes:     COMRAM   BANK0   BANK1   BANK2   BANK3   BANK4   BANK5
      Params:         7       0       0       0       0       0       0
      Locals:         5       0       0       0       0       0       0
      Temps:          4       0       0       0       0       0       0
      Totals:        16       0       0       0       0       0       0
Total ram usage:       16 bytes
 Hardware stack levels used:    1
 This function calls:
		Nothing
 This function is called by:
		_Interrupt
 This function uses a non-reentrant model


 *************** function _ReadUSART *****************
 Defined at:
		line 16 in file "C:\Program Files (x86)\Microchip\xc8\v1.21\sources\pic18\plib\USART\uread.c"
 Parameters:    Size  Location     Type
		None
 Auto vars:     Size  Location     Type
  data            1    0[COMRAM] unsigned char 
 Return value:  Size  Location     Type
                  1    wreg      unsigned char 
 Registers used:
		wreg, status,2, status,0
 Tracked objects:
		On entry : 
		On exit  : 
		Unchanged: 
 Data sizes:     COMRAM   BANK0   BANK1   BANK2   BANK3   BANK4   BANK5
      Params:         0       0       0       0       0       0       0
      Locals:         1       0       0       0       0       0       0
      Temps:          0       0       0       0       0       0       0
      Totals:         1       0       0       0       0       0       0
Total ram usage:        1 bytes
 Hardware stack levels used:    1
 This function calls:
		Nothing
 This function is called by:
		_Interrupt
 This function uses a non-reentrant model



MODULE INFORMATION

Module		Function		Class		Link	Load	Size
C:\Program Files (x86)\Microchip\xc8\v1.21\sources\common\lwdiv.c
		___lwdiv       		CODE           	2208	0000	74

C:\Program Files (x86)\Microchip\xc8\v1.21\sources\common\lwdiv.c estimated size: 74

C:\Program Files (x86)\Microchip\xc8\v1.21\sources\pic18\plib\Timers\t0write.c
		_WriteTimer0   		CODE           	1D0E	0000	18

C:\Program Files (x86)\Microchip\xc8\v1.21\sources\pic18\plib\Timers\t0write.c estimated size: 18

C:\Program Files (x86)\Microchip\xc8\v1.21\sources\common\stristr.c
		_stristr       		CODE           	2756	0000	120

C:\Program Files (x86)\Microchip\xc8\v1.21\sources\common\stristr.c estimated size: 120

C:\Program Files (x86)\Microchip\xc8\v1.21\sources\common\strcat.c
		_strcat        		CODE           	22F4	0000	86

C:\Program Files (x86)\Microchip\xc8\v1.21\sources\common\strcat.c estimated size: 86

C:\Program Files (x86)\Microchip\xc8\v1.21\sources\common\wmul.c
		___wmul        		CODE           	1E6C	0000	34

C:\Program Files (x86)\Microchip\xc8\v1.21\sources\common\wmul.c estimated size: 34

hexutils.c
		_hexStringToByt		CODE           	2B14	0000	154
		_nibbleFromChar		CODE           	2038	0000	62

hexutils.c estimated size: 216

shared
		PL12           		CODE           	594A	0000	30
		PL50           		CODE           	59B8	0000	22
		PL8            		CODE           	6BC6	0000	74
		PL22           		CODE           	37D0	0000	14
		PL60           		CODE           	59CE	0000	14
		PL32           		CODE           	39A4	0000	20
		PL70           		CODE           	35DE	0000	20
		PL42           		CODE           	6C94	0000	26
		PL80           		CODE           	52BE	0000	12
		PL14           		CODE           	3C0E	0000	46
		PL52           		CODE           	39C8	0000	18
		PL90           		CODE           	20A8	0000	14
		PL24           		CODE           	3254	0000	16
		PL62           		CODE           	3ACA	0000	20
		PL34           		CODE           	6C5A	0000	18
		PL72           		CODE           	39DA	0000	20
		__stringdata   		MEDIUMCONST    	6D54	0000	4010
		PL44           		CODE           	599E	0000	26
		PL82           		CODE           	5A02	0000	10
		PL16           		CODE           	6C2C	0000	26
		PL54           		CODE           	6CAE	0000	24
		PL92           		CODE           	3EA6	0000	14
		PL26           		CODE           	2FD4	0000	34
		PL64           		CODE           	59DC	0000	20
		PL36           		CODE           	6C6C	0000	14
		PL74           		CODE           	38D0	0000	20
		PL46           		CODE           	3264	0000	10
		PL84           		CODE           	1E8E	0000	16
		_dpowers       		MEDIUMCONST    	6D0C	0000	40
		PL18           		CODE           	5968	0000	16
		PL56           		CODE           	6CC6	0000	22
		PL94           		CODE           	39EE	0000	10
		PL28           		CODE           	36D0	0000	16
		PL66           		CODE           	3ADE	0000	18
		PL38           		CODE           	3ABC	0000	14
		PL76           		CODE           	3B04	0000	18
		PL48           		CODE           	39B8	0000	16
		PL86           		CODE           	462A	0000	14
		PL58           		CODE           	29E0	0000	14
		PL96           		CODE           	5A0C	0000	10
		PL68           		CODE           	3AF0	0000	20
		PL78           		CODE           	59F0	0000	18
		PL88           		CODE           	4A12	0000	14
		__initializatio		CODE           	234A	0000	76
		_octpowers     		MEDIUMCONST    	6CDC	0000	48
		_hexpowers     		MEDIUMCONST    	6D34	0000	32
		i1_WriteTimer0 		CODE           	1CEA	0000	18
		PL2            		CODE           	6BAA	0000	14
		PL10           		CODE           	6C10	0000	28
		PL4            		CODE           	2F18	0000	16
		PL20           		CODE           	5978	0000	38
		PL30           		CODE           	6C46	0000	20
		PL6            		CODE           	6BB8	0000	14
		PL40           		CODE           	6C7A	0000	26

shared estimated size: 5198

C:\Program Files (x86)\Microchip\xc8\v1.21\sources\common\doprnt.c
		_sprintf       		CODE           	52CA	0000	1664

C:\Program Files (x86)\Microchip\xc8\v1.21\sources\common\doprnt.c estimated size: 1664

C:\Program Files (x86)\Microchip\xc8\v1.21\sources\common\strcspn.c
		_strcspn       		CODE           	217E	0000	68

C:\Program Files (x86)\Microchip\xc8\v1.21\sources\common\strcspn.c estimated size: 68

C:\Program Files (x86)\Microchip\xc8\v1.21\sources\common\strnicmp.c
		_strnicmp      		CODE           	24BA	0000	98

C:\Program Files (x86)\Microchip\xc8\v1.21\sources\common\strnicmp.c estimated size: 98

C:\Program Files (x86)\Microchip\xc8\v1.21\sources\common\llmod.c
		___llmod       		CODE           	2458	0000	98

C:\Program Files (x86)\Microchip\xc8\v1.21\sources\common\llmod.c estimated size: 98

C:\Program Files (x86)\Microchip\xc8\v1.21\sources\common\isdigit.c
		_isdigit       		CODE           	1D9E	0000	30

C:\Program Files (x86)\Microchip\xc8\v1.21\sources\common\isdigit.c estimated size: 30

C:\Program Files (x86)\Microchip\xc8\v1.21\sources\common\strcpy.c
		_strcpy        		CODE           	1E0E	0000	46

C:\Program Files (x86)\Microchip\xc8\v1.21\sources\common\strcpy.c estimated size: 46

eeprom.c
		_readEEPROM    		CODE           	1CFC	0000	18
		_writeEEPROM   		CODE           	1DBC	0000	38

eeprom.c estimated size: 56

C:\Program Files (x86)\Microchip\xc8\v1.21\sources\common\lldiv.c
		___lldiv       		CODE           	266A	0000	118

C:\Program Files (x86)\Microchip\xc8\v1.21\sources\common\lldiv.c estimated size: 118

C:\Program Files (x86)\Microchip\xc8\v1.21\sources\common\itoa.c
		_itoa          		CODE           	1E9E	0000	56
		_utoa          		CODE           	2BAE	0000	160

C:\Program Files (x86)\Microchip\xc8\v1.21\sources\common\itoa.c estimated size: 216

C:\Program Files (x86)\Microchip\xc8\v1.21\sources\pic18\plib\USART\uread.c
		_ReadUSART     		CODE           	1D62	0000	30

C:\Program Files (x86)\Microchip\xc8\v1.21\sources\pic18\plib\USART\uread.c estimated size: 30

C:\Program Files (x86)\Microchip\xc8\v1.21\sources\pic18\plib\Timers\t0open.c
		_OpenTimer0    		CODE           	1D80	0000	30

C:\Program Files (x86)\Microchip\xc8\v1.21\sources\pic18\plib\Timers\t0open.c estimated size: 30

main.c
		_sendEscapedUar		CODE           	258A	0000	110
		_readRegister  		CODE           	2C4E	0000	168
		_init          		CODE           	20F6	0000	68
		_receivePrintEv		CODE           	4A20	0000	630
		_findNodes     		CODE           	3426	0000	230
		_getVSCPFrame  		CODE           	2850	0000	132
		_writeRegisterE		CODE           	326E	0000	218
		_receivePrintEv		CODE           	3D6C	0000	314
		_calcCRC       		CODE           	1F0E	0000	56
		_Interrupt     		CODE           	0018	0000	390
		_vscp_restoreDe		CODE           	1CE2	0000	8
		_getCANFrame   		CODE           	1E3C	0000	48
		_main          		CODE           	3C3C	0000	304
		_readRegisterEx		CODE           	30C6	0000	208
		_sendVSCPDriver		CODE           	35F2	0000	222
		_printNodeFirmw		CODE           	2FF6	0000	208
		_sendVSCPFrame 		CODE           	2DAC	0000	188
		_sendVSCPDriver		CODE           	2CF6	0000	182
		_init_app_eepro		CODE           	28D4	0000	138
		_sendCANFrame  		CODE           	1F46	0000	58
		_doModeSLCAN   		CODE           	4F30	0000	910
		_setFilter     		CODE           	4638	0000	476
		_printMode     		CODE           	25F8	0000	114
		_doModeVscp    		CODE           	4026	0000	376
		_printGUID     		CODE           	37DE	0000	242
		_printStatistic		CODE           	431E	0000	392
		_printBinary   		CODE           	21C2	0000	70
		_sendVSCPDriver		CODE           	2E68	0000	176
		_doModeVerbose 		CODE           	5A16	0000	4500
		_receivePrintEv		CODE           	44A6	0000	388
		_doModeVscpNode		CODE           	1CE0	0000	2
		_printFirmwareV		CODE           	295E	0000	130
		_sendVSCPDriver		CODE           	3196	0000	190
		_printErrors   		CODE           	4C96	0000	666
		_init_app_ram  		CODE           	2252	0000	78
		_printHelp     		CODE           	419E	0000	384
		_printMDF      		CODE           	2A80	0000	148
		_receiveVSCPMod		CODE           	3348	0000	222

main.c estimated size: 13344

C:\Program Files (x86)\Microchip\xc8\v1.21\sources\common\strichr.c
		_strichr       		CODE           	1FFA	0000	62

C:\Program Files (x86)\Microchip\xc8\v1.21\sources\common\strichr.c estimated size: 62

C:\Program Files (x86)\Microchip\xc8\v1.21\sources\common\strlen.c
		_strlen        		CODE           	1F80	0000	60

C:\Program Files (x86)\Microchip\xc8\v1.21\sources\common\strlen.c estimated size: 60

crc8.c
		_crc8          		CODE           	1ED6	0000	56
		_init_crc8     		CODE           	251C	0000	110

crc8.c estimated size: 166

C:\Program Files (x86)\Microchip\xc8\v1.21\sources\common\memcpy.c
		_memcpy        		CODE           	20B6	0000	64

C:\Program Files (x86)\Microchip\xc8\v1.21\sources\common\memcpy.c estimated size: 64

C:\Program Files (x86)\Microchip\xc8\v1.21\sources\common\strtok.c
		_strtok        		CODE           	29EE	0000	146

C:\Program Files (x86)\Microchip\xc8\v1.21\sources\common\strtok.c estimated size: 146

fifo.c
		_fifo_write    		CODE           	3B16	0000	248
		_fifo_read     		CODE           	2F28	0000	172
		_fifo_init     		CODE           	2076	0000	50

fifo.c estimated size: 470

C:\Program Files (x86)\Microchip\xc8\v1.21\sources\common\strspn.c
		_strspn        		CODE           	213A	0000	68

C:\Program Files (x86)\Microchip\xc8\v1.21\sources\common\strspn.c estimated size: 68

ECAN.c
		_ECANReceiveMes		CODE           	4814	0000	510
		__RegsToCANID  		CODE           	39F8	0000	196
		__ECANPointBuff		CODE           	26E0	0000	118
		_ECANInitialize		CODE           	27CE	0000	130
		__CANIDToRegs  		CODE           	38E4	0000	192
		_ECANSetOperati		CODE           	1D4A	0000	24
		_ECANSendMessag		CODE           	3EB4	0000	370

ECAN.c estimated size: 1540

C:\Program Files (x86)\Microchip\xc8\v1.21\sources\pic18\plib\USART\uwrite.c
		_WriteUSART    		CODE           	1D20	0000	20

C:\Program Files (x86)\Microchip\xc8\v1.21\sources\pic18\plib\USART\uwrite.c estimated size: 20

C:\Program Files (x86)\Microchip\xc8\v1.21\sources\pic18\plib\USART\uputs.c
		_putsUSART     		CODE           	22A0	0000	84

C:\Program Files (x86)\Microchip\xc8\v1.21\sources\pic18\plib\USART\uputs.c estimated size: 84

C:\Program Files (x86)\Microchip\xc8\v1.21\sources\pic18\plib\USART\uopen.c
		_OpenUSART     		CODE           	23A0	0000	92

C:\Program Files (x86)\Microchip\xc8\v1.21\sources\pic18\plib\USART\uopen.c estimated size: 92

C:\Program Files (x86)\Microchip\xc8\v1.21\sources\common\lwmod.c
		___lwmod       		CODE           	1FBC	0000	62

C:\Program Files (x86)\Microchip\xc8\v1.21\sources\common\lwmod.c estimated size: 62

C:\Program Files (x86)\Microchip\xc8\v1.21\sources\common\atoi.c
		_atoi          		CODE           	36E0	0000	240

C:\Program Files (x86)\Microchip\xc8\v1.21\sources\common\atoi.c estimated size: 240

C:\Program Files (x86)\Microchip\xc8\v1.21\sources\common\strchr.c
		_strchr        		CODE           	23FC	0000	92

C:\Program Files (x86)\Microchip\xc8\v1.21\sources\common\strchr.c estimated size: 92

C:\Program Files (x86)\Microchip\xc8\v1.21\sources\common\toupper.c
		_toupper       		CODE           	1D34	0000	22

C:\Program Files (x86)\Microchip\xc8\v1.21\sources\common\toupper.c estimated size: 22

C:\Program Files (x86)\Microchip\xc8\v1.21\sources\common\ltoa.c
		_ultoa         		CODE           	350C	0000	210

C:\Program Files (x86)\Microchip\xc8\v1.21\sources\common\ltoa.c estimated size: 210

C:\Program Files (x86)\Microchip\xc8\v1.21\sources\common\memset.c
		_memset        		CODE           	1DE2	0000	44

C:\Program Files (x86)\Microchip\xc8\v1.21\sources\common\memset.c estimated size: 44

