Microchip MPLAB XC8 Compiler V1.21 ()

Linker command line:

--edf=C:\Program Files (x86)\Microchip\xc8\v1.21\dat\en_msgs.txt \
  --UDF=html\Frankfurt_RS-232.X.debug.link.html -cs \
  -h+dist/default/debug\Frankfurt_RS-232.X.debug.sym \
  --cmf=dist/default/debug\Frankfurt_RS-232.X.debug.cmf -z -Q18F2580 \
  -oC:\Users\GRODAN~1\AppData\Local\Temp\s5u8.6 \
  -Mdist/default/debug/Frankfurt_RS-232.X.debug.map -E1 -ver=XC8 \
  -ACODE=072h-07CFFh -ACONST=072h-07CFFh -ASMALLCONST=0600h-06FFhx119 \
  -AMEDIUMCONST=0600h-07CFFh -ACOMRAM=01h-05Fh -AABS1=00h-05EEh \
  -ABIGRAM=01h-05EEh -ARAM=060h-0FFh,0100h-01FFhx4,0500h-05EEh \
  -ABANK0=060h-0FFh -ABANK1=0100h-01FFh -ABANK2=0200h-02FFh \
  -ABANK3=0300h-03FFh -ABANK4=0400h-04FFh -ABANK5=0500h-05EEh \
  -ASFR=0D00h-0DFFhx2,0F00h-0F5Fh,0F60h-0F9Bh,0F9Dh-0FD3h,0FD5h-0FDAh,0FE0h-0FE2h,0FE8h-0FEAh,0FF0h-0FFBh \
  -preset_vec=00h,intcode,intcodelo=018h,powerup,init,end_init \
  -pramtop=0600h -psmallconst=SMALLCONST -pmediumconst=MEDIUMCONST \
  -pconst=CONST -AFARRAM=00h-00h -ACONFIG=0300000h-030000Dh -pconfig=CONFIG \
  -AIDLOC=0200000h-0200007h -pidloc=IDLOC -AEEDATA=0F00000h-0F000FFh \
  -peeprom_data=EEDATA \
  -prdata=COMRAM,nvrram=COMRAM,nvbit=COMRAM,rbss=COMRAM,rbit=COMRAM \
  -pfarbss=FARRAM,fardata=FARRAM,nvFARRAM=FARRAM \
  -pintsave_regs=BIGRAM,bigbss=BIGRAM,bigdata=BIGRAM -pbss=RAM \
  -pidata=CODE,irdata=CODE,ibigdata=CODE,ifardata=CODE \
  C:\Users\GRODAN~1\AppData\Local\Temp\s5u8.obj \
  dist/default/debug\Frankfurt_RS-232.X.debug.obj \
  C:\Program Files (x86)\Microchip\xc8\v1.21\lib\pic18-trace-obj.lib 

Object code version is 3.11

Machine type is 18F2580

Call graph: (short form)




                Name                               Link     Load   Length Selector   Space Scale
C:\Users\GRODAN~1\AppData\Local\Temp\s5u8.obj
                end_init                            1A8      1A8        4        C       0
                reset_vec                             0        0        6        0       0
                idloc                            200000   200000        8   200000       0
                config                           300000   300000        E   300000       0
dist/default/debug\Frankfurt_RS-232.X.debug.obj
                intcodelo                            18       18      190        C       0
                mediumconst                        6CD8     6CD8     1028     366C       0
                text84                             1D1E     1D1E       1E      E8F       0
                text83                             3ADE     3ADE      126     1D6F       0
                text82                             1CA6     1CA6       12      E53       0
                text80                             2032     2032       40     1019       0
                text79                             1CB8     1CB8       12      E5C       0
                text78                             220E     220E       4E     1107       0
                text77                             1D78     1D78       26      EBC       0
                text76                             289C     289C       8A     144E       0
                text75                             1C9E     1C9E        8      E4F       0
                text74                             1CCA     1CCA       12      E65       0
                text73                             2306     2306       5C     1183       0
                text72                             1D3C     1D3C       1E      E9E       0
                text71                             1D06     1D06       18      E83       0
                text70                             2796     2796       82     13CB       0
                text69                             20B2     20B2       44     1059       0
                text68                             1CDC     1CDC       14      E6E       0
                text67                             225C     225C       54     112E       0
                text66                             25C0     25C0       72     12E0       0
                text65                             21C4     21C4       4A     10E2       0
                text64                             1F78     1F78       3E      FBC       0
                text63                             2B76     2B76       A0     15BB       0
                text62                             1E5A     1E5A       38      F2D       0
                text61                             2926     2926       90     1493       0
                text60                             2EF0     2EF0       CE     1778       0
                text59                             1D5A     1D5A       1E      EAD       0
                text58                             2632     2632       76     1319       0
                text57                             23BE     23BE       62     11DF       0
                text56                             1E28     1E28       32      F14       0
                text55                             52BE     52BE      74C     295F       0
                text54                             26A8     26A8       76     1354       0
                text53                             39C0     39C0      11E     1CE0       0
                text52                             4808     4808      20C     2404       0
                text51                             1DF8     1DF8       30      EFC       0
                text50                             2818     2818       84     140C       0
                text49                             4A14     4A14      276     250A       0
                text48                             1F3C     1F3C       3C      F9E       0
                text47                             1CF0     1CF0       16      E78       0
                text46                             2420     2420       62     1210       0
                text45                             1FB6     1FB6       3E      FDB       0
                text44                             271E     271E       78     138F       0
                text43                             2362     2362       5C     11B1       0
                text42                             20F6     20F6       44     107B       0
                text41                             213A     213A       44     109D       0
                text40                             29B6     29B6       92     14DB       0
                text39                             36A8     36A8       FE     1B54       0
                text38                             418A     418A      188     20C5       0
                text37                             4C8A     4C8A      29A     2645       0
                text36                             400A     400A      180     2005       0
                text35                             1D9E     1D9E       2C      ECF       0
                text34                             38AC     38AC      114     1C56       0
                text33                             3E98     3E98      172     1F4C       0
                text32                             1F02     1F02       3A      F81       0
                text31                             2D74     2D74       BC     16BA       0
                text30                             2C16     2C16       A8     160B       0
                text29                             22B0     22B0       56     1158       0
                text28                             2FBE     2FBE       D0     17DF       0
                text27                             37A6     37A6      106     1BD3       0
                text26                             2A48     2A48       94     1524       0
                text25                             33EE     33EE       E6     19F7       0
                text24                             1DCA     1DCA       2E      EE5       0
                text23                             308E     308E       D0     1847       0
                text22                             217E     217E       46     10BF       0
                text21                             3236     3236       DA     191B       0
                text20                             462C     462C      1DC     2316       0
                text19                             5A0A     5A0A     12CE     2D05       0
                text18                             24E4     24E4       6E     1272       0
                text17                             1E92     1E92       38      F49       0
                text16                             2552     2552       6E     12A9       0
                text15                             3C04     3C04      148     1E02       0
                text14                             1ECA     1ECA       38      F65       0
                text13                             315E     315E       D8     18AF       0
                text12                             2CBE     2CBE       B6     165F       0
                text11                             2072     2072       40     1039       0
                text10                             3310     3310       DE     1988       0
                text9                              2E30     2E30       C0     1718       0
                text8                              35BA     35BA       EE     1ADD       0
                text7                              4312     4312      188     2189       0
                text6                              34D4     34D4       E6     1A6A       0
                text5                              449A     449A      192     224D       0
                text4                              1FF4     1FF4       3E      FFA       0
                text3                              2ADC     2ADC       9A     156E       0
                text2                              4F24     4F24      39A     2792       0
                text1                              1C9C     1C9C        2      E4E       0
                text0                              3D4C     3D4C      14C     1EA6       0
                cstackCOMRAM                          1        1       2F        1       1
                cstackBANK0                          60       60       6D       60       1
                cstackBANK2                         280      280       3D      200       1
                bssBIGRAM                           400      400      1EE      400       1
                bssBANK3                            300      300      100      300       1
                bssBANK2                            200      200       80      200       1
                bssBANK1                            100      100       D4      100       1
                bssBANK0                             CD       CD       13       60       1
                bssCOMRAM                            30       30       18        1       1
                cinit                              2482     2482       62     1241       0
                nvBANK0                              E0       E0        1       60       1

C:\Program Files (x86)\Microchip\xc8\v1.21\lib\pic18-trace-obj.lib

TOTAL           Name                               Link     Load   Length     Space
        CLASS   CODE           
                end_init                            1A8      1A8        4         0
                intcodelo                            18       18      190         0
                reset_vec                             0        0        6         0
                text84                             1D1E     1D1E       1E         0
                text83                             3ADE     3ADE      126         0
                text82                             1CA6     1CA6       12         0
                text80                             2032     2032       40         0
                text79                             1CB8     1CB8       12         0
                text78                             220E     220E       4E         0
                text77                             1D78     1D78       26         0
                text76                             289C     289C       8A         0
                text75                             1C9E     1C9E        8         0
                text74                             1CCA     1CCA       12         0
                text73                             2306     2306       5C         0
                text72                             1D3C     1D3C       1E         0
                text71                             1D06     1D06       18         0
                text70                             2796     2796       82         0
                text69                             20B2     20B2       44         0
                text68                             1CDC     1CDC       14         0
                text67                             225C     225C       54         0
                text66                             25C0     25C0       72         0
                text65                             21C4     21C4       4A         0
                text64                             1F78     1F78       3E         0
                text63                             2B76     2B76       A0         0
                text62                             1E5A     1E5A       38         0
                text61                             2926     2926       90         0
                text60                             2EF0     2EF0       CE         0
                text59                             1D5A     1D5A       1E         0
                text58                             2632     2632       76         0
                text57                             23BE     23BE       62         0
                text56                             1E28     1E28       32         0
                text55                             52BE     52BE      74C         0
                text54                             26A8     26A8       76         0
                text53                             39C0     39C0      11E         0
                text52                             4808     4808      20C         0
                text51                             1DF8     1DF8       30         0
                text50                             2818     2818       84         0
                text49                             4A14     4A14      276         0
                text48                             1F3C     1F3C       3C         0
                text47                             1CF0     1CF0       16         0
                text46                             2420     2420       62         0
                text45                             1FB6     1FB6       3E         0
                text44                             271E     271E       78         0
                text43                             2362     2362       5C         0
                text42                             20F6     20F6       44         0
                text41                             213A     213A       44         0
                text40                             29B6     29B6       92         0
                text39                             36A8     36A8       FE         0
                text38                             418A     418A      188         0
                text37                             4C8A     4C8A      29A         0
                text36                             400A     400A      180         0
                text35                             1D9E     1D9E       2C         0
                text34                             38AC     38AC      114         0
                text33                             3E98     3E98      172         0
                text32                             1F02     1F02       3A         0
                text31                             2D74     2D74       BC         0
                text30                             2C16     2C16       A8         0
                text29                             22B0     22B0       56         0
                text28                             2FBE     2FBE       D0         0
                text27                             37A6     37A6      106         0
                text26                             2A48     2A48       94         0
                text25                             33EE     33EE       E6         0
                text24                             1DCA     1DCA       2E         0
                text23                             308E     308E       D0         0
                text22                             217E     217E       46         0
                text21                             3236     3236       DA         0
                text20                             462C     462C      1DC         0
                text19                             5A0A     5A0A     12CE         0
                text18                             24E4     24E4       6E         0
                text17                             1E92     1E92       38         0
                text16                             2552     2552       6E         0
                text15                             3C04     3C04      148         0
                text14                             1ECA     1ECA       38         0
                text13                             315E     315E       D8         0
                text12                             2CBE     2CBE       B6         0
                text11                             2072     2072       40         0
                text10                             3310     3310       DE         0
                text9                              2E30     2E30       C0         0
                text8                              35BA     35BA       EE         0
                text7                              4312     4312      188         0
                text6                              34D4     34D4       E6         0
                text5                              449A     449A      192         0
                text4                              1FF4     1FF4       3E         0
                text3                              2ADC     2ADC       9A         0
                text2                              4F24     4F24      39A         0
                text1                              1C9C     1C9C        2         0
                text0                              3D4C     3D4C      14C         0
                cinit                              2482     2482       62         0

        CLASS   CONST          

        CLASS   SMALLCONST     

        CLASS   MEDIUMCONST    
                mediumconst                        6CD8     6CD8     1028         0

        CLASS   COMRAM         
                cstackCOMRAM                          1        1       2F         1
                bssCOMRAM                            30       30       18         1

        CLASS   ABS1           

        CLASS   BIGRAM         
                bssBIGRAM                           400      400      1EE         1

        CLASS   RAM            

        CLASS   BANK0          
                cstackBANK0                          60       60       6D         1
                bssBANK0                             CD       CD       13         1
                nvBANK0                              E0       E0        1         1

        CLASS   BANK1          
                bssBANK1                            100      100       D4         1

        CLASS   BANK2          
                cstackBANK2                         280      280       3D         1
                bssBANK2                            200      200       80         1

        CLASS   BANK3          
                bssBANK3                            300      300      100         1

        CLASS   BANK4          

        CLASS   BANK5          

        CLASS   SFR            

        CLASS   FARRAM         

        CLASS   CONFIG         
                config                           300000   300000        E         0

        CLASS   IDLOC          
                idloc                            200000   200000        8         0

        CLASS   EEDATA         



SEGMENTS        Name                           Load    Length   Top    Selector   Space  Class

                reset_vec                      000000  000006  000006         0       0  CODE    
                cstackCOMRAM                   000001  000047  000048         1       1  COMRAM  
                intcodelo                      000018  000194  0001AC         C       0  CODE    
                cstackBANK0                    000060  000081  0000E1        60       1  BANK0   
                bssBANK1                       000100  0000D4  0001D4       100       1  BANK1   
                bssBANK2                       000200  0000BD  0002BD       200       1  BANK2   
                bssBANK3                       000300  000100  000400       300       1  BANK3   
                bssBIGRAM                      000400  0001EE  0005EE       400       1  BIGRAM  
                text1                          001C9C  000002  001C9E       E4E       0  CODE    
                text75                         001C9E  000008  001CA6       E4F       0  CODE    
                text82                         001CA6  000012  001CB8       E53       0  CODE    
                text79                         001CB8  000012  001CCA       E5C       0  CODE    
                text74                         001CCA  000012  001CDC       E65       0  CODE    
                text68                         001CDC  000014  001CF0       E6E       0  CODE    
                text47                         001CF0  000016  001D06       E78       0  CODE    
                text71                         001D06  000018  001D1E       E83       0  CODE    
                text84                         001D1E  00001E  001D3C       E8F       0  CODE    
                text72                         001D3C  00001E  001D5A       E9E       0  CODE    
                text59                         001D5A  00001E  001D78       EAD       0  CODE    
                text77                         001D78  000026  001D9E       EBC       0  CODE    
                text35                         001D9E  00002C  001DCA       ECF       0  CODE    
                text24                         001DCA  00002E  001DF8       EE5       0  CODE    
                text51                         001DF8  000030  001E28       EFC       0  CODE    
                text56                         001E28  000032  001E5A       F14       0  CODE    
                text62                         001E5A  000038  001E92       F2D       0  CODE    
                text17                         001E92  000038  001ECA       F49       0  CODE    
                text14                         001ECA  000038  001F02       F65       0  CODE    
                text32                         001F02  00003A  001F3C       F81       0  CODE    
                text48                         001F3C  00003C  001F78       F9E       0  CODE    
                text64                         001F78  00003E  001FB6       FBC       0  CODE    
                text45                         001FB6  00003E  001FF4       FDB       0  CODE    
                text4                          001FF4  00003E  002032       FFA       0  CODE    
                text80                         002032  000040  002072      1019       0  CODE    
                text11                         002072  000040  0020B2      1039       0  CODE    
                text69                         0020B2  000044  0020F6      1059       0  CODE    
                text42                         0020F6  000044  00213A      107B       0  CODE    
                text41                         00213A  000044  00217E      109D       0  CODE    
                text22                         00217E  000046  0021C4      10BF       0  CODE    
                text65                         0021C4  00004A  00220E      10E2       0  CODE    
                text78                         00220E  00004E  00225C      1107       0  CODE    
                text67                         00225C  000054  0022B0      112E       0  CODE    
                text29                         0022B0  000056  002306      1158       0  CODE    
                text73                         002306  00005C  002362      1183       0  CODE    
                text43                         002362  00005C  0023BE      11B1       0  CODE    
                text57                         0023BE  000062  002420      11DF       0  CODE    
                text46                         002420  000062  002482      1210       0  CODE    
                cinit                          002482  000062  0024E4      1241       0  CODE    
                text18                         0024E4  00006E  002552      1272       0  CODE    
                text16                         002552  00006E  0025C0      12A9       0  CODE    
                text66                         0025C0  000072  002632      12E0       0  CODE    
                text58                         002632  000076  0026A8      1319       0  CODE    
                text54                         0026A8  000076  00271E      1354       0  CODE    
                text44                         00271E  000078  002796      138F       0  CODE    
                text70                         002796  000082  002818      13CB       0  CODE    
                text50                         002818  000084  00289C      140C       0  CODE    
                text76                         00289C  00008A  002926      144E       0  CODE    
                text61                         002926  000090  0029B6      1493       0  CODE    
                text40                         0029B6  000092  002A48      14DB       0  CODE    
                text26                         002A48  000094  002ADC      1524       0  CODE    
                text3                          002ADC  00009A  002B76      156E       0  CODE    
                text63                         002B76  0000A0  002C16      15BB       0  CODE    
                text30                         002C16  0000A8  002CBE      160B       0  CODE    
                text12                         002CBE  0000B6  002D74      165F       0  CODE    
                text31                         002D74  0000BC  002E30      16BA       0  CODE    
                text9                          002E30  0000C0  002EF0      1718       0  CODE    
                text60                         002EF0  0000CE  002FBE      1778       0  CODE    
                text28                         002FBE  0000D0  00308E      17DF       0  CODE    
                text23                         00308E  0000D0  00315E      1847       0  CODE    
                text13                         00315E  0000D8  003236      18AF       0  CODE    
                text21                         003236  0000DA  003310      191B       0  CODE    
                text10                         003310  0000DE  0033EE      1988       0  CODE    
                text25                         0033EE  0000E6  0034D4      19F7       0  CODE    
                text6                          0034D4  0000E6  0035BA      1A6A       0  CODE    
                text8                          0035BA  0000EE  0036A8      1ADD       0  CODE    
                text39                         0036A8  0000FE  0037A6      1B54       0  CODE    
                text27                         0037A6  000106  0038AC      1BD3       0  CODE    
                text34                         0038AC  000114  0039C0      1C56       0  CODE    
                text53                         0039C0  00011E  003ADE      1CE0       0  CODE    
                text83                         003ADE  000126  003C04      1D6F       0  CODE    
                text15                         003C04  000148  003D4C      1E02       0  CODE    
                text0                          003D4C  00014C  003E98      1EA6       0  CODE    
                text33                         003E98  000172  00400A      1F4C       0  CODE    
                text36                         00400A  000180  00418A      2005       0  CODE    
                text38                         00418A  000188  004312      20C5       0  CODE    
                text7                          004312  000188  00449A      2189       0  CODE    
                text5                          00449A  000192  00462C      224D       0  CODE    
                text20                         00462C  0001DC  004808      2316       0  CODE    
                text52                         004808  00020C  004A14      2404       0  CODE    
                text49                         004A14  000276  004C8A      250A       0  CODE    
                text37                         004C8A  00029A  004F24      2645       0  CODE    
                text2                          004F24  00039A  0052BE      2792       0  CODE    
                text55                         0052BE  00074C  005A0A      295F       0  CODE    
                text19                         005A0A  0012CE  006CD8      2D05       0  CODE    
                mediumconst                    006CD8  001028  007D00      366C       0  MEDIUMCO
                idloc                          200000  000008  200008    200000       0  IDLOC   
                config                         300000  00000E  30000E    300000       0  CONFIG  


UNUSED ADDRESS RANGES

        Name                Unused          Largest block    Delta
        BANK0            0000E1-0000FF               1F
        BANK1            0001D4-0001FF               2C
        BANK2            0002BD-0002FF               43
        BANK5            0005EE-0005EE                1
        BIGRAM           000048-00005F               18
                         0000E1-0000FF               1F
                         0001D4-0001FF               2C
                         0002BD-0002FF               43
                         0005EE-0005EE                1
        CODE             0001AC-001C9B             1AF0
        COMRAM           000048-00005F               18
        CONST            0001AC-001C9B             1AF0
        EEDATA           F00000-F000FF              100
        MEDIUMCONST      000600-001C9B             169C
        RAM              0000E1-0000FF               1F
                         0001D4-0001FF               2C
                         0002BD-0002FF               43
                         0005EE-0005EE                1
        SFR              000D00-000F9B              100
                         000F9D-000FD3               37
                         000FD5-000FDA                6
                         000FE0-000FE2                3
                         000FE8-000FEA                3
                         000FF0-000FFB                C
        SMALLCONST       000600-001C9B              100

                                  Symbol Table

?_ECANReceiveMessage                    cstackCOMRAM 000020
?_ECANSendMessage                       cstackCOMRAM 000023
?_OpenUSART                             cstackCOMRAM 000019
?_WriteTimer0                           cstackCOMRAM 000019
?__CANIDToRegs                          cstackCOMRAM 000019
?__ECANPointBuffer                      cstackCOMRAM 000019
?__RegsToCANID                          cstackCOMRAM 000019
?___lldiv                               cstackCOMRAM 000019
?___llmod                               cstackCOMRAM 000026
?___lwdiv                               cstackCOMRAM 000019
?___lwmod                               cstackCOMRAM 000019
?___wmul                                cstackCOMRAM 000019
?_atoi                                  cstackCOMRAM 00001F
?_calcCRC                               cstackCOMRAM 000025
?_crc8                                  cstackCOMRAM 000020
?_fifo_init                             cstackCOMRAM 000019
?_fifo_read                             cstackCOMRAM 000019
?_fifo_write                            cstackCOMRAM 000001
?_getCANFrame                           cstackCOMRAM 00002C
?_getVSCPFrame                          cstackBANK0  000062
?_hexStringToBytes                      cstackCOMRAM 00001D
?_itoa                                  cstackCOMRAM 000029
?_memcpy                                cstackCOMRAM 000019
?_memset                                cstackCOMRAM 000019
?_putsUSART                             cstackCOMRAM 00001A
?_readEEPROM                            cstackCOMRAM 000019
?_readRegister                          cstackBANK0  00009E
?_readRegisterExtended                  cstackBANK0  00009E
?_sendCANFrame                          cstackBANK0  00007C
?_sendEscapedUartData                   cstackCOMRAM 000025
?_sendVSCPDriverCommandReply            cstackCOMRAM 000028
?_sendVSCPFrame                         cstackBANK0  000083
?_setFilter                             cstackCOMRAM 000019
?_sprintf                               cstackBANK0  000060
?_strcat                                cstackCOMRAM 000019
?_strchr                                cstackCOMRAM 000019
?_strcpy                                cstackCOMRAM 000019
?_strcspn                               cstackCOMRAM 00001F
?_strichr                               cstackCOMRAM 00001A
?_stristr                               cstackCOMRAM 000026
?_strlen                                cstackCOMRAM 000019
?_strnicmp                              cstackCOMRAM 00001D
?_strspn                                cstackCOMRAM 00001F
?_strtok                                cstackCOMRAM 000025
?_ultoa                                 cstackBANK0  000060
?_utoa                                  cstackCOMRAM 000020
?_writeEEPROM                           cstackCOMRAM 000019
?_writeRegisterExtended                 cstackBANK0  00009E
?i1_WriteTimer0                         cstackCOMRAM 000001
ECANReceiveMessage@data                 cstackCOMRAM 000020
ECANReceiveMessage@dataLen              cstackCOMRAM 000022
ECANReceiveMessage@i                    cstackCOMRAM 000027
ECANReceiveMessage@id                   cstackCOMRAM 000024
ECANReceiveMessage@mode                 cstackCOMRAM 000028
ECANReceiveMessage@msgFlags             cstackCOMRAM 000023
ECANReceiveMessage@ptr                  cstackCOMRAM 00002A
ECANReceiveMessage@savedPtr             cstackCOMRAM 000025
ECANReceiveMessage@temp                 cstackCOMRAM 000029
ECANSendMessage@buffers                 cstackBANK0  000073
ECANSendMessage@data                    cstackCOMRAM 000027
ECANSendMessage@dataLen                 cstackCOMRAM 000029
ECANSendMessage@i                       cstackBANK0  000079
ECANSendMessage@id                      cstackCOMRAM 000023
ECANSendMessage@j                       cstackBANK0  000074
ECANSendMessage@mode                    cstackBANK0  000072
ECANSendMessage@msgFlags                cstackCOMRAM 00002A
ECANSendMessage@pb                      cstackBANK0  000060
ECANSendMessage@ptr                     cstackBANK0  00007A
ECANSendMessage@temp                    cstackBANK0  000078
ECANSendMessage@tempBSEL0               cstackBANK0  000075
ECANSendMessage@tempPtr                 cstackBANK0  000076
ECANSetOperationMode@mode               cstackCOMRAM 000019
Interrupt@c                             cstackCOMRAM 000018
OpenTimer0@config                       cstackCOMRAM 000019
OpenUSART@config                        cstackCOMRAM 00001B
OpenUSART@spbrg                         cstackCOMRAM 000019
PL10                                    text19       006C0C
PL12                                    text55       00593E
PL14                                    text83       003BD6
PL16                                    text19       006C28
PL18                                    text55       00595C
PL2                                     text19       006BA6
PL20                                    text55       00596C
PL22                                    text39       003798
PL24                                    text13       00321C
PL26                                    text60       002F9C
PL28                                    text8        003698
PL30                                    text19       006C42
PL32                                    text34       00396C
PL34                                    text19       006C56
PL36                                    text19       006C68
PL38                                    text53       003A84
PL4                                     text9        002EE0
PL40                                    text19       006C76
PL42                                    text19       006C90
PL44                                    text55       005992
PL46                                    text13       00322C
PL48                                    text34       003980
PL50                                    text55       0059AC
PL52                                    text19       006CAA
PL54                                    text34       003990
PL56                                    text7        004484
PL58                                    text19       006CC2
PL6                                     text19       006BB4
PL60                                    text61       0029A8
PL62                                    text55       0059C2
PL64                                    text53       003A92
PL66                                    text55       0059D0
PL68                                    text53       003AA6
PL70                                    text53       003AB8
PL72                                    text6        0035A6
PL74                                    text34       0039A2
PL76                                    text27       003898
PL78                                    text53       003ACC
PL8                                     text19       006BC2
PL80                                    text55       0059E4
PL82                                    text2        0052B2
PL84                                    text55       0059F6
PL86                                    text56       001E4A
PL88                                    text5        00461E
PL90                                    text52       004A06
PL92                                    text80       002064
PL94                                    text15       003D3E
PL96                                    text34       0039B6
PL98                                    text55       005A00
ReadUSART@data                          cstackCOMRAM 000001
WriteTimer0@timer                       cstackCOMRAM 00001B
WriteTimer0@timer0                      cstackCOMRAM 000019
WriteUSART@data                         cstackCOMRAM 000019
_B0CON                                  (abs)        000E20
_B0RXFUL                                (abs)        007107
_B0TXEN                                 (abs)        006FC2
_B1CON                                  (abs)        000E30
_B1RXFUL                                (abs)        007187
_B1TXEN                                 (abs)        006FC3
_B2CON                                  (abs)        000E40
_B2RXFUL                                (abs)        007207
_B2TXEN                                 (abs)        006FC4
_B3CON                                  (abs)        000E50
_B3RXFUL                                (abs)        007287
_B3TXEN                                 (abs)        006FC5
_B4CON                                  (abs)        000E60
_B4RXFUL                                (abs)        007307
_B4TXEN                                 (abs)        006FC6
_B5CON                                  (abs)        000E70
_B5RXFUL                                (abs)        007387
_B5TXEN                                 (abs)        006FC7
_BRGCON1                                (abs)        000F70
_BRGCON2                                (abs)        000F71
_BRGCON3                                (abs)        000F72
_BSEL0                                  (abs)        000DF8
_CANCON                                 (abs)        000F6F
_CIOCON                                 (abs)        000F73
_COMSTATbits                            (abs)        000F74
_ECANCON                                (abs)        000F77
_ECANInitialize                         text70       002796
_ECANReceiveMessage                     text52       004808
_ECANSendMessage                        text33       003E98
_ECANSetOperationMode                   text71       001D06
_EEADR                                  (abs)        000FA9
_EECON1bits                             (abs)        000FA6
_EECON2                                 (abs)        000FA7
_EEDATA                                 (abs)        000FA8
_FIFOEMPTY                              (abs)        007BA7
_INTCONbits                             (abs)        000FF2
_IRXIF                                  (abs)        007D27
_Interrupt                              intcodelo    000018
_LATC1                                  (abs)        007C59
_MDSEL0                                 (abs)        007BBE
_MDSEL1                                 (abs)        007BBF
_MSEL0                                  (abs)        000DF0
_MSEL1                                  (abs)        000DF1
_MSEL2                                  (abs)        000DF2
_OSCCONbits                             (abs)        000FD3
_OSCTUNEbits                            (abs)        000F9B
_OpenTimer0                             text72       001D3C
_OpenUSART                              text73       002306
_PEIE                                   (abs)        007F96
_PIE1bits                               (abs)        000F9D
_PIR1bits                               (abs)        000F9E
_PIR2bits                               (abs)        000FA1
_PIR3bits                               (abs)        000FA4
_RCIE                                   (abs)        007CED
_RCIF                                   (abs)        007CF5
_RCIP                                   (abs)        007CFD
_RCREG                                  (abs)        000FAE
_RCSTA                                  (abs)        000FAB
_RCSTAbits                              (abs)        000FAB
_RXB0CON                                (abs)        000F60
_RXB0FILHIT0                            (abs)        007B00
_RXB0FUL                                (abs)        007B07
_RXB0IF                                 (abs)        007D20
_RXB0OVFL                               (abs)        007BA7
_RXB1CON                                (abs)        000F50
_RXB1CONbits                            (abs)        000F50
_RXB1IF                                 (abs)        007D21
_RXB1OVFL                               (abs)        007BA6
_RXERRCNT                               (abs)        000F75
_RXF0EIDH                               (abs)        000F02
_RXF0EIDL                               (abs)        000F03
_RXF0SIDH                               (abs)        000F00
_RXF0SIDL                               (abs)        000F01
_RXF10EIDH                              (abs)        000D76
_RXF10EIDL                              (abs)        000D77
_RXF10SIDH                              (abs)        000D74
_RXF10SIDL                              (abs)        000D75
_RXF11EIDH                              (abs)        000D7A
_RXF11EIDL                              (abs)        000D7B
_RXF11SIDH                              (abs)        000D78
_RXF11SIDL                              (abs)        000D79
_RXF12EIDH                              (abs)        000D82
_RXF12EIDL                              (abs)        000D83
_RXF12SIDH                              (abs)        000D80
_RXF12SIDL                              (abs)        000D81
_RXF13EIDH                              (abs)        000D86
_RXF13EIDL                              (abs)        000D87
_RXF13SIDH                              (abs)        000D84
_RXF13SIDL                              (abs)        000D85
_RXF14EIDH                              (abs)        000D8A
_RXF14EIDL                              (abs)        000D8B
_RXF14SIDH                              (abs)        000D88
_RXF14SIDL                              (abs)        000D89
_RXF15EIDH                              (abs)        000D92
_RXF15EIDL                              (abs)        000D93
_RXF15SIDH                              (abs)        000D90
_RXF15SIDL                              (abs)        000D91
_RXF1EIDH                               (abs)        000F06
_RXF1EIDL                               (abs)        000F07
_RXF1SIDH                               (abs)        000F04
_RXF1SIDL                               (abs)        000F05
_RXF2EIDH                               (abs)        000F0A
_RXF2EIDL                               (abs)        000F0B
_RXF2SIDH                               (abs)        000F08
_RXF2SIDL                               (abs)        000F09
_RXF3EIDH                               (abs)        000F0E
_RXF3EIDL                               (abs)        000F0F
_RXF3SIDH                               (abs)        000F0C
_RXF3SIDL                               (abs)        000F0D
_RXF4EIDH                               (abs)        000F12
_RXF4EIDL                               (abs)        000F13
_RXF4SIDH                               (abs)        000F10
_RXF4SIDL                               (abs)        000F11
_RXF5EIDH                               (abs)        000F16
_RXF5EIDL                               (abs)        000F17
_RXF5SIDH                               (abs)        000F14
_RXF5SIDL                               (abs)        000F15
_RXF6EIDH                               (abs)        000D62
_RXF6EIDL                               (abs)        000D63
_RXF6SIDH                               (abs)        000D60
_RXF6SIDL                               (abs)        000D61
_RXF7EIDH                               (abs)        000D66
_RXF7EIDL                               (abs)        000D67
_RXF7SIDH                               (abs)        000D64
_RXF7SIDL                               (abs)        000D65
_RXF8EIDH                               (abs)        000D6A
_RXF8EIDL                               (abs)        000D6B
_RXF8SIDH                               (abs)        000D68
_RXF8SIDL                               (abs)        000D69
_RXF9EIDH                               (abs)        000D72
_RXF9EIDL                               (abs)        000D73
_RXF9SIDH                               (abs)        000D70
_RXF9SIDL                               (abs)        000D71
_RXFBCON0                               (abs)        000DE0
_RXFBCON1                               (abs)        000DE1
_RXFBCON2                               (abs)        000DE2
_RXFBCON3                               (abs)        000DE3
_RXFBCON4                               (abs)        000DE4
_RXFBCON5                               (abs)        000DE5
_RXFBCON6                               (abs)        000DE6
_RXFBCON7                               (abs)        000DE7
_RXFCON0                                (abs)        000DD4
_RXFCON1                                (abs)        000DD5
_RXM0EIDH                               (abs)        000F1A
_RXM0EIDL                               (abs)        000F1B
_RXM0EXIDM                              (abs)        0078CB
_RXM0SIDH                               (abs)        000F18
_RXM0SIDL                               (abs)        000F19
_RXM1EIDH                               (abs)        000F1E
_RXM1EIDL                               (abs)        000F1F
_RXM1EXIDEN                             (abs)        0078EB
_RXM1SIDH                               (abs)        000F1C
_RXM1SIDL                               (abs)        000F1D
_ReadUSART                              text84       001D1E
_SPBRG                                  (abs)        000FAF
_SPBRGH                                 (abs)        000FB0
_T0CON                                  (abs)        000FD5
_T0CONbits                              (abs)        000FD5
_TMR0H                                  (abs)        000FD7
_TMR0L                                  (abs)        000FD6
_TRISBbits                              (abs)        000F93
_TRISCbits                              (abs)        000F94
_TXB0CON                                (abs)        000F40
_TXB1CON                                (abs)        000F30
_TXB2CON                                (abs)        000F20
_TXERRCNT                               (abs)        000F76
_TXREG                                  (abs)        000FAD
_TXSTA                                  (abs)        000FAC
_TXSTAbits                              (abs)        000FAC
_USART_Status                           bssCOMRAM    000034
_WriteTimer0                            text74       001CCA
_WriteUSART                             text68       001CDC
__CANIDToRegs                           text34       0038AC
__CANIDToRegs@Value                     cstackCOMRAM 000022
__CANIDToRegs@ptr                       cstackCOMRAM 000019
__CANIDToRegs@type                      cstackCOMRAM 00001F
__CANIDToRegs@val                       cstackCOMRAM 00001B
__CFG_BBSIZ$2048                        (abs)        000000
__CFG_BOREN$BOACTIVE                    (abs)        000000
__CFG_BORV$3                            (abs)        000000
__CFG_CPB$ON                            (abs)        000000
__CFG_EBTR0$OFF                         (abs)        000000
__CFG_EBTR1$OFF                         (abs)        000000
__CFG_EBTR2$OFF                         (abs)        000000
__CFG_EBTR3$OFF                         (abs)        000000
__CFG_EBTRB$OFF                         (abs)        000000
__CFG_LVP$ON                            (abs)        000000
__CFG_OSC$HSPLL                         (abs)        000000
__CFG_STVREN$ON                         (abs)        000000
__CFG_WDT$ON                            (abs)        000000
__CFG_WDTPS$128                         (abs)        000000
__CFG_WRTD$OFF                          (abs)        000000
__ECANPointBuffer                       text54       0026A8
__ECANPointBuffer@b                     cstackCOMRAM 00001C
__ECANPointBuffer@pt                    cstackCOMRAM 00001D
__ECANRxFilterHitInfo                   bssCOMRAM    000035
__HRAM                                  (abs)        000000
__Habs1                                 abs1         000000
__Hbank0                                bank0        000000
__Hbank1                                bank1        000000
__Hbank2                                bank2        000000
__Hbank3                                bank3        000000
__Hbank4                                bank4        000000
__Hbank5                                bank5        000000
__Hbigbss                               bigbss       000000
__Hbigdata                              bigdata      000000
__Hbigram                               bigram       000000
__Hbss                                  bss          000000
__HbssBANK0                             bssBANK0     000000
__HbssBANK1                             bssBANK1     000000
__HbssBANK2                             bssBANK2     000000
__HbssBANK3                             bssBANK3     000000
__HbssBIGRAM                            bssBIGRAM    000000
__HbssCOMRAM                            bssCOMRAM    000000
__Hcinit                                cinit        000000
__Hclrtext                              clrtext      000000
__Hcomram                               comram       000000
__Hconfig                               config       30000E
__Hconst                                const        000000
__HcstackBANK0                          cstackBANK0  000000
__HcstackBANK2                          cstackBANK2  000000
__HcstackCOMRAM                         cstackCOMRAM 000000
__Hdata                                 data         000000
__Heeprom_data                          eeprom_data  000000
__Hend_init                             end_init     0001AC
__Hfarbss                               farbss       000000
__Hfardata                              fardata      000000
__Hibigdata                             ibigdata     000000
__Hidata                                idata        000000
__Hidloc                                idloc        200008
__Hifardata                             ifardata     000000
__Hinit                                 init         0001A8
__Hintcode                              intcode      000006
__Hintcode_body                         intcode_body 000000
__Hintcodelo                            intcodelo    0001A8
__Hintentry                             intentry     000000
__Hintret                               intret       000000
__Hintsave_regs                         intsave_regs 000000
__Hirdata                               irdata       000000
__Hmediumconst                          mediumconst  007D00
__HnvBANK0                              nvBANK0      000000
__HnvFARRAM                             nvFARRAM     000000
__Hnvbit                                nvbit        000000
__Hnvrram                               nvrram       000000
__Hpa_nodes                             pa_nodes     000000
__Hparam                                rparam       000000
__Hpowerup                              powerup      0001A8
__Hram                                  ram          000000
__Hramtop                               ramtop       000600
__Hrbit                                 rbit         000000
__Hrbss                                 rbss         000000
__Hrdata                                rdata        000000
__Hreset_vec                            reset_vec    000006
__Hrparam                               rparam       000000
__Hsfr                                  sfr          000000
__Hsmallconst                           smallconst   000000
__Hstruct                               struct       000000
__Htemp                                 temp         000000
__Htext                                 text         000000
__Htext0                                text0        000000
__Htext1                                text1        000000
__Htext10                               text10       000000
__Htext11                               text11       000000
__Htext12                               text12       000000
__Htext13                               text13       000000
__Htext14                               text14       000000
__Htext15                               text15       000000
__Htext16                               text16       000000
__Htext17                               text17       000000
__Htext18                               text18       000000
__Htext19                               text19       000000
__Htext2                                text2        000000
__Htext20                               text20       000000
__Htext21                               text21       000000
__Htext22                               text22       000000
__Htext23                               text23       000000
__Htext24                               text24       000000
__Htext25                               text25       000000
__Htext26                               text26       000000
__Htext27                               text27       000000
__Htext28                               text28       000000
__Htext29                               text29       000000
__Htext3                                text3        000000
__Htext30                               text30       000000
__Htext31                               text31       000000
__Htext32                               text32       000000
__Htext33                               text33       000000
__Htext34                               text34       000000
__Htext35                               text35       000000
__Htext36                               text36       000000
__Htext37                               text37       000000
__Htext38                               text38       000000
__Htext39                               text39       000000
__Htext4                                text4        000000
__Htext40                               text40       000000
__Htext41                               text41       000000
__Htext42                               text42       000000
__Htext43                               text43       000000
__Htext44                               text44       000000
__Htext45                               text45       000000
__Htext46                               text46       000000
__Htext47                               text47       000000
__Htext48                               text48       000000
__Htext49                               text49       000000
__Htext5                                text5        000000
__Htext50                               text50       000000
__Htext51                               text51       000000
__Htext52                               text52       000000
__Htext53                               text53       000000
__Htext54                               text54       000000
__Htext55                               text55       000000
__Htext56                               text56       000000
__Htext57                               text57       000000
__Htext58                               text58       000000
__Htext59                               text59       000000
__Htext6                                text6        000000
__Htext60                               text60       000000
__Htext61                               text61       000000
__Htext62                               text62       000000
__Htext63                               text63       000000
__Htext64                               text64       000000
__Htext65                               text65       000000
__Htext66                               text66       000000
__Htext67                               text67       000000
__Htext68                               text68       000000
__Htext69                               text69       000000
__Htext7                                text7        000000
__Htext70                               text70       000000
__Htext71                               text71       000000
__Htext72                               text72       000000
__Htext73                               text73       000000
__Htext74                               text74       000000
__Htext75                               text75       000000
__Htext76                               text76       000000
__Htext77                               text77       000000
__Htext78                               text78       000000
__Htext79                               text79       000000
__Htext8                                text8        000000
__Htext80                               text80       000000
__Htext82                               text82       000000
__Htext83                               text83       000000
__Htext84                               text84       000000
__Htext9                                text9        000000
__IT_INT_MASK                           bssCOMRAM    000036
__IT_SAVE_BSR                           bssCOMRAM    000037
__IT_SAVE_STATUS                        bssCOMRAM    000038
__IT_SAVE_WREG                          bssCOMRAM    000039
__LRAM                                  (abs)        000001
__Labs1                                 abs1         000000
__Lbank0                                bank0        000000
__Lbank1                                bank1        000000
__Lbank2                                bank2        000000
__Lbank3                                bank3        000000
__Lbank4                                bank4        000000
__Lbank5                                bank5        000000
__Lbigbss                               bigbss       000000
__Lbigdata                              bigdata      000000
__Lbigram                               bigram       000000
__Lbss                                  bss          000000
__LbssBANK0                             bssBANK0     000000
__LbssBANK1                             bssBANK1     000000
__LbssBANK2                             bssBANK2     000000
__LbssBANK3                             bssBANK3     000000
__LbssBIGRAM                            bssBIGRAM    000000
__LbssCOMRAM                            bssCOMRAM    000000
__Lcinit                                cinit        000000
__Lclrtext                              clrtext      000000
__Lcomram                               comram       000000
__Lconfig                               config       300000
__Lconst                                const        000000
__LcstackBANK0                          cstackBANK0  000000
__LcstackBANK2                          cstackBANK2  000000
__LcstackCOMRAM                         cstackCOMRAM 000000
__Ldata                                 data         000000
__Leeprom_data                          eeprom_data  000000
__Lend_init                             end_init     0001A8
__Lfarbss                               farbss       000000
__Lfardata                              fardata      000000
__Libigdata                             ibigdata     000000
__Lidata                                idata        000000
__Lidloc                                idloc        200000
__Lifardata                             ifardata     000000
__Linit                                 init         0001A8
__Lintcode                              intcode      000006
__Lintcode_body                         intcode_body 000000
__Lintcodelo                            intcodelo    000018
__Lintentry                             intentry     000000
__Lintret                               intret       000000
__Lintsave_regs                         intsave_regs 000000
__Lirdata                               irdata       000000
__Lmediumconst                          mediumconst  006CD8
__LnvBANK0                              nvBANK0      000000
__LnvFARRAM                             nvFARRAM     000000
__Lnvbit                                nvbit        000000
__Lnvrram                               nvrram       000000
__Lpa_nodes                             pa_nodes     000000
__Lparam                                rparam       000000
__Lpowerup                              powerup      0001A8
__Lram                                  ram          000000
__Lramtop                               ramtop       000600
__Lrbit                                 rbit         000000
__Lrbss                                 rbss         000000
__Lrdata                                rdata        000000
__Lreset_vec                            reset_vec    000000
__Lrparam                               rparam       000000
__Lsfr                                  sfr          000000
__Lsmallconst                           smallconst   000000
__Lstruct                               struct       000000
__Ltemp                                 temp         000000
__Ltext                                 text         000000
__Ltext0                                text0        000000
__Ltext1                                text1        000000
__Ltext10                               text10       000000
__Ltext11                               text11       000000
__Ltext12                               text12       000000
__Ltext13                               text13       000000
__Ltext14                               text14       000000
__Ltext15                               text15       000000
__Ltext16                               text16       000000
__Ltext17                               text17       000000
__Ltext18                               text18       000000
__Ltext19                               text19       000000
__Ltext2                                text2        000000
__Ltext20                               text20       000000
__Ltext21                               text21       000000
__Ltext22                               text22       000000
__Ltext23                               text23       000000
__Ltext24                               text24       000000
__Ltext25                               text25       000000
__Ltext26                               text26       000000
__Ltext27                               text27       000000
__Ltext28                               text28       000000
__Ltext29                               text29       000000
__Ltext3                                text3        000000
__Ltext30                               text30       000000
__Ltext31                               text31       000000
__Ltext32                               text32       000000
__Ltext33                               text33       000000
__Ltext34                               text34       000000
__Ltext35                               text35       000000
__Ltext36                               text36       000000
__Ltext37                               text37       000000
__Ltext38                               text38       000000
__Ltext39                               text39       000000
__Ltext4                                text4        000000
__Ltext40                               text40       000000
__Ltext41                               text41       000000
__Ltext42                               text42       000000
__Ltext43                               text43       000000
__Ltext44                               text44       000000
__Ltext45                               text45       000000
__Ltext46                               text46       000000
__Ltext47                               text47       000000
__Ltext48                               text48       000000
__Ltext49                               text49       000000
__Ltext5                                text5        000000
__Ltext50                               text50       000000
__Ltext51                               text51       000000
__Ltext52                               text52       000000
__Ltext53                               text53       000000
__Ltext54                               text54       000000
__Ltext55                               text55       000000
__Ltext56                               text56       000000
__Ltext57                               text57       000000
__Ltext58                               text58       000000
__Ltext59                               text59       000000
__Ltext6                                text6        000000
__Ltext60                               text60       000000
__Ltext61                               text61       000000
__Ltext62                               text62       000000
__Ltext63                               text63       000000
__Ltext64                               text64       000000
__Ltext65                               text65       000000
__Ltext66                               text66       000000
__Ltext67                               text67       000000
__Ltext68                               text68       000000
__Ltext69                               text69       000000
__Ltext7                                text7        000000
__Ltext70                               text70       000000
__Ltext71                               text71       000000
__Ltext72                               text72       000000
__Ltext73                               text73       000000
__Ltext74                               text74       000000
__Ltext75                               text75       000000
__Ltext76                               text76       000000
__Ltext77                               text77       000000
__Ltext78                               text78       000000
__Ltext79                               text79       000000
__Ltext8                                text8        000000
__Ltext80                               text80       000000
__Ltext82                               text82       000000
__Ltext83                               text83       000000
__Ltext84                               text84       000000
__Ltext9                                text9        000000
__RegsToCANID                           text53       0039C0
__RegsToCANID@Value                     cstackCOMRAM 00001F
__RegsToCANID@ptr                       cstackCOMRAM 000019
__RegsToCANID@type                      cstackCOMRAM 00001C
__RegsToCANID@val                       cstackCOMRAM 00001B
__S0                                    (abs)        30000E
__S1                                    (abs)        0005EE
___DCByte                               bssCOMRAM    00003A
___DCDelay                              nvBANK0      0000E0
___IT                                   (abs)        000101
___lldiv                                text58       002632
___lldiv@counter                        cstackCOMRAM 000025
___lldiv@dividend                       cstackCOMRAM 000019
___lldiv@divisor                        cstackCOMRAM 00001D
___lldiv@quotient                       cstackCOMRAM 000021
___llmod                                text57       0023BE
___llmod@counter                        cstackCOMRAM 00002E
___llmod@dividend                       cstackCOMRAM 000026
___llmod@divisor                        cstackCOMRAM 00002A
___lwdiv                                text65       0021C4
___lwdiv@counter                        cstackCOMRAM 00001D
___lwdiv@dividend                       cstackCOMRAM 000019
___lwdiv@divisor                        cstackCOMRAM 00001B
___lwdiv@quotient                       cstackCOMRAM 00001E
___lwmod                                text64       001F78
___lwmod@counter                        cstackCOMRAM 00001D
___lwmod@dividend                       cstackCOMRAM 000019
___lwmod@divisor                        cstackCOMRAM 00001B
___wmul                                 text56       001E28
___wmul@multiplicand                    cstackCOMRAM 00001B
___wmul@multiplier                      cstackCOMRAM 000019
___wmul@product                         cstackCOMRAM 00001D
__accesstop                             (abs)        000060
__activetblptr                          (abs)        000002
__end_ofPL10                            text19       006C28
__end_ofPL12                            text55       00595C
__end_ofPL14                            text83       003C04
__end_ofPL16                            text19       006C42
__end_ofPL18                            text55       00596C
__end_ofPL2                             text19       006BB4
__end_ofPL20                            text55       005992
__end_ofPL22                            text39       0037A6
__end_ofPL24                            text13       00322C
__end_ofPL26                            text60       002FBE
__end_ofPL28                            text8        0036A8
__end_ofPL30                            text19       006C56
__end_ofPL32                            text34       003980
__end_ofPL34                            text19       006C68
__end_ofPL36                            text19       006C76
__end_ofPL38                            text53       003A92
__end_ofPL4                             text9        002EF0
__end_ofPL40                            text19       006C90
__end_ofPL42                            text19       006CAA
__end_ofPL44                            text55       0059AC
__end_ofPL46                            text13       003236
__end_ofPL48                            text34       003990
__end_ofPL50                            text55       0059C2
__end_ofPL52                            text19       006CC2
__end_ofPL54                            text34       0039A2
__end_ofPL56                            text7        00449A
__end_ofPL58                            text19       006CD8
__end_ofPL6                             text19       006BC2
__end_ofPL60                            text61       0029B6
__end_ofPL62                            text55       0059D0
__end_ofPL64                            text53       003AA6
__end_ofPL66                            text55       0059E4
__end_ofPL68                            text53       003AB8
__end_ofPL70                            text53       003ACC
__end_ofPL72                            text6        0035BA
__end_ofPL74                            text34       0039B6
__end_ofPL76                            text27       0038AC
__end_ofPL78                            text53       003ADE
__end_ofPL8                             text19       006C0C
__end_ofPL80                            text55       0059F6
__end_ofPL82                            text2        0052BE
__end_ofPL84                            text55       005A00
__end_ofPL86                            text56       001E5A
__end_ofPL88                            text5        00462C
__end_ofPL90                            text52       004A14
__end_ofPL92                            text80       002072
__end_ofPL94                            text15       003D4C
__end_ofPL96                            text34       0039C0
__end_ofPL98                            text55       005A0A
__end_of_ECANInitialize                 text70       002818
__end_of_ECANReceiveMessage             text52       004A06
__end_of_ECANSendMessage                text33       00400A
__end_of_ECANSetOperationMode           text71       001D1E
__end_of_Interrupt                      intcodelo    0001A8
__end_of_OpenTimer0                     text72       001D5A
__end_of_OpenUSART                      text73       002362
__end_of_ReadUSART                      text84       001D3C
__end_of_WriteTimer0                    text74       001CDC
__end_of_WriteUSART                     text68       001CF0
__end_of__CANIDToRegs                   text34       00396C
__end_of__ECANPointBuffer               text54       00271E
__end_of__RegsToCANID                   text53       003A84
__end_of___lldiv                        text58       0026A8
__end_of___llmod                        text57       002420
__end_of___lwdiv                        text65       00220E
__end_of___lwmod                        text64       001FB6
__end_of___wmul                         text56       001E4A
__end_of__initialization                cinit        0024DA
__end_of__stringdata                    mediumconst  007CFF
__end_of_atoi                           text39       003798
__end_of_calcCRC                        text14       001F02
__end_of_crc8                           text17       001ECA
__end_of_doModeSLCAN                    text2        0052B2
__end_of_doModeVerbose                  text19       006BA6
__end_of_doModeVscp                     text7        004484
__end_of_doModeVscpNode                 text1        001C9E
__end_of_dpowers                        mediumconst  006D30
__end_of_fifo_init                      text80       002064
__end_of_fifo_read                      text60       002F9C
__end_of_fifo_write                     text83       003BD6
__end_of_findNodes                      text25       0034D4
__end_of_getCANFrame                    text51       001E28
__end_of_getVSCPFrame                   text50       00289C
__end_of_hexStringToBytes               text3        002B76
__end_of_hexpowers                      mediumconst  006D50
__end_of_init                           text69       0020F6
__end_of_init_app_eeprom                text76       002926
__end_of_init_app_ram                   text78       00225C
__end_of_init_crc8                      text18       002552
__end_of_isdigit                        text59       001D78
__end_of_itoa                           text62       001E92
__end_of_main                           text0        003E98
__end_of_memcpy                         text11       0020B2
__end_of_memset                         text35       001DCA
__end_of_nibbleFromChar                 text4        002032
__end_of_octpowers                      mediumconst  006D08
__end_of_printBinary                    text22       0021C4
__end_of_printErrors                    text37       004F24
__end_of_printFirmwareVersion           text61       0029A8
__end_of_printGUID                      text27       003898
__end_of_printHelp                      text36       00418A
__end_of_printMDF                       text26       002ADC
__end_of_printMode                      text66       002632
__end_of_printNodeFirmwareVersion       text28       00308E
__end_of_printStatistics                text38       004312
__end_of_putsUSART                      text67       0022B0
__end_of_readEEPROM                     text79       001CCA
__end_of_readRegister                   text30       002CBE
__end_of_readRegisterExtended           text23       00315E
__end_of_receivePrintEventCANAL         text15       003D3E
__end_of_receivePrintEventSLCAN         text5        00461E
__end_of_receivePrintEventVerbose       text49       004C8A
__end_of_receiveVSCPModeCanalMsg        text10       0033EE
__end_of_sendCANFrame                   text32       001F3C
__end_of_sendEscapedUartData            text16       0025C0
__end_of_sendVSCPDriverAck              text12       002D74
__end_of_sendVSCPDriverCommandReply     text8        003698
__end_of_sendVSCPDriverErrorFrame       text13       00321C
__end_of_sendVSCPDriverNack             text9        002EE0
__end_of_sendVSCPFrame                  text31       002E30
__end_of_setFilter                      text20       004808
__end_of_sprintf                        text55       00593E
__end_of_strcat                         text29       002306
__end_of_strchr                         text43       0023BE
__end_of_strcpy                         text24       001DF8
__end_of_strcspn                        text41       00217E
__end_of_strichr                        text45       001FF4
__end_of_stristr                        text44       002796
__end_of_strlen                         text48       001F78
__end_of_strnicmp                       text46       002482
__end_of_strspn                         text42       00213A
__end_of_strtok                         text40       002A48
__end_of_toupper                        text47       001D06
__end_of_ultoa                          text6        0035A6
__end_of_utoa                           text63       002C16
__end_of_vscp_restoreDefaults           text75       001CA6
__end_of_writeEEPROM                    text77       001D9E
__end_of_writeRegisterExtended          text21       003310
__end_ofi1_WriteTimer0                  text82       001CB8
__initialization                        cinit        002482
__mediumconst                           mediumconst  006CD8
__pbssBANK0                             bssBANK0     0000CD
__pbssBANK1                             bssBANK1     000100
__pbssBANK2                             bssBANK2     000200
__pbssBANK3                             bssBANK3     000300
__pbssBIGRAM                            bssBIGRAM    000400
__pbssCOMRAM                            bssCOMRAM    000030
__pcinit                                cinit        002482
__pcstackBANK0                          cstackBANK0  000060
__pcstackBANK2                          cstackBANK2  000280
__pcstackCOMRAM                         cstackCOMRAM 000001
__pintcodelo                            intcodelo    000018
__pmediumconst                          mediumconst  006CD8
[...]
 Tracked objects:
		On entry : 
		On exit  : 
		Unchanged: 
 Data sizes:     COMRAM   BANK0   BANK1   BANK2   BANK3   BANK4   BANK5
      Params:         3       0       0       0       0       0       0
      Locals:         0       0       0       0       0       0       0
      Temps:          0       0       0       0       0       0       0
      Totals:         3       0       0       0       0       0       0
Total ram usage:        3 bytes
 Hardware stack levels used:    1
 Hardware stack levels required when called:    2
 This function calls:
		Nothing
 This function is called by:
		_init_app_eeprom
		_doModeVerbose
		_doModeSLCAN
 This function uses a non-reentrant model


 *************** function _init_app_ram *****************
 Defined at:
		line 368 in file "main.c"
 Parameters:    Size  Location     Type
		None
 Auto vars:     Size  Location     Type
		None
 Return value:  Size  Location     Type
		None               void
 Registers used:
		wreg, status,2, cstack
 Tracked objects:
		On entry : 
		On exit  : 
		Unchanged: 
 Data sizes:     COMRAM   BANK0   BANK1   BANK2   BANK3   BANK4   BANK5
      Params:         0       0       0       0       0       0       0
      Locals:         0       0       0       0       0       0       0
      Temps:          0       0       0       0       0       0       0
      Totals:         0       0       0       0       0       0       0
Total ram usage:        0 bytes
 Hardware stack levels used:    1
 Hardware stack levels required when called:    3
 This function calls:
		_readEEPROM
 This function is called by:
		_init
		_vscp_restoreDefaults
 This function uses a non-reentrant model


 *************** function _readEEPROM *****************
 Defined at:
		line 87 in file "eeprom.c"
 Parameters:    Size  Location     Type
  address         2   24[COMRAM] unsigned short 
 Auto vars:     Size  Location     Type
  data            1   26[COMRAM] unsigned char 
 Return value:  Size  Location     Type
                  1    wreg      unsigned char 
 Registers used:
		wreg, status,2
 Tracked objects:
		On entry : 
		On exit  : 
		Unchanged: 
 Data sizes:     COMRAM   BANK0   BANK1   BANK2   BANK3   BANK4   BANK5
      Params:         2       0       0       0       0       0       0
      Locals:         1       0       0       0       0       0       0
      Temps:          0       0       0       0       0       0       0
      Totals:         3       0       0       0       0       0       0
Total ram usage:        3 bytes
 Hardware stack levels used:    1
 Hardware stack levels required when called:    2
 This function calls:
		Nothing
 This function is called by:
		_main
		_init_app_ram
 This function uses a non-reentrant model


 *************** function _fifo_init *****************
 Defined at:
		line 14 in file "fifo.c"
 Parameters:    Size  Location     Type
  f               2   24[COMRAM] PTR struct .
		 -> canInputFifo(8), serialInputFifo(8), 
  buf             2   26[COMRAM] PTR unsigned char 
		 -> caninputBuffer(494), inputBuffer(128), 
  size            2   28[COMRAM] unsigned short 
 Auto vars:     Size  Location     Type
		None
 Return value:  Size  Location     Type
		None               void
 Registers used:
		wreg, fsr2l, fsr2h, status,2, status,0
 Tracked objects:
		On entry : 
		On exit  : 
		Unchanged: 
 Data sizes:     COMRAM   BANK0   BANK1   BANK2   BANK3   BANK4   BANK5
      Params:         6       0       0       0       0       0       0
      Locals:         0       0       0       0       0       0       0
      Temps:          0       0       0       0       0       0       0
      Totals:         6       0       0       0       0       0       0
Total ram usage:        6 bytes
 Hardware stack levels used:    1
 Hardware stack levels required when called:    2
 This function calls:
		Nothing
 This function is called by:
		_main
 This function uses a non-reentrant model


 *************** function _Interrupt *****************
 Defined at:
		line 232 in file "main.c"
 Parameters:    Size  Location     Type
		None
 Auto vars:     Size  Location     Type
  c               1   23[COMRAM] unsigned char 
 Return value:  Size  Location     Type
		None               void
 Registers used:
		wreg, fsr1l, fsr1h, fsr2l, fsr2h, status,2, status,0, cstack
 Tracked objects:
		On entry : 
		On exit  : 
		Unchanged: 
 Data sizes:     COMRAM   BANK0   BANK1   BANK2   BANK3   BANK4   BANK5
      Params:         0       0       0       0       0       0       0
      Locals:         1       0       0       0       0       0       0
      Temps:          7       0       0       0       0       0       0
      Totals:         8       0       0       0       0       0       0
Total ram usage:        8 bytes
 Hardware stack levels used:    1
 Hardware stack levels required when called:    1
 This function calls:
		_ReadUSART
		_fifo_write
		i1_WriteTimer0
 This function is called by:
		Interrupt level 1
 This function uses a non-reentrant model


 *************** function i1_WriteTimer0 *****************
 Defined at:
		line 17 in file "C:\Program Files (x86)\Microchip\xc8\v1.21\sources\pic18\plib\Timers\t0write.c"
 Parameters:    Size  Location     Type
  timer0          2    0[COMRAM] unsigned int 
 Auto vars:     Size  Location     Type
  WriteTimer0     2    2[COMRAM] struct Timers
 Return value:  Size  Location     Type
		None               void
 Registers used:
		None
 Tracked objects:
		On entry : 
		On exit  : 
		Unchanged: 
 Data sizes:     COMRAM   BANK0   BANK1   BANK2   BANK3   BANK4   BANK5
      Params:         2       0       0       0       0       0       0
      Locals:         2       0       0       0       0       0       0
      Temps:          0       0       0       0       0       0       0
      Totals:         4       0       0       0       0       0       0
Total ram usage:        4 bytes
 Hardware stack levels used:    1
 This function calls:
		Nothing
 This function is called by:
		_Interrupt
 This function uses a non-reentrant model


 *************** function _fifo_write *****************
 Defined at:
		line 61 in file "fifo.c"
 Parameters:    Size  Location     Type
  f               2    0[COMRAM] PTR struct .
		 -> serialInputFifo(8), 
  buf             1    2[COMRAM] PTR const void 
		 -> Interrupt@c(1), 
  nbytes          4    3[COMRAM] unsigned long 
 Auto vars:     Size  Location     Type
  i               4   12[COMRAM] unsigned long 
  p               1   11[COMRAM] PTR const unsigned char 
		 -> Interrupt@c(1), 
 Return value:  Size  Location     Type
                  2    0[COMRAM] unsigned short 
 Registers used:
		wreg, fsr1l, fsr1h, fsr2l, fsr2h, status,2, status,0
 Tracked objects:
		On entry : 
		On exit  : 
		Unchanged: 
 Data sizes:     COMRAM   BANK0   BANK1   BANK2   BANK3   BANK4   BANK5
      Params:         7       0       0       0       0       0       0
      Locals:         5       0       0       0       0       0       0
      Temps:          4       0       0       0       0       0       0
      Totals:        16       0       0       0       0       0       0
Total ram usage:       16 bytes
 Hardware stack levels used:    1
 This function calls:
		Nothing
 This function is called by:
		_Interrupt
 This function uses a non-reentrant model


 *************** function _ReadUSART *****************
 Defined at:
		line 16 in file "C:\Program Files (x86)\Microchip\xc8\v1.21\sources\pic18\plib\USART\uread.c"
 Parameters:    Size  Location     Type
		None
 Auto vars:     Size  Location     Type
  data            1    0[COMRAM] unsigned char 
 Return value:  Size  Location     Type
                  1    wreg      unsigned char 
 Registers used:
		wreg, status,2, status,0
 Tracked objects:
		On entry : 
		On exit  : 
		Unchanged: 
 Data sizes:     COMRAM   BANK0   BANK1   BANK2   BANK3   BANK4   BANK5
      Params:         0       0       0       0       0       0       0
      Locals:         1       0       0       0       0       0       0
      Temps:          0       0       0       0       0       0       0
      Totals:         1       0       0       0       0       0       0
Total ram usage:        1 bytes
 Hardware stack levels used:    1
 This function calls:
		Nothing
 This function is called by:
		_Interrupt
 This function uses a non-reentrant model



MODULE INFORMATION

Module		Function		Class		Link	Load	Size
C:\Program Files (x86)\Microchip\xc8\v1.21\sources\common\lwdiv.c
		___lwdiv       		CODE           	21C4	0000	74

C:\Program Files (x86)\Microchip\xc8\v1.21\sources\common\lwdiv.c estimated size: 74

C:\Program Files (x86)\Microchip\xc8\v1.21\sources\pic18\plib\Timers\t0write.c
		_WriteTimer0   		CODE           	1CCA	0000	18

C:\Program Files (x86)\Microchip\xc8\v1.21\sources\pic18\plib\Timers\t0write.c estimated size: 18

C:\Program Files (x86)\Microchip\xc8\v1.21\sources\common\stristr.c
		_stristr       		CODE           	271E	0000	120

C:\Program Files (x86)\Microchip\xc8\v1.21\sources\common\stristr.c estimated size: 120

C:\Program Files (x86)\Microchip\xc8\v1.21\sources\common\strcat.c
		_strcat        		CODE           	22B0	0000	86

C:\Program Files (x86)\Microchip\xc8\v1.21\sources\common\strcat.c estimated size: 86

C:\Program Files (x86)\Microchip\xc8\v1.21\sources\common\wmul.c
		___wmul        		CODE           	1E28	0000	34

C:\Program Files (x86)\Microchip\xc8\v1.21\sources\common\wmul.c estimated size: 34

hexutils.c
		_hexStringToByt		CODE           	2ADC	0000	154
		_nibbleFromChar		CODE           	1FF4	0000	62

hexutils.c estimated size: 216

shared
		PL12           		CODE           	593E	0000	30
		PL50           		CODE           	59AC	0000	22
		PL8            		CODE           	6BC2	0000	74
		PL22           		CODE           	3798	0000	14
		PL60           		CODE           	29A8	0000	14
		PL32           		CODE           	396C	0000	20
		PL70           		CODE           	3AB8	0000	20
		PL42           		CODE           	6C90	0000	26
		PL80           		CODE           	59E4	0000	18
		PL14           		CODE           	3BD6	0000	46
		PL52           		CODE           	6CAA	0000	24
		PL90           		CODE           	4A06	0000	14
		PL24           		CODE           	321C	0000	16
		PL62           		CODE           	59C2	0000	14
		PL34           		CODE           	6C56	0000	18
		PL72           		CODE           	35A6	0000	20
		__stringdata   		MEDIUMCONST    	6D50	0000	4015
		PL44           		CODE           	5992	0000	26
		PL82           		CODE           	52B2	0000	12
		PL16           		CODE           	6C28	0000	26
		PL54           		CODE           	3990	0000	18
		PL92           		CODE           	2064	0000	14
		PL26           		CODE           	2F9C	0000	34
		PL64           		CODE           	3A92	0000	20
		PL36           		CODE           	6C68	0000	14
		PL74           		CODE           	39A2	0000	20
		PL46           		CODE           	322C	0000	10
		PL84           		CODE           	59F6	0000	10
		_dpowers       		MEDIUMCONST    	6D08	0000	40
		PL18           		CODE           	595C	0000	16
		PL56           		CODE           	4484	0000	22
		PL94           		CODE           	3D3E	0000	14
		PL28           		CODE           	3698	0000	16
		PL66           		CODE           	59D0	0000	20
		PL38           		CODE           	3A84	0000	14
		PL76           		CODE           	3898	0000	20
		PL48           		CODE           	3980	0000	16
		PL86           		CODE           	1E4A	0000	16
		PL58           		CODE           	6CC2	0000	22
		PL96           		CODE           	39B6	0000	10
		PL68           		CODE           	3AA6	0000	18
		PL78           		CODE           	3ACC	0000	18
		PL88           		CODE           	461E	0000	14
		PL98           		CODE           	5A00	0000	10
		__initializatio		CODE           	2482	0000	88
		_octpowers     		MEDIUMCONST    	6CD8	0000	48
		_hexpowers     		MEDIUMCONST    	6D30	0000	32
		i1_WriteTimer0 		CODE           	1CA6	0000	18
		PL2            		CODE           	6BA6	0000	14
		PL10           		CODE           	6C0C	0000	28
		PL4            		CODE           	2EE0	0000	16
		PL20           		CODE           	596C	0000	38
		PL30           		CODE           	6C42	0000	20
		PL6            		CODE           	6BB4	0000	14
		PL40           		CODE           	6C76	0000	26

shared estimated size: 5237

C:\Program Files (x86)\Microchip\xc8\v1.21\sources\common\doprnt.c
		_sprintf       		CODE           	52BE	0000	1664

C:\Program Files (x86)\Microchip\xc8\v1.21\sources\common\doprnt.c estimated size: 1664

C:\Program Files (x86)\Microchip\xc8\v1.21\sources\common\strcspn.c
		_strcspn       		CODE           	213A	0000	68

C:\Program Files (x86)\Microchip\xc8\v1.21\sources\common\strcspn.c estimated size: 68

C:\Program Files (x86)\Microchip\xc8\v1.21\sources\common\strnicmp.c
		_strnicmp      		CODE           	2420	0000	98

C:\Program Files (x86)\Microchip\xc8\v1.21\sources\common\strnicmp.c estimated size: 98

C:\Program Files (x86)\Microchip\xc8\v1.21\sources\common\llmod.c
		___llmod       		CODE           	23BE	0000	98

C:\Program Files (x86)\Microchip\xc8\v1.21\sources\common\llmod.c estimated size: 98

C:\Program Files (x86)\Microchip\xc8\v1.21\sources\common\isdigit.c
		_isdigit       		CODE           	1D5A	0000	30

C:\Program Files (x86)\Microchip\xc8\v1.21\sources\common\isdigit.c estimated size: 30

C:\Program Files (x86)\Microchip\xc8\v1.21\sources\common\strcpy.c
		_strcpy        		CODE           	1DCA	0000	46

C:\Program Files (x86)\Microchip\xc8\v1.21\sources\common\strcpy.c estimated size: 46

eeprom.c
		_readEEPROM    		CODE           	1CB8	0000	18
		_writeEEPROM   		CODE           	1D78	0000	38

eeprom.c estimated size: 56

C:\Program Files (x86)\Microchip\xc8\v1.21\sources\common\lldiv.c
		___lldiv       		CODE           	2632	0000	118

C:\Program Files (x86)\Microchip\xc8\v1.21\sources\common\lldiv.c estimated size: 118

C:\Program Files (x86)\Microchip\xc8\v1.21\sources\common\itoa.c
		_itoa          		CODE           	1E5A	0000	56
		_utoa          		CODE           	2B76	0000	160

C:\Program Files (x86)\Microchip\xc8\v1.21\sources\common\itoa.c estimated size: 216

C:\Program Files (x86)\Microchip\xc8\v1.21\sources\pic18\plib\USART\uread.c
		_ReadUSART     		CODE           	1D1E	0000	30

C:\Program Files (x86)\Microchip\xc8\v1.21\sources\pic18\plib\USART\uread.c estimated size: 30

C:\Program Files (x86)\Microchip\xc8\v1.21\sources\pic18\plib\Timers\t0open.c
		_OpenTimer0    		CODE           	1D3C	0000	30

C:\Program Files (x86)\Microchip\xc8\v1.21\sources\pic18\plib\Timers\t0open.c estimated size: 30

main.c
		_sendEscapedUar		CODE           	2552	0000	110
		_readRegister  		CODE           	2C16	0000	168
		_init          		CODE           	20B2	0000	68
		_receivePrintEv		CODE           	4A14	0000	630
		_findNodes     		CODE           	33EE	0000	230
		_getVSCPFrame  		CODE           	2818	0000	132
		_writeRegisterE		CODE           	3236	0000	218
		_receivePrintEv		CODE           	3C04	0000	314
		_calcCRC       		CODE           	1ECA	0000	56
		_Interrupt     		CODE           	0018	0000	400
		_vscp_restoreDe		CODE           	1C9E	0000	8
		_getCANFrame   		CODE           	1DF8	0000	48
		_main          		CODE           	3D4C	0000	332
		_readRegisterEx		CODE           	308E	0000	208
		_sendVSCPDriver		CODE           	35BA	0000	222
		_printNodeFirmw		CODE           	2FBE	0000	208
		_sendVSCPFrame 		CODE           	2D74	0000	188
		_sendVSCPDriver		CODE           	2CBE	0000	182
		_init_app_eepro		CODE           	289C	0000	138
		_sendCANFrame  		CODE           	1F02	0000	58
		_doModeSLCAN   		CODE           	4F24	0000	910
		_setFilter     		CODE           	462C	0000	476
		_printMode     		CODE           	25C0	0000	114
		_doModeVscp    		CODE           	4312	0000	370
		_printGUID     		CODE           	37A6	0000	242
		_printStatistic		CODE           	418A	0000	392
		_printBinary   		CODE           	217E	0000	70
		_sendVSCPDriver		CODE           	2E30	0000	176
		_doModeVerbose 		CODE           	5A0A	0000	4508
		_receivePrintEv		CODE           	449A	0000	388
		_doModeVscpNode		CODE           	1C9C	0000	2
		_printFirmwareV		CODE           	2926	0000	130
		_sendVSCPDriver		CODE           	315E	0000	190
		_printErrors   		CODE           	4C8A	0000	666
		_init_app_ram  		CODE           	220E	0000	78
		_printHelp     		CODE           	400A	0000	384
		_printMDF      		CODE           	2A48	0000	148
		_receiveVSCPMod		CODE           	3310	0000	222

main.c estimated size: 13384

C:\Program Files (x86)\Microchip\xc8\v1.21\sources\common\strichr.c
		_strichr       		CODE           	1FB6	0000	62

C:\Program Files (x86)\Microchip\xc8\v1.21\sources\common\strichr.c estimated size: 62

C:\Program Files (x86)\Microchip\xc8\v1.21\sources\common\strlen.c
		_strlen        		CODE           	1F3C	0000	60

C:\Program Files (x86)\Microchip\xc8\v1.21\sources\common\strlen.c estimated size: 60

crc8.c
		_crc8          		CODE           	1E92	0000	56
		_init_crc8     		CODE           	24E4	0000	110

crc8.c estimated size: 166

C:\Program Files (x86)\Microchip\xc8\v1.21\sources\common\memcpy.c
		_memcpy        		CODE           	2072	0000	64

C:\Program Files (x86)\Microchip\xc8\v1.21\sources\common\memcpy.c estimated size: 64

C:\Program Files (x86)\Microchip\xc8\v1.21\sources\common\strtok.c
		_strtok        		CODE           	29B6	0000	146

C:\Program Files (x86)\Microchip\xc8\v1.21\sources\common\strtok.c estimated size: 146

fifo.c
		_fifo_write    		CODE           	3ADE	0000	248
		_fifo_read     		CODE           	2EF0	0000	172
		_fifo_init     		CODE           	2032	0000	50

fifo.c estimated size: 470

C:\Program Files (x86)\Microchip\xc8\v1.21\sources\common\strspn.c
		_strspn        		CODE           	20F6	0000	68

C:\Program Files (x86)\Microchip\xc8\v1.21\sources\common\strspn.c estimated size: 68

ECAN.c
		_ECANReceiveMes		CODE           	4808	0000	510
		__RegsToCANID  		CODE           	39C0	0000	196
		__ECANPointBuff		CODE           	26A8	0000	118
		_ECANInitialize		CODE           	2796	0000	130
		__CANIDToRegs  		CODE           	38AC	0000	192
		_ECANSetOperati		CODE           	1D06	0000	24
		_ECANSendMessag		CODE           	3E98	0000	370

ECAN.c estimated size: 1540

C:\Program Files (x86)\Microchip\xc8\v1.21\sources\pic18\plib\USART\uwrite.c
		_WriteUSART    		CODE           	1CDC	0000	20

C:\Program Files (x86)\Microchip\xc8\v1.21\sources\pic18\plib\USART\uwrite.c estimated size: 20

C:\Program Files (x86)\Microchip\xc8\v1.21\sources\pic18\plib\USART\uputs.c
		_putsUSART     		CODE           	225C	0000	84

C:\Program Files (x86)\Microchip\xc8\v1.21\sources\pic18\plib\USART\uputs.c estimated size: 84

C:\Program Files (x86)\Microchip\xc8\v1.21\sources\pic18\plib\USART\uopen.c
		_OpenUSART     		CODE           	2306	0000	92

C:\Program Files (x86)\Microchip\xc8\v1.21\sources\pic18\plib\USART\uopen.c estimated size: 92

C:\Program Files (x86)\Microchip\xc8\v1.21\sources\common\lwmod.c
		___lwmod       		CODE           	1F78	0000	62

C:\Program Files (x86)\Microchip\xc8\v1.21\sources\common\lwmod.c estimated size: 62

C:\Program Files (x86)\Microchip\xc8\v1.21\sources\common\atoi.c
		_atoi          		CODE           	36A8	0000	240

C:\Program Files (x86)\Microchip\xc8\v1.21\sources\common\atoi.c estimated size: 240

C:\Program Files (x86)\Microchip\xc8\v1.21\sources\common\strchr.c
		_strchr        		CODE           	2362	0000	92

C:\Program Files (x86)\Microchip\xc8\v1.21\sources\common\strchr.c estimated size: 92

C:\Program Files (x86)\Microchip\xc8\v1.21\sources\common\toupper.c
		_toupper       		CODE           	1CF0	0000	22

C:\Program Files (x86)\Microchip\xc8\v1.21\sources\common\toupper.c estimated size: 22

C:\Program Files (x86)\Microchip\xc8\v1.21\sources\common\ltoa.c
		_ultoa         		CODE           	34D4	0000	210

C:\Program Files (x86)\Microchip\xc8\v1.21\sources\common\ltoa.c estimated size: 210

C:\Program Files (x86)\Microchip\xc8\v1.21\sources\common\memset.c
		_memset        		CODE           	1D9E	0000	44

C:\Program Files (x86)\Microchip\xc8\v1.21\sources\common\memset.c estimated size: 44

