Microchip MPLAB XC8 Compiler V1.21 ()

Linker command line:

-W9 --edf=C:\Program Files (x86)\Microchip\xc8\v1.21\dat\en_msgs.txt \
  --UDF=html\Frankfurt_RS-232.X.debug.link.html -cs \
  -h+dist/debug/debug\Frankfurt_RS-232.X.debug.sym \
  --cmf=dist/debug/debug\Frankfurt_RS-232.X.debug.cmf -z -Q18F2580 \
  -oC:\Users\GRODAN~1\AppData\Local\Temp\s7rk.6 \
  -Mdist/debug/debug/Frankfurt_RS-232.X.debug.map -E1 -ver=XC8 \
  -ACODE=072h-07CFFh -ACONST=072h-07CFFh -ASMALLCONST=0600h-06FFhx119 \
  -AMEDIUMCONST=0600h-07CFFh -ACOMRAM=01h-05Fh -AABS1=00h-05EEh \
  -ABIGRAM=01h-05EEh -ARAM=060h-0FFh,0100h-01FFhx4,0500h-05EEh \
  -ABANK0=060h-0FFh -ABANK1=0100h-01FFh -ABANK2=0200h-02FFh \
  -ABANK3=0300h-03FFh -ABANK4=0400h-04FFh -ABANK5=0500h-05EEh \
  -ASFR=0D00h-0DFFhx2,0F00h-0F5Fh,0F60h-0F9Bh,0F9Dh-0FD3h,0FD5h-0FDAh,0FE0h-0FE2h,0FE8h-0FEAh,0FF0h-0FFBh \
  -preset_vec=00h,intcode,intcodelo=018h,powerup,init,end_init \
  -pramtop=0600h -psmallconst=SMALLCONST -pmediumconst=MEDIUMCONST \
  -pconst=CONST -AFARRAM=00h-00h -ACONFIG=0300000h-030000Dh -pconfig=CONFIG \
  -AIDLOC=0200000h-0200007h -pidloc=IDLOC -AEEDATA=0F00000h-0F000FFh \
  -peeprom_data=EEDATA \
  -prdata=COMRAM,nvrram=COMRAM,nvbit=COMRAM,rbss=COMRAM,rbit=COMRAM \
  -pfarbss=FARRAM,fardata=FARRAM,nvFARRAM=FARRAM \
  -pintsave_regs=BIGRAM,bigbss=BIGRAM,bigdata=BIGRAM -pbss=RAM \
  -pidata=CODE,irdata=CODE,ibigdata=CODE,ifardata=CODE \
  C:\Users\GRODAN~1\AppData\Local\Temp\s7rk.obj \
  dist/debug/debug\Frankfurt_RS-232.X.debug.obj \
  C:\Program Files (x86)\Microchip\xc8\v1.21\lib\pic18-trace-obj.lib 

Object code version is 3.11

Machine type is 18F2580

Call graph: (short form)




                Name                               Link     Load   Length Selector   Space Scale
C:\Users\GRODAN~1\AppData\Local\Temp\s7rk.obj
                end_init                            34E      34E        4        C       0
                reset_vec                             0        0        6        0       0
                idloc                            200000   200000        8   200000       0
                config                           300000   300000        E   300000       0
dist/debug/debug\Frankfurt_RS-232.X.debug.obj
                intcodelo                            18       18      336        C       0
                mediumconst                        6B3C     6B3C     11C4     359E       0
                text93                              E6C      E6C       20      736       0
                text92                             2D40     2D40      12C     16A0       0
                text91                             170E     170E       76      B87       0
                text90                             2C22     2C22      11E     1611       0
                text89                             3DDA     3DDA      214     1EED       0
                text88                             1DBA     1DBA       A8      EDD       0
                text87                              D74      D74       12      6BA       0
                text85                             1146     1146       40      8A3       0
                text84                              D86      D86       12      6C3       0
                text83                              D98      D98       12      6CC       0
                text82                              DFA      DFA       18      6FD       0
                text81                              D66      D66        6      6B3       0
                text80                              F72      F72       34      7B9       0
                text79                             3FEE     3FEE      260     1FF7       0
                text78                             2B10     2B10      112     1588       0
                text77                             3BFE     3BFE      1DC     1DFF       0
                text76                             1444     1444       5C      A22       0
                text75                              E12      E12       1E      709       0
                text74                              E8C      E8C       28      746       0
                text73                              DAA      DAA       12      6D5       0
                text72                             1874     1874       80      C3A       0
                text71                             1392     1392       58      9C9       0
                text70                              DCE      DCE       16      6E7       0
                text69                             12E8     12E8       54      974       0
                text68                             169C     169C       72      B4E       0
                text67                             22CE     22CE       CA     1167       0
                text66                              D6C      D6C        8      6B6       0
                text65                             1254     1254       4A      92A       0
                text64                             108C     108C       3E      846       0
                text63                             1BD2     1BD2       A0      DE9       0
                text62                              FA6      FA6       38      7D3       0
                text61                             197C     197C       8E      CBE       0
                text60                              E30      E30       1E      718       0
                text59                             1784     1784       76      BC2       0
                text58                             155E     155E       62      AAF       0
                text57                              F40      F40       32      7A0       0
                text56                             4BF6     4BF6      74C     25FB       0
                text55                             2398     2398       D2     11CC       0
                text54                             1E62     1E62       A8      F31       0
                text53                             18F4     18F4       88      C7A       0
                text52                              DBC      DBC       12      6DE       0
                text51                             44F4     44F4      336     227A       0
                text50                             1050     1050       3C      828       0
                text49                              DE4      DE4       16      6F2       0
                text48                             15C0     15C0       6C      AE0       0
                text47                             10CA     10CA       3E      865       0
                text46                             17FA     17FA       7A      BFD       0
                text45                             14A0     14A0       5E      A50       0
                text44                             11C8     11C8       46      8E4       0
                text43                             120E     120E       46      907       0
                text42                             1A0A     1A0A       96      D05       0
                text41                             2A06     2A06      10A     1503       0
                text40                             33D6     33D6      190     19EB       0
                text39                             424E     424E      2A6     2127       0
                text38                             3256     3256      180     192B       0
                text37                              EB4      EB4       2E      75A       0
                text36                              E4E      E4E       1E      727       0
                text35                             30E8     30E8      16E     1874       0
                text34                             1016     1016       3A      80B       0
                text33                             1F0A     1F0A       B6      F85       0
                text32                             213E     213E       C8     109F       0
                text31                             13EA     13EA       5A      9F5       0
                text30                             2206     2206       C8     1103       0
                text29                             280A     280A       FC     1405       0
                text28                             1AA0     1AA0       96      D50       0
                text27                             2E6C     2E6C      130     1736       0
                text26                              EE2      EE2       2E      771       0
                text25                             2714     2714       F6     138A       0
                text24                             129E     129E       4A      94F       0
                text23                             2906     2906      100     1483       0
                text22                             5342     5342     17FA     29A1       0
                text21                             162C     162C       70      B16       0
                text20                              FDE      FDE       38      7EF       0
                text19                             14FE     14FE       60      A7F       0
                text18                             3566     3566      190     1AB3       0
                text17                             2F9C     2F9C      14C     17CE       0
                text16                              F10      F10       30      788       0
                text15                             1C72     1C72       A4      E39       0
                text14                             1D16     1D16       A4      E8B       0
                text13                             1186     1186       42      8C3       0
                text12                             262A     262A       EA     1315       0
                text11                              D62      D62        2      6B1       0
                text10                             1FC0     1FC0       BA      FE0       0
                text9                              246A     246A       DA     1235       0
                text8                              207A     207A       C4     103D       0
                text7                              3A38     3A38      1C6     1D1C       0
                text6                              2544     2544       E6     12A2       0
                text5                              36F6     36F6      192     1B7B       0
                text4                              1108     1108       3E      884       0
                text3                              1B36     1B36       9C      D9B       0
                text2                              482A     482A      3CC     2415       0
                text1                               D64      D64        2      6B2       0
                text0                              3888     3888      1B0     1C44       0
                cstackCOMRAM                          1        1       23        1       1
                cstackBANK0                          60       60       7E       60       1
                cstackBANK1                         1F2      1F2        5      100       1
                cstackBANK2                         280      280       48      200       1
                bssBIGRAM                           400      400      1EE      400       1
                bssBANK3                            300      300      100      300       1
                bssBANK2                            200      200       80      200       1
                bssBANK1                            100      100       F2      100       1
                bssCOMRAM                            24       24       1E        1       1
                cinit                              133C     133C       56      99E       0
                nvBANK1                             1F7      1F7        3      100       1

C:\Program Files (x86)\Microchip\xc8\v1.21\lib\pic18-trace-obj.lib

TOTAL           Name                               Link     Load   Length     Space
        CLASS   CODE           
                end_init                            34E      34E        4         0
                intcodelo                            18       18      336         0
                reset_vec                             0        0        6         0
                text93                              E6C      E6C       20         0
                text92                             2D40     2D40      12C         0
                text91                             170E     170E       76         0
                text90                             2C22     2C22      11E         0
                text89                             3DDA     3DDA      214         0
                text88                             1DBA     1DBA       A8         0
                text87                              D74      D74       12         0
                text85                             1146     1146       40         0
                text84                              D86      D86       12         0
                text83                              D98      D98       12         0
                text82                              DFA      DFA       18         0
                text81                              D66      D66        6         0
                text80                              F72      F72       34         0
                text79                             3FEE     3FEE      260         0
                text78                             2B10     2B10      112         0
                text77                             3BFE     3BFE      1DC         0
                text76                             1444     1444       5C         0
                text75                              E12      E12       1E         0
                text74                              E8C      E8C       28         0
                text73                              DAA      DAA       12         0
                text72                             1874     1874       80         0
                text71                             1392     1392       58         0
                text70                              DCE      DCE       16         0
                text69                             12E8     12E8       54         0
                text68                             169C     169C       72         0
                text67                             22CE     22CE       CA         0
                text66                              D6C      D6C        8         0
                text65                             1254     1254       4A         0
                text64                             108C     108C       3E         0
                text63                             1BD2     1BD2       A0         0
                text62                              FA6      FA6       38         0
                text61                             197C     197C       8E         0
                text60                              E30      E30       1E         0
                text59                             1784     1784       76         0
                text58                             155E     155E       62         0
                text57                              F40      F40       32         0
                text56                             4BF6     4BF6      74C         0
                text55                             2398     2398       D2         0
                text54                             1E62     1E62       A8         0
                text53                             18F4     18F4       88         0
                text52                              DBC      DBC       12         0
                text51                             44F4     44F4      336         0
                text50                             1050     1050       3C         0
                text49                              DE4      DE4       16         0
                text48                             15C0     15C0       6C         0
                text47                             10CA     10CA       3E         0
                text46                             17FA     17FA       7A         0
                text45                             14A0     14A0       5E         0
                text44                             11C8     11C8       46         0
                text43                             120E     120E       46         0
                text42                             1A0A     1A0A       96         0
                text41                             2A06     2A06      10A         0
                text40                             33D6     33D6      190         0
                text39                             424E     424E      2A6         0
                text38                             3256     3256      180         0
                text37                              EB4      EB4       2E         0
                text36                              E4E      E4E       1E         0
                text35                             30E8     30E8      16E         0
                text34                             1016     1016       3A         0
                text33                             1F0A     1F0A       B6         0
                text32                             213E     213E       C8         0
                text31                             13EA     13EA       5A         0
                text30                             2206     2206       C8         0
                text29                             280A     280A       FC         0
                text28                             1AA0     1AA0       96         0
                text27                             2E6C     2E6C      130         0
                text26                              EE2      EE2       2E         0
                text25                             2714     2714       F6         0
                text24                             129E     129E       4A         0
                text23                             2906     2906      100         0
                text22                             5342     5342     17FA         0
                text21                             162C     162C       70         0
                text20                              FDE      FDE       38         0
                text19                             14FE     14FE       60         0
                text18                             3566     3566      190         0
                text17                             2F9C     2F9C      14C         0
                text16                              F10      F10       30         0
                text15                             1C72     1C72       A4         0
                text14                             1D16     1D16       A4         0
                text13                             1186     1186       42         0
                text12                             262A     262A       EA         0
                text11                              D62      D62        2         0
                text10                             1FC0     1FC0       BA         0
                text9                              246A     246A       DA         0
                text8                              207A     207A       C4         0
                text7                              3A38     3A38      1C6         0
                text6                              2544     2544       E6         0
                text5                              36F6     36F6      192         0
                text4                              1108     1108       3E         0
                text3                              1B36     1B36       9C         0
                text2                              482A     482A      3CC         0
                text1                               D64      D64        2         0
                text0                              3888     3888      1B0         0
                cinit                              133C     133C       56         0

        CLASS   CONST          

        CLASS   SMALLCONST     

        CLASS   MEDIUMCONST    
                mediumconst                        6B3C     6B3C     11C4         0

        CLASS   COMRAM         
                cstackCOMRAM                          1        1       23         1
                bssCOMRAM                            24       24       1E         1

        CLASS   ABS1           

        CLASS   BIGRAM         
                bssBIGRAM                           400      400      1EE         1

        CLASS   RAM            

        CLASS   BANK0          
                cstackBANK0                          60       60       7E         1

        CLASS   BANK1          
                cstackBANK1                         1F2      1F2        5         1
                bssBANK1                            100      100       F2         1
                nvBANK1                             1F7      1F7        3         1

        CLASS   BANK2          
                cstackBANK2                         280      280       48         1
                bssBANK2                            200      200       80         1

        CLASS   BANK3          
                bssBANK3                            300      300      100         1

        CLASS   BANK4          

        CLASS   BANK5          

        CLASS   SFR            

        CLASS   FARRAM         

        CLASS   CONFIG         
                config                           300000   300000        E         0

        CLASS   IDLOC          
                idloc                            200000   200000        8         0

        CLASS   EEDATA         



SEGMENTS        Name                           Load    Length   Top    Selector   Space  Class

                reset_vec                      000000  000006  000006         0       0  CODE    
                cstackCOMRAM                   000001  000041  000042         1       1  COMRAM  
                intcodelo                      000018  00033A  000352         C       0  CODE    
                cstackBANK0                    000060  00007E  0000DE        60       1  BANK0   
                bssBANK1                       000100  0000FA  0001FA       100       1  BANK1   
                bssBANK2                       000200  0000C8  0002C8       200       1  BANK2   
                bssBANK3                       000300  000100  000400       300       1  BANK3   
                bssBIGRAM                      000400  0001EE  0005EE       400       1  BIGRAM  
                text11                         000D62  000002  000D64       6B1       0  CODE    
                text1                          000D64  000002  000D66       6B2       0  CODE    
                text81                         000D66  000006  000D6C       6B3       0  CODE    
                text66                         000D6C  000008  000D74       6B6       0  CODE    
                text87                         000D74  000012  000D86       6BA       0  CODE    
                text84                         000D86  000012  000D98       6C3       0  CODE    
                text83                         000D98  000012  000DAA       6CC       0  CODE    
                text73                         000DAA  000012  000DBC       6D5       0  CODE    
                text52                         000DBC  000012  000DCE       6DE       0  CODE    
                text70                         000DCE  000016  000DE4       6E7       0  CODE    
                text49                         000DE4  000016  000DFA       6F2       0  CODE    
                text82                         000DFA  000018  000E12       6FD       0  CODE    
                text75                         000E12  00001E  000E30       709       0  CODE    
                text60                         000E30  00001E  000E4E       718       0  CODE    
                text36                         000E4E  00001E  000E6C       727       0  CODE    
                text93                         000E6C  000020  000E8C       736       0  CODE    
                text74                         000E8C  000028  000EB4       746       0  CODE    
                text37                         000EB4  00002E  000EE2       75A       0  CODE    
                text26                         000EE2  00002E  000F10       771       0  CODE    
                text16                         000F10  000030  000F40       788       0  CODE    
                text57                         000F40  000032  000F72       7A0       0  CODE    
                text80                         000F72  000034  000FA6       7B9       0  CODE    
                text62                         000FA6  000038  000FDE       7D3       0  CODE    
                text20                         000FDE  000038  001016       7EF       0  CODE    
                text34                         001016  00003A  001050       80B       0  CODE    
                text50                         001050  00003C  00108C       828       0  CODE    
                text64                         00108C  00003E  0010CA       846       0  CODE    
                text47                         0010CA  00003E  001108       865       0  CODE    
                text4                          001108  00003E  001146       884       0  CODE    
                text85                         001146  000040  001186       8A3       0  CODE    
                text13                         001186  000042  0011C8       8C3       0  CODE    
                text44                         0011C8  000046  00120E       8E4       0  CODE    
                text43                         00120E  000046  001254       907       0  CODE    
                text65                         001254  00004A  00129E       92A       0  CODE    
                text24                         00129E  00004A  0012E8       94F       0  CODE    
                text69                         0012E8  000054  00133C       974       0  CODE    
                cinit                          00133C  000056  001392       99E       0  CODE    
                text71                         001392  000058  0013EA       9C9       0  CODE    
                text31                         0013EA  00005A  001444       9F5       0  CODE    
                text76                         001444  00005C  0014A0       A22       0  CODE    
                text45                         0014A0  00005E  0014FE       A50       0  CODE    
                text19                         0014FE  000060  00155E       A7F       0  CODE    
                text58                         00155E  000062  0015C0       AAF       0  CODE    
                text48                         0015C0  00006C  00162C       AE0       0  CODE    
                text21                         00162C  000070  00169C       B16       0  CODE    
                text68                         00169C  000072  00170E       B4E       0  CODE    
                text91                         00170E  000076  001784       B87       0  CODE    
                text59                         001784  000076  0017FA       BC2       0  CODE    
                text46                         0017FA  00007A  001874       BFD       0  CODE    
                text72                         001874  000080  0018F4       C3A       0  CODE    
                text53                         0018F4  000088  00197C       C7A       0  CODE    
                text61                         00197C  00008E  001A0A       CBE       0  CODE    
                text42                         001A0A  000096  001AA0       D05       0  CODE    
                text28                         001AA0  000096  001B36       D50       0  CODE    
                text3                          001B36  00009C  001BD2       D9B       0  CODE    
                text63                         001BD2  0000A0  001C72       DE9       0  CODE    
                text15                         001C72  0000A4  001D16       E39       0  CODE    
                text14                         001D16  0000A4  001DBA       E8B       0  CODE    
                text88                         001DBA  0000A8  001E62       EDD       0  CODE    
                text54                         001E62  0000A8  001F0A       F31       0  CODE    
                text33                         001F0A  0000B6  001FC0       F85       0  CODE    
                text10                         001FC0  0000BA  00207A       FE0       0  CODE    
                text8                          00207A  0000C4  00213E      103D       0  CODE    
                text32                         00213E  0000C8  002206      109F       0  CODE    
                text30                         002206  0000C8  0022CE      1103       0  CODE    
                text67                         0022CE  0000CA  002398      1167       0  CODE    
                text55                         002398  0000D2  00246A      11CC       0  CODE    
                text9                          00246A  0000DA  002544      1235       0  CODE    
                text6                          002544  0000E6  00262A      12A2       0  CODE    
                text12                         00262A  0000EA  002714      1315       0  CODE    
                text25                         002714  0000F6  00280A      138A       0  CODE    
                text29                         00280A  0000FC  002906      1405       0  CODE    
                text23                         002906  000100  002A06      1483       0  CODE    
                text41                         002A06  00010A  002B10      1503       0  CODE    
                text78                         002B10  000112  002C22      1588       0  CODE    
                text90                         002C22  00011E  002D40      1611       0  CODE    
                text92                         002D40  00012C  002E6C      16A0       0  CODE    
                text27                         002E6C  000130  002F9C      1736       0  CODE    
                text17                         002F9C  00014C  0030E8      17CE       0  CODE    
                text35                         0030E8  00016E  003256      1874       0  CODE    
                text38                         003256  000180  0033D6      192B       0  CODE    
                text40                         0033D6  000190  003566      19EB       0  CODE    
                text18                         003566  000190  0036F6      1AB3       0  CODE    
                text5                          0036F6  000192  003888      1B7B       0  CODE    
                text0                          003888  0001B0  003A38      1C44       0  CODE    
                text7                          003A38  0001C6  003BFE      1D1C       0  CODE    
                text77                         003BFE  0001DC  003DDA      1DFF       0  CODE    
                text89                         003DDA  000214  003FEE      1EED       0  CODE    
                text79                         003FEE  000260  00424E      1FF7       0  CODE    
                text39                         00424E  0002A6  0044F4      2127       0  CODE    
                text51                         0044F4  000336  00482A      227A       0  CODE    
                text2                          00482A  0003CC  004BF6      2415       0  CODE    
                text56                         004BF6  00074C  005342      25FB       0  CODE    
                text22                         005342  0017FA  006B3C      29A1       0  CODE    
                mediumconst                    006B3C  0011C4  007D00      359E       0  MEDIUMCO
                idloc                          200000  000008  200008    200000       0  IDLOC   
                config                         300000  00000E  30000E    300000       0  CONFIG  


UNUSED ADDRESS RANGES

        Name                Unused          Largest block    Delta
        BANK0            0000DE-0000FF               22
        BANK1            0001FA-0001FF                6
        BANK2            0002C8-0002FF               38
        BANK5            0005EE-0005EE                1
        BIGRAM           000042-00005F               1E
                         0000DE-0000FF               22
                         0001FA-0001FF                6
                         0002C8-0002FF               38
                         0005EE-0005EE                1
        CODE             000352-000D61              A10
        COMRAM           000042-00005F               1E
        CONST            000352-000D61              A10
        EEDATA           F00000-F000FF              100
        MEDIUMCONST      000600-000D61              762
        RAM              0000DE-0000FF               22
                         0001FA-0001FF                6
                         0002C8-0002FF               38
                         0005EE-0005EE                1
        SFR              000D00-000F9B              100
                         000F9D-000FD3               37
                         000FD5-000FDA                6
                         000FE0-000FE2                3
                         000FE8-000FEA                3
                         000FF0-000FFB                C
        SMALLCONST       000600-000D61              100

                                  Symbol Table

?_ECANReceiveMessage                    cstackCOMRAM 000008
?_ECANSendMessage                       cstackBANK0  000067
?_OpenUSART                             cstackCOMRAM 00001F
?_ReadTimer3                            cstackCOMRAM 00001F
?_Read_b_eep                            cstackCOMRAM 00001F
?_WriteTimer0                           cstackCOMRAM 00001F
?_WriteTimer3                           cstackCOMRAM 00001F
?_Write_b_eep                           cstackCOMRAM 00001F
?__CANIDToRegs                          cstackBANK0  000060
?__ECANPointBuffer                      cstackCOMRAM 000001
?__RegsToCANID                          cstackCOMRAM 000001
?___lldiv                               cstackBANK0  000060
?___llmod                               cstackBANK0  000068
?___lwdiv                               cstackCOMRAM 00001F
?___lwmod                               cstackCOMRAM 00001F
?___wmul                                cstackBANK0  000060
?_atoi                                  cstackBANK0  000066
?_calcCRC                               cstackBANK0  000067
?_crc8                                  cstackCOMRAM 00001F
?_fifo_getFree                          cstackCOMRAM 000001
?_fifo_init                             cstackBANK0  000060
?_fifo_read                             cstackBANK0  000060
?_fifo_write                            cstackCOMRAM 000001
?_getCANFrame                           cstackBANK0  00006A
?_getVSCPFrame                          cstackBANK0  00006E
?_hexStringToBytes                      cstackBANK0  000060
?_itoa                                  cstackBANK0  00006C
?_memcpy                                cstackBANK0  000060
?_memset                                cstackBANK0  000060
?_putsUSART                             cstackCOMRAM 000020
?_readRegister                          cstackBANK0  0000B3
?_readRegisterExtended                  cstackBANK0  0000B3
?_sendCANFrame                          cstackBANK0  00008C
?_sendEscapedUartData                   cstackBANK0  000067
?_sendVSCPDriverCommandReply            cstackBANK0  00006A
?_sendVSCPFrame                         cstackBANK0  000093
?_setFilter                             cstackBANK0  000060
?_sprintf                               cstackBANK0  000071
?_strcat                                cstackCOMRAM 00001F
?_strchr                                cstackCOMRAM 00001F
?_strcpy                                cstackCOMRAM 00001F
?_strcspn                               cstackBANK0  000062
?_strichr                               cstackCOMRAM 000020
?_stristr                               cstackBANK0  000068
?_strlen                                cstackCOMRAM 00001F
?_strnicmp                              cstackBANK0  000060
?_strspn                                cstackBANK0  000062
?_strtok                                cstackBANK0  000068
?_ultoa                                 cstackBANK0  000071
?_utoa                                  cstackBANK0  000063
?_writeRegisterExtended                 cstackBANK0  0000B3
?i1_WriteTimer0                         cstackCOMRAM 000001
ECANReceiveMessage@data                 cstackCOMRAM 000008
ECANReceiveMessage@dataLen              cstackCOMRAM 00000A
ECANReceiveMessage@i                    cstackCOMRAM 00000F
ECANReceiveMessage@id                   cstackCOMRAM 00000E
ECANReceiveMessage@mode                 cstackCOMRAM 000010
ECANReceiveMessage@msgFlags             cstackCOMRAM 00000B
ECANReceiveMessage@ptr                  cstackCOMRAM 000012
ECANReceiveMessage@savedPtr             cstackCOMRAM 00000C
ECANReceiveMessage@temp                 cstackCOMRAM 000011
ECANSendMessage@buffers                 cstackBANK0  000083
ECANSendMessage@data                    cstackBANK0  00006B
ECANSendMessage@dataLen                 cstackBANK0  00006D
ECANSendMessage@i                       cstackBANK0  000089
ECANSendMessage@id                      cstackBANK0  000067
ECANSendMessage@j                       cstackBANK0  000084
ECANSendMessage@mode                    cstackBANK0  000082
ECANSendMessage@msgFlags                cstackBANK0  00006E
ECANSendMessage@pb                      cstackBANK0  000070
ECANSendMessage@ptr                     cstackBANK0  00008A
ECANSendMessage@temp                    cstackBANK0  000088
ECANSendMessage@tempBSEL0               cstackBANK0  000085
ECANSendMessage@tempPtr                 cstackBANK0  000086
ECANSetOperationMode@mode               cstackCOMRAM 00001F
Interrupt@c                             cstackCOMRAM 00001D
Interrupt@fail                          cstackCOMRAM 00001E
OpenTimer0@config                       cstackCOMRAM 00001F
OpenTimer3@config                       cstackCOMRAM 00001F
OpenUSART@config                        cstackCOMRAM 000021
OpenUSART@spbrg                         cstackCOMRAM 00001F
PL10                                    text56       005276
PL100                                   text22       006AEC
PL102                                   text56       00532E
PL104                                   text8        002130
PL106                                   text57       000F62
PL108                                   text9        002536
PL110                                   text22       006AFC
PL112                                   text22       006B0C
PL114                                   text5        00387A
PL116                                   text22       006B1C
PL118                                   text22       006B2C
PL12                                    text79       004238
PL120                                   text89       003FE0
PL122                                   text10       00206E
PL124                                   text85       001178
PL126                                   text17       0030DA
PL128                                   text78       002C18
PL130                                   text56       005338
PL14                                    text92       002E3E
PL16                                    text22       0069FA
PL18                                    text56       005294
PL2                                     text22       006976
PL20                                    text28       001B28
PL22                                    text41       002B02
PL24                                    text56       0052A4
PL26                                    text22       006A14
PL28                                    text18       0036D4
PL30                                    text22       006A24
PL32                                    text78       002BCC
PL34                                    text77       003DA4
PL36                                    text22       006A38
PL38                                    text55       00244E
PL4                                     text22       006986
PL40                                    text90       002CE6
PL42                                    text22       006A4A
PL44                                    text22       006A64
PL46                                    text22       006A7E
PL48                                    text56       0052CA
PL50                                    text14       001DAC
PL52                                    text15       001D08
PL54                                    text56       0052E4
PL56                                    text22       006A98
PL58                                    text78       002BE0
PL6                                     text22       006994
PL60                                    text77       003DC2
PL62                                    text22       006AB0
PL64                                    text61       0019F4
PL66                                    text56       0052FA
PL68                                    text90       002CF4
PL70                                    text22       006AC6
PL72                                    text56       005308
PL74                                    text90       002D08
PL76                                    text90       002D1A
PL78                                    text6        002616
PL8                                     text22       0069B0
PL80                                    text78       002BF2
PL82                                    text29       0028F2
PL84                                    text51       004818
PL86                                    text22       006ADA
PL88                                    text18       0036E4
PL90                                    text78       002C06
PL92                                    text90       002D2E
PL94                                    text88       001E50
PL96                                    text56       00531C
PL98                                    text2        004BEA
ReadTimer3@timer                        cstackCOMRAM 000021
ReadUSART@data                          cstackCOMRAM 000001
Read_b_eep@badd                         cstackCOMRAM 00001F
WriteTimer0@timer                       cstackCOMRAM 000021
WriteTimer0@timer0                      cstackCOMRAM 00001F
WriteTimer3@timer                       cstackCOMRAM 000021
WriteTimer3@timer3                      cstackCOMRAM 00001F
WriteUSART@data                         cstackCOMRAM 00001F
Write_b_eep@GIE_BIT_VAL                 cstackCOMRAM 000022
Write_b_eep@badd                        cstackCOMRAM 00001F
Write_b_eep@bdat                        cstackCOMRAM 000021
_B0CON                                  (abs)        000E20
_B0RXFUL                                (abs)        007107
_B0TXEN                                 (abs)        006FC2
_B1CON                                  (abs)        000E30
_B1RXFUL                                (abs)        007187
_B1TXEN                                 (abs)        006FC3
_B2CON                                  (abs)        000E40
_B2RXFUL                                (abs)        007207
_B2TXEN                                 (abs)        006FC4
_B3CON                                  (abs)        000E50
_B3RXFUL                                (abs)        007287
_B3TXEN                                 (abs)        006FC5
_B4CON                                  (abs)        000E60
_B4RXFUL                                (abs)        007307
_B4TXEN                                 (abs)        006FC6
_B5CON                                  (abs)        000E70
_B5RXFUL                                (abs)        007387
_B5TXEN                                 (abs)        006FC7
_BRGCON1                                (abs)        000F70
_BRGCON2                                (abs)        000F71
_BRGCON3                                (abs)        000F72
_BSEL0                                  (abs)        000DF8
_Busy_eep                               text81       000D66
_CANCON                                 (abs)        000F6F
_CIOCON                                 (abs)        000F73
_COMSTATbits                            (abs)        000F74
_ECANCON                                (abs)        000F77
_ECANInitialize                         text72       001874
_ECANReceiveMessage                     text89       003DDA
_ECANSendMessage                        text35       0030E8
_ECANSetOperationMode                   text82       000DFA
_EEADR                                  (abs)        000FA9
_EECON1bits                             (abs)        000FA6
_EECON2                                 (abs)        000FA7
_EEDATA                                 (abs)        000FA8
_ERRIE                                  (abs)        007D1D
_ERRIF                                  (abs)        007D25
_FIFOEMPTY                              (abs)        007BA7
_INTCONbits                             (abs)        000FF2
_IRXIF                                  (abs)        007D27
_Interrupt                              intcodelo    000018
_LATC1                                  (abs)        007C59
_MDSEL0                                 (abs)        007BBE
_MDSEL1                                 (abs)        007BBF
_MSEL0                                  (abs)        000DF0
_MSEL1                                  (abs)        000DF1
_MSEL2                                  (abs)        000DF2
_OSCCONbits                             (abs)        000FD3
_OSCTUNEbits                            (abs)        000F9B
_OpenTimer0                             text75       000E12
_OpenTimer3                             text74       000E8C
_OpenUSART                              text76       001444
_PEIE                                   (abs)        007F96
_PIE1bits                               (abs)        000F9D
_PIE2bits                               (abs)        000FA0
_PIR1bits                               (abs)        000F9E
_PIR2bits                               (abs)        000FA1
_RCIE                                   (abs)        007CED
_RCIF                                   (abs)        007CF5
_RCIP                                   (abs)        007CFD
_RCREG                                  (abs)        000FAE
_RCSTA                                  (abs)        000FAB
_RCSTAbits                              (abs)        000FAB
_RXB0CON                                (abs)        000F60
_RXB0FILHIT0                            (abs)        007B00
_RXB0FUL                                (abs)        007B07
_RXB0IF                                 (abs)        007D20
_RXB0OVFL                               (abs)        007BA7
_RXB1CON                                (abs)        000F50
_RXB1CONbits                            (abs)        000F50
_RXB1IF                                 (abs)        007D21
_RXB1OVFL                               (abs)        007BA6
_RXBnIE                                 (abs)        007D19
_RXBnIF                                 (abs)        007D21
_RXERRCNT                               (abs)        000F75
_RXF0EIDH                               (abs)        000F02
_RXF0EIDL                               (abs)        000F03
_RXF0SIDH                               (abs)        000F00
_RXF0SIDL                               (abs)        000F01
_RXF10EIDH                              (abs)        000D76
_RXF10EIDL                              (abs)        000D77
_RXF10SIDH                              (abs)        000D74
_RXF10SIDL                              (abs)        000D75
_RXF11EIDH                              (abs)        000D7A
_RXF11EIDL                              (abs)        000D7B
_RXF11SIDH                              (abs)        000D78
_RXF11SIDL                              (abs)        000D79
_RXF12EIDH                              (abs)        000D82
_RXF12EIDL                              (abs)        000D83
_RXF12SIDH                              (abs)        000D80
_RXF12SIDL                              (abs)        000D81
_RXF13EIDH                              (abs)        000D86
_RXF13EIDL                              (abs)        000D87
_RXF13SIDH                              (abs)        000D84
_RXF13SIDL                              (abs)        000D85
_RXF14EIDH                              (abs)        000D8A
_RXF14EIDL                              (abs)        000D8B
_RXF14SIDH                              (abs)        000D88
_RXF14SIDL                              (abs)        000D89
_RXF15EIDH                              (abs)        000D92
_RXF15EIDL                              (abs)        000D93
_RXF15SIDH                              (abs)        000D90
_RXF15SIDL                              (abs)        000D91
_RXF1EIDH                               (abs)        000F06
_RXF1EIDL                               (abs)        000F07
_RXF1SIDH                               (abs)        000F04
_RXF1SIDL                               (abs)        000F05
_RXF2EIDH                               (abs)        000F0A
_RXF2EIDL                               (abs)        000F0B
_RXF2SIDH                               (abs)        000F08
_RXF2SIDL                               (abs)        000F09
_RXF3EIDH                               (abs)        000F0E
_RXF3EIDL                               (abs)        000F0F
_RXF3SIDH                               (abs)        000F0C
_RXF3SIDL                               (abs)        000F0D
_RXF4EIDH                               (abs)        000F12
_RXF4EIDL                               (abs)        000F13
_RXF4SIDH                               (abs)        000F10
_RXF4SIDL                               (abs)        000F11
_RXF5EIDH                               (abs)        000F16
_RXF5EIDL                               (abs)        000F17
_RXF5SIDH                               (abs)        000F14
_RXF5SIDL                               (abs)        000F15
_RXF6EIDH                               (abs)        000D62
_RXF6EIDL                               (abs)        000D63
_RXF6SIDH                               (abs)        000D60
_RXF6SIDL                               (abs)        000D61
_RXF7EIDH                               (abs)        000D66
_RXF7EIDL                               (abs)        000D67
_RXF7SIDH                               (abs)        000D64
_RXF7SIDL                               (abs)        000D65
_RXF8EIDH                               (abs)        000D6A
_RXF8EIDL                               (abs)        000D6B
_RXF8SIDH                               (abs)        000D68
_RXF8SIDL                               (abs)        000D69
_RXF9EIDH                               (abs)        000D72
_RXF9EIDL                               (abs)        000D73
_RXF9SIDH                               (abs)        000D70
_RXF9SIDL                               (abs)        000D71
_RXFBCON0                               (abs)        000DE0
_RXFBCON1                               (abs)        000DE1
_RXFBCON2                               (abs)        000DE2
_RXFBCON3                               (abs)        000DE3
_RXFBCON4                               (abs)        000DE4
_RXFBCON5                               (abs)        000DE5
_RXFBCON6                               (abs)        000DE6
_RXFBCON7                               (abs)        000DE7
_RXFCON0                                (abs)        000DD4
_RXFCON1                                (abs)        000DD5
_RXM0EIDH                               (abs)        000F1A
_RXM0EIDL                               (abs)        000F1B
_RXM0EXIDM                              (abs)        0078CB
_RXM0SIDH                               (abs)        000F18
_RXM0SIDL                               (abs)        000F19
_RXM1EIDH                               (abs)        000F1E
_RXM1EIDL                               (abs)        000F1F
_RXM1EXIDEN                             (abs)        0078EB
_RXM1SIDH                               (abs)        000F1C
_RXM1SIDL                               (abs)        000F1D
_ReadTimer3                             text52       000DBC
_ReadUSART                              text93       000E6C
_Read_b_eep                             text83       000D98
_SPBRG                                  (abs)        000FAF
_SPBRGH                                 (abs)        000FB0
_T0CON                                  (abs)        000FD5
_T0CONbits                              (abs)        000FD5
_T3CON                                  (abs)        000FB1
_T3CONbits                              (abs)        000FB1
_TMR0H                                  (abs)        000FD7
_TMR0L                                  (abs)        000FD6
_TMR3H                                  (abs)        000FB3
_TMR3L                                  (abs)        000FB2
_TRISBbits                              (abs)        000F93
_TRISCbits                              (abs)        000F94
_TXB0CON                                (abs)        000F40
_TXB1CON                                (abs)        000F30
_TXB2CON                                (abs)        000F20
_TXERRCNT                               (abs)        000F76
_TXREG                                  (abs)        000FAD
_TXSTA                                  (abs)        000FAC
_TXSTAbits                              (abs)        000FAC
_USART_Status                           bssBANK1     00012A
_WriteTimer0                            text84       000D86
_WriteTimer3                            text73       000DAA
_WriteUSART                             text70       000DCE
_Write_b_eep                            text80       000F72
__CANIDToRegs                           text78       002B10
__CANIDToRegs@Value                     cstackCOMRAM 000023
__CANIDToRegs@ptr                       cstackBANK0  000060
__CANIDToRegs@type                      cstackBANK0  000066
__CANIDToRegs@val                       cstackBANK0  000062
__CFG_BOREN$BOACTIVE                    (abs)        000000
__CFG_BORV$3                            (abs)        000000
__CFG_CPB$OFF                           (abs)        000000
__CFG_EBTR0$OFF                         (abs)        000000
__CFG_EBTR1$OFF                         (abs)        000000
__CFG_EBTR2$OFF                         (abs)        000000
__CFG_EBTR3$OFF                         (abs)        000000
__CFG_EBTRB$OFF                         (abs)        000000
__CFG_LVP$OFF                           (abs)        000000
__CFG_OSC$HSPLL                         (abs)        000000
__CFG_PWRT$ON                           (abs)        000000
__CFG_STVREN$ON                         (abs)        000000
__CFG_WDT$OFF                           (abs)        000000
__CFG_WRTD$OFF                          (abs)        000000
__ECANPointBuffer                       text91       00170E
__ECANPointBuffer@b                     cstackCOMRAM 000004
__ECANPointBuffer@pt                    cstackCOMRAM 000005
__ECANRxFilterHitInfo                   bssBANK1     00012B
__HRAM                                  (abs)        000000
__Habs1                                 abs1         000000
__Hbank0                                bank0        000000
__Hbank1                                bank1        000000
__Hbank2                                bank2        000000
__Hbank3                                bank3        000000
__Hbank4                                bank4        000000
__Hbank5                                bank5        000000
__Hbigbss                               bigbss       000000
__Hbigdata                              bigdata      000000
__Hbigram                               bigram       000000
__Hbss                                  bss          000000
__HbssBANK1                             bssBANK1     000000
__HbssBANK2                             bssBANK2     000000
__HbssBANK3                             bssBANK3     000000
__HbssBIGRAM                            bssBIGRAM    000000
__HbssCOMRAM                            bssCOMRAM    000000
__Hcinit                                cinit        000000
__Hclrtext                              clrtext      000000
__Hcomram                               comram       000000
__Hconfig                               config       30000E
__Hconst                                const        000000
__HcstackBANK0                          cstackBANK0  000000
__HcstackBANK1                          cstackBANK1  000000
__HcstackBANK2                          cstackBANK2  000000
__HcstackCOMRAM                         cstackCOMRAM 000000
__Hdata                                 data         000000
__Heeprom_data                          eeprom_data  000000
__Hend_init                             end_init     000352
__Hfarbss                               farbss       000000
__Hfardata                              fardata      000000
__Hibigdata                             ibigdata     000000
__Hidata                                idata        000000
__Hidloc                                idloc        200008
__Hifardata                             ifardata     000000
__Hinit                                 init         00034E
__Hintcode                              intcode      000006
__Hintcode_body                         intcode_body 000000
__Hintcodelo                            intcodelo    00034E
__Hintentry                             intentry     000000
__Hintret                               intret       000000
__Hintsave_regs                         intsave_regs 000000
__Hirdata                               irdata       000000
__Hmediumconst                          mediumconst  007D00
__HnvBANK1                              nvBANK1      000000
__HnvFARRAM                             nvFARRAM     000000
__Hnvbit                                nvbit        000000
__Hnvrram                               nvrram       000000
__Hpa_nodes                             pa_nodes     000000
__Hparam                                rparam       000000
__Hpowerup                              powerup      00034E
__Hram                                  ram          000000
__Hramtop                               ramtop       000600
__Hrbit                                 rbit         000000
__Hrbss                                 rbss         000000
__Hrdata                                rdata        000000
__Hreset_vec                            reset_vec    000006
__Hrparam                               rparam       000000
__Hsfr                                  sfr          000000
__Hsmallconst                           smallconst   000000
__Hstruct                               struct       000000
__Htemp                                 temp         000000
__Htext                                 text         000000
__Htext0                                text0        000000
__Htext1                                text1        000000
__Htext10                               text10       000000
__Htext11                               text11       000000
__Htext12                               text12       000000
__Htext13                               text13       000000
__Htext14                               text14       000000
__Htext15                               text15       000000
__Htext16                               text16       000000
__Htext17                               text17       000000
__Htext18                               text18       000000
__Htext19                               text19       000000
__Htext2                                text2        000000
__Htext20                               text20       000000
__Htext21                               text21       000000
__Htext22                               text22       000000
__Htext23                               text23       000000
__Htext24                               text24       000000
__Htext25                               text25       000000
__Htext26                               text26       000000
__Htext27                               text27       000000
__Htext28                               text28       000000
__Htext29                               text29       000000
__Htext3                                text3        000000
__Htext30                               text30       000000
__Htext31                               text31       000000
__Htext32                               text32       000000
__Htext33                               text33       000000
__Htext34                               text34       000000
__Htext35                               text35       000000
__Htext36                               text36       000000
__Htext37                               text37       000000
__Htext38                               text38       000000
__Htext39                               text39       000000
__Htext4                                text4        000000
__Htext40                               text40       000000
__Htext41                               text41       000000
__Htext42                               text42       000000
__Htext43                               text43       000000
__Htext44                               text44       000000
__Htext45                               text45       000000
__Htext46                               text46       000000
__Htext47                               text47       000000
__Htext48                               text48       000000
__Htext49                               text49       000000
__Htext5                                text5        000000
__Htext50                               text50       000000
__Htext51                               text51       000000
__Htext52                               text52       000000
__Htext53                               text53       000000
__Htext54                               text54       000000
__Htext55                               text55       000000
__Htext56                               text56       000000
__Htext57                               text57       000000
__Htext58                               text58       000000
__Htext59                               text59       000000
__Htext6                                text6        000000
__Htext60                               text60       000000
__Htext61                               text61       000000
__Htext62                               text62       000000
__Htext63                               text63       000000
__Htext64                               text64       000000
__Htext65                               text65       000000
__Htext66                               text66       000000
__Htext67                               text67       000000
__Htext68                               text68       000000
__Htext69                               text69       000000
__Htext7                                text7        000000
__Htext70                               text70       000000
__Htext71                               text71       000000
__Htext72                               text72       000000
__Htext73                               text73       000000
__Htext74                               text74       000000
__Htext75                               text75       000000
__Htext76                               text76       000000
__Htext77                               text77       000000
__Htext78                               text78       000000
__Htext79                               text79       000000
__Htext8                                text8        000000
__Htext80                               text80       000000
__Htext81                               text81       000000
__Htext82                               text82       000000
__Htext83                               text83       000000
__Htext84                               text84       000000
__Htext85                               text85       000000
__Htext87                               text87       000000
__Htext88                               text88       000000
__Htext89                               text89       000000
__Htext9                                text9        000000
__Htext90                               text90       000000
__Htext91                               text91       000000
__Htext92                               text92       000000
__Htext93                               text93       000000
__IT_INT_MASK                           bssBANK1     00012C
__IT_SAVE_BSR                           bssBANK1     00012D
__IT_SAVE_STATUS                        bssBANK1     00012E
__IT_SAVE_WREG                          bssBANK1     00012F
__LRAM                                  (abs)        000001
__Labs1                                 abs1         000000
__Lbank0                                bank0        000000
__Lbank1                                bank1        000000
__Lbank2                                bank2        000000
__Lbank3                                bank3        000000
__Lbank4                                bank4        000000
__Lbank5                                bank5        000000
__Lbigbss                               bigbss       000000
__Lbigdata                              bigdata      000000
__Lbigram                               bigram       000000
__Lbss                                  bss          000000
__LbssBANK1                             bssBANK1     000000
__LbssBANK2                             bssBANK2     000000
__LbssBANK3                             bssBANK3     000000
__LbssBIGRAM                            bssBIGRAM    000000
__LbssCOMRAM                            bssCOMRAM    000000
__Lcinit                                cinit        000000
__Lclrtext                              clrtext      000000
__Lcomram                               comram       000000
__Lconfig                               config       300000
__Lconst                                const        000000
__LcstackBANK0                          cstackBANK0  000000
__LcstackBANK1                          cstackBANK1  000000
__LcstackBANK2                          cstackBANK2  000000
__LcstackCOMRAM                         cstackCOMRAM 000000
__Ldata                                 data         000000
__Leeprom_data                          eeprom_data  000000
__Lend_init                             end_init     00034E
__Lfarbss                               farbss       000000
__Lfardata                              fardata      000000
__Libigdata                             ibigdata     000000
__Lidata                                idata        000000
__Lidloc                                idloc        200000
__Lifardata                             ifardata     000000
__Linit                                 init         00034E
__Lintcode                              intcode      000006
__Lintcode_body                         intcode_body 000000
__Lintcodelo                            intcodelo    000018
__Lintentry                             intentry     000000
__Lintret                               intret       000000
__Lintsave_regs                         intsave_regs 000000
__Lirdata                               irdata       000000
__Lmediumconst                          mediumconst  006B3C
__LnvBANK1                              nvBANK1      000000
__LnvFARRAM                             nvFARRAM     000000
__Lnvbit                                nvbit        000000
__Lnvrram                               nvrram       000000
__Lpa_nodes                             pa_nodes     000000
__Lparam                                rparam       000000
__Lpowerup                              powerup      00034E
__Lram                                  ram          000000
__Lramtop                               ramtop       000600
__Lrbit                                 rbit         000000
__Lrbss                                 rbss         000000
__Lrdata                                rdata        000000
__Lreset_vec                            reset_vec    000000
__Lrparam                               rparam       000000
__Lsfr                                  sfr          000000
__Lsmallconst                           smallconst   000000
__Lstruct                               struct       000000
__Ltemp                                 temp         000000
__Ltext                                 text         000000
__Ltext0                                text0        000000
__Ltext1                                text1        000000
__Ltext10                               text10       000000
__Ltext11                               text11       000000
__Ltext12                               text12       000000
__Ltext13                               text13       000000
__Ltext14                               text14       000000
__Ltext15                               text15       000000
__Ltext16                               text16       000000
__Ltext17                               text17       000000
__Ltext18                               text18       000000
__Ltext19                               text19       000000
__Ltext2                                text2        000000
__Ltext20                               text20       000000
__Ltext21                               text21       000000
__Ltext22                               text22       000000
__Ltext23                               text23       000000
__Ltext24                               text24       000000
__Ltext25                               text25       000000
__Ltext26                               text26       000000
__Ltext27                               text27       000000
__Ltext28                               text28       000000
__Ltext29                               text29       000000
__Ltext3                                text3        000000
__Ltext30                               text30       000000
__Ltext31                               text31       000000
__Ltext32                               text32       000000
__Ltext33                               text33       000000
__Ltext34                               text34       000000
__Ltext35                               text35       000000
__Ltext36                               text36       000000
__Ltext37                               text37       000000
__Ltext38                               text38       000000
__Ltext39                               text39       000000
__Ltext4                                text4        000000
__Ltext40                               text40       000000
__Ltext41                               text41       000000
__Ltext42                               text42       000000
__Ltext43                               text43       000000
__Ltext44                               text44       000000
__Ltext45                               text45       000000
__Ltext46                               text46       000000
__Ltext47                               text47       000000
__Ltext48                               text48       000000
__Ltext49                               text49       000000
__Ltext5                                text5        000000
__Ltext50                               text50       000000
__Ltext51                               text51       000000
__Ltext52                               text52       000000
__Ltext53                               text53       000000
__Ltext54                               text54       000000
__Ltext55                               text55       000000
__Ltext56                               text56       000000
__Ltext57                               text57       000000
__Ltext58                               text58       000000
__Ltext59                               text59       000000
__Ltext6                                text6        000000
__Ltext60                               text60       000000
__Ltext61                               text61       000000
__Ltext62                               text62       000000
__Ltext63                               text63       000000
__Ltext64                               text64       000000
__Ltext65                               text65       000000
__Ltext66                               text66       000000
__Ltext67                               text67       000000
__Ltext68                               text68       000000
__Ltext69                               text69       000000
__Ltext7                                text7        000000
__Ltext70                               text70       000000
__Ltext71                               text71       000000
__Ltext72                               text72       000000
__Ltext73                               text73       000000
__Ltext74                               text74       000000
__Ltext75                               text75       000000
__Ltext76                               text76       000000
__Ltext77                               text77       000000
__Ltext78                               text78       000000
__Ltext79                               text79       000000
__Ltext8                                text8        000000
__Ltext80                               text80       000000
__Ltext81                               text81       000000
__Ltext82                               text82       000000
__Ltext83                               text83       000000
__Ltext84                               text84       000000
__Ltext85                               text85       000000
__Ltext87                               text87       000000
__Ltext88                               text88       000000
__Ltext89                               text89       000000
__Ltext9                                text9        000000
__Ltext90                               text90       000000
__Ltext91                               text91       000000
__Ltext92                               text92       000000
__Ltext93                               text93       000000
__RegsToCANID                           text90       002C22
__RegsToCANID@Value                     cstackCOMRAM 000007
__RegsToCANID@ptr                       cstackCOMRAM 000001
__RegsToCANID@type                      cstackCOMRAM 000004
__RegsToCANID@val                       cstackCOMRAM 000003
__S0                                    (abs)        30000E
__S1                                    (abs)        0005EE
___DCByte                               bssBANK1     000130
___DCDelay                              nvBANK1      0001F9
___IT                                   (abs)        000101
___lldiv                                text59       001784
___lldiv@counter                        cstackCOMRAM 000023
___lldiv@dividend                       cstackBANK0  000060
___lldiv@divisor                        cstackBANK0  000064
___lldiv@quotient                       cstackCOMRAM 00001F
___llmod                                text58       00155E
___llmod@counter                        cstackBANK0  000070
___llmod@dividend                       cstackBANK0  000068
___llmod@divisor                        cstackBANK0  00006C
___lwdiv                                text65       001254
___lwdiv@counter                        cstackBANK0  000060
___lwdiv@dividend                       cstackCOMRAM 00001F
___lwdiv@divisor                        cstackCOMRAM 000021
___lwdiv@quotient                       cstackBANK0  000061
___lwmod                                text64       00108C
___lwmod@counter                        cstackCOMRAM 000023
___lwmod@dividend                       cstackCOMRAM 00001F
___lwmod@divisor                        cstackCOMRAM 000021
___wmul                                 text57       000F40
___wmul@multiplicand                    cstackBANK0  000062
___wmul@multiplier                      cstackBANK0  000060
___wmul@product                         cstackBANK0  000064
__accesstop                             (abs)        000060
__activetblptr                          (abs)        000002
__end_ofPL10                            text56       005294
__end_ofPL100                           text22       006AFC
__end_ofPL102                           text56       005338
__end_ofPL104                           text8        00213E
__end_ofPL106                           text57       000F72
__end_ofPL108                           text9        002544
__end_ofPL110                           text22       006B0C
__end_ofPL112                           text22       006B1C
__end_ofPL114                           text5        003888
__end_ofPL116                           text22       006B2C
__end_ofPL118                           text22       006B3C
__end_ofPL12                            text79       00424E
__end_ofPL120                           text89       003FEE
__end_ofPL122                           text10       00207A
__end_ofPL124                           text85       001186
__end_ofPL126                           text17       0030E8
__end_ofPL128                           text78       002C22
__end_ofPL130                           text56       005342
__end_ofPL14                            text92       002E6C
__end_ofPL16                            text22       006A14
__end_ofPL18                            text56       0052A4
__end_ofPL2                             text22       006986
__end_ofPL20                            text28       001B36
__end_ofPL22                            text41       002B10
__end_ofPL24                            text56       0052CA
__end_ofPL26                            text22       006A24
__end_ofPL28                            text18       0036E4
__end_ofPL30                            text22       006A38
__end_ofPL32                            text78       002BE0
__end_ofPL34                            text77       003DC2
__end_ofPL36                            text22       006A4A
__end_ofPL38                            text55       00246A
__end_ofPL4                             text22       006994
__end_ofPL40                            text90       002CF4
__end_ofPL42                            text22       006A64
__end_ofPL44                            text22       006A7E
__end_ofPL46                            text22       006A98
__end_ofPL48                            text56       0052E4
__end_ofPL50                            text14       001DBA
__end_ofPL52                            text15       001D16
__end_ofPL54                            text56       0052FA
__end_ofPL56                            text22       006AB0
__end_ofPL58                            text78       002BF2
__end_ofPL6                             text22       0069B0
__end_ofPL60                            text77       003DDA
__end_ofPL62                            text22       006AC6
__end_ofPL64                            text61       001A0A
__end_ofPL66                            text56       005308
__end_ofPL68                            text90       002D08
__end_ofPL70                            text22       006ADA
__end_ofPL72                            text56       00531C
__end_ofPL74                            text90       002D1A
__end_ofPL76                            text90       002D2E
[...]
		 -> id(4), 
  ptr             2   17[COMRAM] PTR unsigned char 
		 -> B5CON(1), B4CON(1), B3CON(1), B2CON(1), 
		 -> B1CON(1), B0CON(1), RXB1CON(1), RXB0CON(1), 
  savedPtr        2   11[COMRAM] PTR unsigned char 
		 -> B5CON(1), B4CON(1), B3CON(1), B2CON(1), 
		 -> B1CON(1), B0CON(1), RXB1CON(1), RXB0CON(1), 
  temp            1   16[COMRAM] struct .
  mode            1   15[COMRAM] unsigned char 
  i               1   14[COMRAM] unsigned char 
 Return value:  Size  Location     Type
                  1    wreg      enum E15660
 Registers used:
		wreg, fsr1l, fsr1h, fsr2l, fsr2h, status,2, status,0, cstack
 Tracked objects:
		On entry : 
		On exit  : 
		Unchanged: 
 Data sizes:     COMRAM   BANK0   BANK1   BANK2   BANK3   BANK4   BANK5
      Params:         4       0       0       0       0       0       0
      Locals:         8       0       0       0       0       0       0
      Temps:          0       0       0       0       0       0       0
      Totals:        12       0       0       0       0       0       0
Total ram usage:       12 bytes
 Hardware stack levels used:    1
 Hardware stack levels required when called:    1
 This function calls:
		__ECANPointBuffer
		__RegsToCANID
 This function is called by:
		_Interrupt
 This function uses a non-reentrant model


 *************** function __RegsToCANID *****************
 Defined at:
		line 1158 in file "ECAN.c"
 Parameters:    Size  Location     Type
  ptr             2    0[COMRAM] PTR unsigned char 
		 -> B5CON(1), B4CON(1), B3CON(1), B2CON(1), 
		 -> B1CON(1), B0CON(1), RXB1CON(1), RXB0CON(1), 
  val             1    2[COMRAM] PTR unsigned long 
		 -> id(4), 
  type            1    3[COMRAM] unsigned char 
 Auto vars:     Size  Location     Type
  Value           1    6[COMRAM] PTR struct _CAN_MESSAGE_
		 -> id(4), 
 Return value:  Size  Location     Type
		None               void
 Registers used:
		wreg, fsr1l, fsr1h, fsr2l, fsr2h, status,2, status,0
 Tracked objects:
		On entry : 
		On exit  : 
		Unchanged: 
 Data sizes:     COMRAM   BANK0   BANK1   BANK2   BANK3   BANK4   BANK5
      Params:         4       0       0       0       0       0       0
      Locals:         1       0       0       0       0       0       0
      Temps:          2       0       0       0       0       0       0
      Totals:         7       0       0       0       0       0       0
Total ram usage:        7 bytes
 Hardware stack levels used:    1
 This function calls:
		Nothing
 This function is called by:
		_ECANReceiveMessage
 This function uses a non-reentrant model


 *************** function __ECANPointBuffer *****************
 Defined at:
		line 1209 in file "ECAN.c"
 Parameters:    Size  Location     Type
  b               1    wreg     unsigned char 
 Auto vars:     Size  Location     Type
  b               1    3[COMRAM] unsigned char 
  pt              2    4[COMRAM] PTR unsigned char 
		 -> B5CON(1), B4CON(1), B3CON(1), B2CON(1), 
		 -> B1CON(1), B0CON(1), RXB1CON(1), RXB0CON(1), 
 Return value:  Size  Location     Type
                  2    0[COMRAM] PTR unsigned char 
 Registers used:
		wreg, status,2, status,0
 Tracked objects:
		On entry : 
		On exit  : 
		Unchanged: 
 Data sizes:     COMRAM   BANK0   BANK1   BANK2   BANK3   BANK4   BANK5
      Params:         3       0       0       0       0       0       0
      Locals:         3       0       0       0       0       0       0
      Temps:          0       0       0       0       0       0       0
      Totals:         6       0       0       0       0       0       0
Total ram usage:        6 bytes
 Hardware stack levels used:    1
 This function calls:
		Nothing
 This function is called by:
		_ECANReceiveMessage
 This function uses a non-reentrant model


 *************** function _fifo_write *****************
 Defined at:
		line 61 in file "fifo.c"
 Parameters:    Size  Location     Type
  f               2    0[COMRAM] PTR struct .
		 -> canInputFifo(8), serialInputFifo(8), 
  buf             2    2[COMRAM] PTR const void 
		 -> dlc(1), data(8), id(4), Interrupt@c(1), 
  nbytes          4    4[COMRAM] unsigned long 
 Auto vars:     Size  Location     Type
  i               4   14[COMRAM] unsigned long 
  p               2   12[COMRAM] PTR const unsigned char 
		 -> dlc(1), data(8), id(4), Interrupt@c(1), 
 Return value:  Size  Location     Type
                  2    0[COMRAM] unsigned short 
 Registers used:
		wreg, fsr1l, fsr1h, fsr2l, fsr2h, status,2, status,0
 Tracked objects:
		On entry : 
		On exit  : 
		Unchanged: 
 Data sizes:     COMRAM   BANK0   BANK1   BANK2   BANK3   BANK4   BANK5
      Params:         8       0       0       0       0       0       0
      Locals:         6       0       0       0       0       0       0
      Temps:          4       0       0       0       0       0       0
      Totals:        18       0       0       0       0       0       0
Total ram usage:       18 bytes
 Hardware stack levels used:    1
 This function calls:
		Nothing
 This function is called by:
		_Interrupt
 This function uses a non-reentrant model


 *************** function _ReadUSART *****************
 Defined at:
		line 16 in file "C:\Program Files (x86)\Microchip\xc8\v1.21\sources\pic18\plib\USART\uread.c"
 Parameters:    Size  Location     Type
		None
 Auto vars:     Size  Location     Type
  data            1    0[COMRAM] unsigned char 
 Return value:  Size  Location     Type
                  1    wreg      unsigned char 
 Registers used:
		wreg, status,2, status,0
 Tracked objects:
		On entry : 
		On exit  : 
		Unchanged: 
 Data sizes:     COMRAM   BANK0   BANK1   BANK2   BANK3   BANK4   BANK5
      Params:         0       0       0       0       0       0       0
      Locals:         1       0       0       0       0       0       0
      Temps:          0       0       0       0       0       0       0
      Totals:         1       0       0       0       0       0       0
Total ram usage:        1 bytes
 Hardware stack levels used:    1
 This function calls:
		Nothing
 This function is called by:
		_Interrupt
 This function uses a non-reentrant model



MODULE INFORMATION

Module		Function		Class		Link	Load	Size
C:\Program Files (x86)\Microchip\xc8\v1.21\sources\common\lwdiv.c
		___lwdiv       		CODE           	1254	0000	74

C:\Program Files (x86)\Microchip\xc8\v1.21\sources\common\lwdiv.c estimated size: 74

C:\Program Files (x86)\Microchip\xc8\v1.21\sources\pic18\plib\Timers\t0write.c
		_WriteTimer0   		CODE           	0D86	0000	18

C:\Program Files (x86)\Microchip\xc8\v1.21\sources\pic18\plib\Timers\t0write.c estimated size: 18

C:\Program Files (x86)\Microchip\xc8\v1.21\sources\common\stristr.c
		_stristr       		CODE           	17FA	0000	122

C:\Program Files (x86)\Microchip\xc8\v1.21\sources\common\stristr.c estimated size: 122

C:\Program Files (x86)\Microchip\xc8\v1.21\sources\pic18\plib\Timers\t3read.c
		_ReadTimer3    		CODE           	0DBC	0000	18

C:\Program Files (x86)\Microchip\xc8\v1.21\sources\pic18\plib\Timers\t3read.c estimated size: 18

C:\Program Files (x86)\Microchip\xc8\v1.21\sources\pic18\plib\Timers\t3write.c
		_WriteTimer3   		CODE           	0DAA	0000	18

C:\Program Files (x86)\Microchip\xc8\v1.21\sources\pic18\plib\Timers\t3write.c estimated size: 18

C:\Program Files (x86)\Microchip\xc8\v1.21\sources\common\strcat.c
		_strcat        		CODE           	13EA	0000	90

C:\Program Files (x86)\Microchip\xc8\v1.21\sources\common\strcat.c estimated size: 90

C:\Program Files (x86)\Microchip\xc8\v1.21\sources\common\wmul.c
		___wmul        		CODE           	0F40	0000	34

C:\Program Files (x86)\Microchip\xc8\v1.21\sources\common\wmul.c estimated size: 34

C:\Program Files (x86)\Microchip\xc8\v1.21\sources\pic18\plib\EEP\read_B.c
		_Read_b_eep    		CODE           	0D98	0000	18

C:\Program Files (x86)\Microchip\xc8\v1.21\sources\pic18\plib\EEP\read_B.c estimated size: 18

hexutils.c
		_hexStringToByt		CODE           	1B36	0000	156
		_nibbleFromChar		CODE           	1108	0000	62

hexutils.c estimated size: 218

shared
		PL12           		CODE           	4238	0000	22
		PL50           		CODE           	1DAC	0000	14
		PL8            		CODE           	69B0	0000	74
		PL22           		CODE           	2B02	0000	14
		PL60           		CODE           	3DC2	0000	24
		PL100          		CODE           	6AEC	0000	16
		PL32           		CODE           	2BCC	0000	20
		PL70           		CODE           	6AC6	0000	20
		PL42           		CODE           	6A4A	0000	26
		PL80           		CODE           	2BF2	0000	20
		PL110          		CODE           	6AFC	0000	16
		PL14           		CODE           	2E3E	0000	46
		PL52           		CODE           	1D08	0000	14
		PL90           		CODE           	2C06	0000	18
		PL24           		CODE           	52A4	0000	38
		PL62           		CODE           	6AB0	0000	22
		PL120          		CODE           	3FE0	0000	14
		PL34           		CODE           	3DA4	0000	30
		PL72           		CODE           	5308	0000	20
		__stringdata   		MEDIUMCONST    	6BB4	0000	4427
		PL44           		CODE           	6A64	0000	26
		PL82           		CODE           	28F2	0000	20
		PL130          		CODE           	5338	0000	10
		PL16           		CODE           	69FA	0000	26
		PL54           		CODE           	52E4	0000	22
		PL92           		CODE           	2D2E	0000	18
		PL26           		CODE           	6A14	0000	16
		PL64           		CODE           	19F4	0000	22
		PL102          		CODE           	532E	0000	10
		PL36           		CODE           	6A38	0000	18
		PL74           		CODE           	2D08	0000	18
		PL46           		CODE           	6A7E	0000	26
		PL84           		CODE           	4818	0000	18
		_dpowers       		MEDIUMCONST    	6B6C	0000	40
		PL112          		CODE           	6B0C	0000	16
		PL18           		CODE           	5294	0000	16
		PL56           		CODE           	6A98	0000	24
		PL94           		CODE           	1E50	0000	18
		PL28           		CODE           	36D4	0000	16
		PL66           		CODE           	52FA	0000	14
		PL122          		CODE           	206E	0000	12
		PL38           		CODE           	244E	0000	28
		PL76           		CODE           	2D1A	0000	20
		PL48           		CODE           	52CA	0000	26
		PL86           		CODE           	6ADA	0000	18
		PL58           		CODE           	2BE0	0000	18
		PL96           		CODE           	531C	0000	18
		PL68           		CODE           	2CF4	0000	20
		PL104          		CODE           	2130	0000	14
		PL78           		CODE           	2616	0000	20
		PL88           		CODE           	36E4	0000	18
		PL114          		CODE           	387A	0000	14
		PL98           		CODE           	4BEA	0000	12
		PL124          		CODE           	1178	0000	14
		__initializatio		CODE           	133C	0000	76
		_octpowers     		MEDIUMCONST    	6B3C	0000	48
		PL106          		CODE           	0F62	0000	16
		PL116          		CODE           	6B1C	0000	16
		PL126          		CODE           	30DA	0000	14
		_hexpowers     		MEDIUMCONST    	6B94	0000	32
		PL108          		CODE           	2536	0000	14
		PL118          		CODE           	6B2C	0000	16
		i1_WriteTimer0 		CODE           	0D74	0000	18
		PL128          		CODE           	2C18	0000	10
		PL2            		CODE           	6976	0000	16
		PL10           		CODE           	5276	0000	30
		PL4            		CODE           	6986	0000	14
		PL20           		CODE           	1B28	0000	14
		PL30           		CODE           	6A24	0000	20
		PL6            		CODE           	6994	0000	28
		PL40           		CODE           	2CE6	0000	14

shared estimated size: 5937

C:\Program Files (x86)\Microchip\xc8\v1.21\sources\common\doprnt.c
		_sprintf       		CODE           	4BF6	0000	1664

C:\Program Files (x86)\Microchip\xc8\v1.21\sources\common\doprnt.c estimated size: 1664

C:\Program Files (x86)\Microchip\xc8\v1.21\sources\common\strcspn.c
		_strcspn       		CODE           	120E	0000	70

C:\Program Files (x86)\Microchip\xc8\v1.21\sources\common\strcspn.c estimated size: 70

C:\Program Files (x86)\Microchip\xc8\v1.21\sources\common\strnicmp.c
		_strnicmp      		CODE           	15C0	0000	108

C:\Program Files (x86)\Microchip\xc8\v1.21\sources\common\strnicmp.c estimated size: 108

C:\Program Files (x86)\Microchip\xc8\v1.21\sources\common\llmod.c
		___llmod       		CODE           	155E	0000	98

C:\Program Files (x86)\Microchip\xc8\v1.21\sources\common\llmod.c estimated size: 98

C:\Program Files (x86)\Microchip\xc8\v1.21\sources\pic18\plib\EEP\write_B.c
		_Write_b_eep   		CODE           	0F72	0000	52

C:\Program Files (x86)\Microchip\xc8\v1.21\sources\pic18\plib\EEP\write_B.c estimated size: 52

C:\Program Files (x86)\Microchip\xc8\v1.21\sources\common\isdigit.c
		_isdigit       		CODE           	0E30	0000	30

C:\Program Files (x86)\Microchip\xc8\v1.21\sources\common\isdigit.c estimated size: 30

C:\Program Files (x86)\Microchip\xc8\v1.21\sources\common\strcpy.c
		_strcpy        		CODE           	0EE2	0000	46

C:\Program Files (x86)\Microchip\xc8\v1.21\sources\common\strcpy.c estimated size: 46

C:\Program Files (x86)\Microchip\xc8\v1.21\sources\common\lldiv.c
		___lldiv       		CODE           	1784	0000	118

C:\Program Files (x86)\Microchip\xc8\v1.21\sources\common\lldiv.c estimated size: 118

C:\Program Files (x86)\Microchip\xc8\v1.21\sources\common\itoa.c
		_itoa          		CODE           	0FA6	0000	56
		_utoa          		CODE           	1BD2	0000	160

C:\Program Files (x86)\Microchip\xc8\v1.21\sources\common\itoa.c estimated size: 216

C:\Program Files (x86)\Microchip\xc8\v1.21\sources\pic18\plib\USART\uread.c
		_ReadUSART     		CODE           	0E6C	0000	32

C:\Program Files (x86)\Microchip\xc8\v1.21\sources\pic18\plib\USART\uread.c estimated size: 32

C:\Program Files (x86)\Microchip\xc8\v1.21\sources\pic18\plib\Timers\t0open.c
		_OpenTimer0    		CODE           	0E12	0000	30

C:\Program Files (x86)\Microchip\xc8\v1.21\sources\pic18\plib\Timers\t0open.c estimated size: 30

C:\Program Files (x86)\Microchip\xc8\v1.21\sources\pic18\plib\EEP\busy_eep.c
		_Busy_eep      		CODE           	0D66	0000	6

C:\Program Files (x86)\Microchip\xc8\v1.21\sources\pic18\plib\EEP\busy_eep.c estimated size: 6

main.c
		_sendEscapedUar		CODE           	14FE	0000	96
		_readRegister  		CODE           	213E	0000	200
		_init          		CODE           	1392	0000	88
		_receivePrintEv		CODE           	44F4	0000	804
		_receiveSendEve		CODE           	36F6	0000	388
		_findNodes     		CODE           	2E6C	0000	304
		_getVSCPFrame  		CODE           	18F4	0000	136
		_writeRegisterE		CODE           	2906	0000	256
		_calcCRC       		CODE           	0F10	0000	48
		_Interrupt     		CODE           	0018	0000	822
		_vscp_restoreDe		CODE           	0D6C	0000	8
		_getCANFrame   		CODE           	1E62	0000	168
		_main          		CODE           	3888	0000	432
		_readRegisterEx		CODE           	2714	0000	246
		_sendVSCPDriver		CODE           	246A	0000	204
		_printNodeFirmw		CODE           	2206	0000	200
		_sendVSCPFrame 		CODE           	1F0A	0000	182
		_sendVSCPDriver		CODE           	1D16	0000	150
		_init_app_eepro		CODE           	22CE	0000	202
		_sendCANFrame  		CODE           	1016	0000	58
		_doModeSLCAN   		CODE           	482A	0000	960
		_setFilter     		CODE           	3FEE	0000	586
		_printMode     		CODE           	169C	0000	114
		_doModeVscp    		CODE           	3A38	0000	454
		_receiveSendMul		CODE           	3566	0000	366
		_checkCANBusSta		CODE           	0E4E	0000	30
		_printGUID     		CODE           	280A	0000	232
		_printStatistic		CODE           	33D6	0000	400
		_printBinary   		CODE           	129E	0000	74
		_sendVSCPDriver		CODE           	1C72	0000	150
		_doModeVerbose 		CODE           	5342	0000	5684
		_receiveVSCPMod		CODE           	0D62	0000	2
		_doModeVscpNode		CODE           	0D64	0000	2
		_printFirmwareV		CODE           	197C	0000	120
		_sendVSCPDriver		CODE           	207A	0000	182
		_sendVSCPModeCa		CODE           	1FC0	0000	174
		_printErrors   		CODE           	424E	0000	678
		_receiveSendEve		CODE           	2F9C	0000	318
		_init_app_ram  		CODE           	3BFE	0000	422
		_printHelp     		CODE           	3256	0000	384
		_printMDF      		CODE           	1AA0	0000	136
		_receiveVSCPMod		CODE           	262A	0000	234

main.c estimated size: 16694

C:\Program Files (x86)\Microchip\xc8\v1.21\sources\pic18\plib\Timers\t3open.c
		_OpenTimer3    		CODE           	0E8C	0000	40

C:\Program Files (x86)\Microchip\xc8\v1.21\sources\pic18\plib\Timers\t3open.c estimated size: 40

C:\Program Files (x86)\Microchip\xc8\v1.21\sources\common\strichr.c
		_strichr       		CODE           	10CA	0000	62

C:\Program Files (x86)\Microchip\xc8\v1.21\sources\common\strichr.c estimated size: 62

C:\Program Files (x86)\Microchip\xc8\v1.21\sources\common\strlen.c
		_strlen        		CODE           	1050	0000	60

C:\Program Files (x86)\Microchip\xc8\v1.21\sources\common\strlen.c estimated size: 60

crc8.c
		_crc8          		CODE           	0FDE	0000	56
		_init_crc8     		CODE           	162C	0000	112

crc8.c estimated size: 168

C:\Program Files (x86)\Microchip\xc8\v1.21\sources\common\memcpy.c
		_memcpy        		CODE           	1186	0000	66

C:\Program Files (x86)\Microchip\xc8\v1.21\sources\common\memcpy.c estimated size: 66

C:\Program Files (x86)\Microchip\xc8\v1.21\sources\common\strtok.c
		_strtok        		CODE           	1A0A	0000	150

C:\Program Files (x86)\Microchip\xc8\v1.21\sources\common\strtok.c estimated size: 150

fifo.c
		_fifo_write    		CODE           	2D40	0000	254
		_fifo_read     		CODE           	2398	0000	182
		_fifo_init     		CODE           	1146	0000	50
		_fifo_getFree  		CODE           	1DBA	0000	150

fifo.c estimated size: 636

C:\Program Files (x86)\Microchip\xc8\v1.21\sources\common\strspn.c
		_strspn        		CODE           	11C8	0000	70

C:\Program Files (x86)\Microchip\xc8\v1.21\sources\common\strspn.c estimated size: 70

ECAN.c
		_ECANReceiveMes		CODE           	3DDA	0000	518
		__RegsToCANID  		CODE           	2C22	0000	196
		__ECANPointBuff		CODE           	170E	0000	118
		_ECANInitialize		CODE           	1874	0000	128
		__CANIDToRegs  		CODE           	2B10	0000	188
		_ECANSetOperati		CODE           	0DFA	0000	24
		_ECANSendMessag		CODE           	30E8	0000	366

ECAN.c estimated size: 1538

C:\Program Files (x86)\Microchip\xc8\v1.21\sources\pic18\plib\USART\uwrite.c
		_WriteUSART    		CODE           	0DCE	0000	22

C:\Program Files (x86)\Microchip\xc8\v1.21\sources\pic18\plib\USART\uwrite.c estimated size: 22

C:\Program Files (x86)\Microchip\xc8\v1.21\sources\pic18\plib\USART\uputs.c
		_putsUSART     		CODE           	12E8	0000	84

C:\Program Files (x86)\Microchip\xc8\v1.21\sources\pic18\plib\USART\uputs.c estimated size: 84

C:\Program Files (x86)\Microchip\xc8\v1.21\sources\pic18\plib\USART\uopen.c
		_OpenUSART     		CODE           	1444	0000	92

C:\Program Files (x86)\Microchip\xc8\v1.21\sources\pic18\plib\USART\uopen.c estimated size: 92

C:\Program Files (x86)\Microchip\xc8\v1.21\sources\common\lwmod.c
		___lwmod       		CODE           	108C	0000	62

C:\Program Files (x86)\Microchip\xc8\v1.21\sources\common\lwmod.c estimated size: 62

C:\Program Files (x86)\Microchip\xc8\v1.21\sources\common\atoi.c
		_atoi          		CODE           	2A06	0000	252

C:\Program Files (x86)\Microchip\xc8\v1.21\sources\common\atoi.c estimated size: 252

C:\Program Files (x86)\Microchip\xc8\v1.21\sources\common\strchr.c
		_strchr        		CODE           	14A0	0000	94

C:\Program Files (x86)\Microchip\xc8\v1.21\sources\common\strchr.c estimated size: 94

C:\Program Files (x86)\Microchip\xc8\v1.21\sources\common\toupper.c
		_toupper       		CODE           	0DE4	0000	22

C:\Program Files (x86)\Microchip\xc8\v1.21\sources\common\toupper.c estimated size: 22

C:\Program Files (x86)\Microchip\xc8\v1.21\sources\common\ltoa.c
		_ultoa         		CODE           	2544	0000	210

C:\Program Files (x86)\Microchip\xc8\v1.21\sources\common\ltoa.c estimated size: 210

C:\Program Files (x86)\Microchip\xc8\v1.21\sources\common\memset.c
		_memset        		CODE           	0EB4	0000	46

C:\Program Files (x86)\Microchip\xc8\v1.21\sources\common\memset.c estimated size: 46

